../Core/Src/main.c:101:11:LCD_IO_Init	8	static
../Core/Src/main.c:109:11:LCD_IO_WriteReg	16	static
../Core/Src/main.c:114:11:LCD_IO_WriteData	16	static
../Core/Src/main.c:127:6:ST7789H2_WriteReg	24	static
../Core/Src/main.c:148:6:ST7789H2_SetCursor	24	static
../Core/Src/main.c:174:6:ST7789H2_DrawHLine	32	static
../Core/Src/main.c:196:6:ST7789H2_DisplayOn	8	static
../Core/Src/main.c:207:10:LCD_IO_Delay	16	static
../Core/Src/main.c:218:6:ST7789H2_Init	24	static
../Core/Src/main.c:348:6:LCD_Fill	32	static
../Core/Src/main.c:362:5:main	16	static
../Core/Src/main.c:411:6:SystemClock_Config	88	static
../Core/Src/main.c:453:13:MX_SPI1_Init	8	static
../Core/Src/main.c:489:13:MX_DMA_Init	16	static
../Core/Src/main.c:507:13:MX_GPIO_Init	40	static
../Core/Src/main.c:535:6:Error_Handler	4	static,ignoring_inline_asm
