Archive member included to satisfy reference by file (symbol)

c:/st/stm32cubeide_1.9.0/stm32cubeide/plugins/com.st.stm32cube.ide.mcu.externaltools.gnu-tools-for-stm32.10.3-2021.10.win32_1.0.0.202111181127/tools/bin/../lib/gcc/arm-none-eabi/10.3.1/../../../../arm-none-eabi/lib/thumb/v7e-m+fp/hard\libc_nano.a(lib_a-clock.o)
                              ./Core/Src/logic.o (clock)
c:/st/stm32cubeide_1.9.0/stm32cubeide/plugins/com.st.stm32cube.ide.mcu.externaltools.gnu-tools-for-stm32.10.3-2021.10.win32_1.0.0.202111181127/tools/bin/../lib/gcc/arm-none-eabi/10.3.1/../../../../arm-none-eabi/lib/thumb/v7e-m+fp/hard\libc_nano.a(lib_a-errno.o)
                              ./Core/Src/syscalls.o (__errno)
c:/st/stm32cubeide_1.9.0/stm32cubeide/plugins/com.st.stm32cube.ide.mcu.externaltools.gnu-tools-for-stm32.10.3-2021.10.win32_1.0.0.202111181127/tools/bin/../lib/gcc/arm-none-eabi/10.3.1/../../../../arm-none-eabi/lib/thumb/v7e-m+fp/hard\libc_nano.a(lib_a-exit.o)
                              c:/st/stm32cubeide_1.9.0/stm32cubeide/plugins/com.st.stm32cube.ide.mcu.externaltools.gnu-tools-for-stm32.10.3-2021.10.win32_1.0.0.202111181127/tools/bin/../lib/gcc/arm-none-eabi/10.3.1/../../../../arm-none-eabi/lib/thumb/v7e-m+fp/hard/crt0.o (exit)
c:/st/stm32cubeide_1.9.0/stm32cubeide/plugins/com.st.stm32cube.ide.mcu.externaltools.gnu-tools-for-stm32.10.3-2021.10.win32_1.0.0.202111181127/tools/bin/../lib/gcc/arm-none-eabi/10.3.1/../../../../arm-none-eabi/lib/thumb/v7e-m+fp/hard\libc_nano.a(lib_a-impure.o)
                              c:/st/stm32cubeide_1.9.0/stm32cubeide/plugins/com.st.stm32cube.ide.mcu.externaltools.gnu-tools-for-stm32.10.3-2021.10.win32_1.0.0.202111181127/tools/bin/../lib/gcc/arm-none-eabi/10.3.1/../../../../arm-none-eabi/lib/thumb/v7e-m+fp/hard\libc_nano.a(lib_a-exit.o) (_global_impure_ptr)
c:/st/stm32cubeide_1.9.0/stm32cubeide/plugins/com.st.stm32cube.ide.mcu.externaltools.gnu-tools-for-stm32.10.3-2021.10.win32_1.0.0.202111181127/tools/bin/../lib/gcc/arm-none-eabi/10.3.1/../../../../arm-none-eabi/lib/thumb/v7e-m+fp/hard\libc_nano.a(lib_a-init.o)
                              c:/st/stm32cubeide_1.9.0/stm32cubeide/plugins/com.st.stm32cube.ide.mcu.externaltools.gnu-tools-for-stm32.10.3-2021.10.win32_1.0.0.202111181127/tools/bin/../lib/gcc/arm-none-eabi/10.3.1/../../../../arm-none-eabi/lib/thumb/v7e-m+fp/hard/crt0.o (__libc_init_array)
c:/st/stm32cubeide_1.9.0/stm32cubeide/plugins/com.st.stm32cube.ide.mcu.externaltools.gnu-tools-for-stm32.10.3-2021.10.win32_1.0.0.202111181127/tools/bin/../lib/gcc/arm-none-eabi/10.3.1/../../../../arm-none-eabi/lib/thumb/v7e-m+fp/hard\libc_nano.a(lib_a-memset.o)
                              c:/st/stm32cubeide_1.9.0/stm32cubeide/plugins/com.st.stm32cube.ide.mcu.externaltools.gnu-tools-for-stm32.10.3-2021.10.win32_1.0.0.202111181127/tools/bin/../lib/gcc/arm-none-eabi/10.3.1/../../../../arm-none-eabi/lib/thumb/v7e-m+fp/hard/crt0.o (memset)
c:/st/stm32cubeide_1.9.0/stm32cubeide/plugins/com.st.stm32cube.ide.mcu.externaltools.gnu-tools-for-stm32.10.3-2021.10.win32_1.0.0.202111181127/tools/bin/../lib/gcc/arm-none-eabi/10.3.1/../../../../arm-none-eabi/lib/thumb/v7e-m+fp/hard\libc_nano.a(lib_a-rand.o)
                              ./Core/Src/logic.o (srand)
c:/st/stm32cubeide_1.9.0/stm32cubeide/plugins/com.st.stm32cube.ide.mcu.externaltools.gnu-tools-for-stm32.10.3-2021.10.win32_1.0.0.202111181127/tools/bin/../lib/gcc/arm-none-eabi/10.3.1/../../../../arm-none-eabi/lib/thumb/v7e-m+fp/hard\libc_nano.a(lib_a-timesr.o)
                              c:/st/stm32cubeide_1.9.0/stm32cubeide/plugins/com.st.stm32cube.ide.mcu.externaltools.gnu-tools-for-stm32.10.3-2021.10.win32_1.0.0.202111181127/tools/bin/../lib/gcc/arm-none-eabi/10.3.1/../../../../arm-none-eabi/lib/thumb/v7e-m+fp/hard\libc_nano.a(lib_a-clock.o) (_times_r)
c:/st/stm32cubeide_1.9.0/stm32cubeide/plugins/com.st.stm32cube.ide.mcu.externaltools.gnu-tools-for-stm32.10.3-2021.10.win32_1.0.0.202111181127/tools/bin/../lib/gcc/arm-none-eabi/10.3.1/../../../../arm-none-eabi/lib/thumb/v7e-m+fp/hard\libc_nano.a(lib_a-assert.o)
                              c:/st/stm32cubeide_1.9.0/stm32cubeide/plugins/com.st.stm32cube.ide.mcu.externaltools.gnu-tools-for-stm32.10.3-2021.10.win32_1.0.0.202111181127/tools/bin/../lib/gcc/arm-none-eabi/10.3.1/../../../../arm-none-eabi/lib/thumb/v7e-m+fp/hard\libc_nano.a(lib_a-rand.o) (__assert_func)
c:/st/stm32cubeide_1.9.0/stm32cubeide/plugins/com.st.stm32cube.ide.mcu.externaltools.gnu-tools-for-stm32.10.3-2021.10.win32_1.0.0.202111181127/tools/bin/../lib/gcc/arm-none-eabi/10.3.1/../../../../arm-none-eabi/lib/thumb/v7e-m+fp/hard\libc_nano.a(lib_a-fprintf.o)
                              c:/st/stm32cubeide_1.9.0/stm32cubeide/plugins/com.st.stm32cube.ide.mcu.externaltools.gnu-tools-for-stm32.10.3-2021.10.win32_1.0.0.202111181127/tools/bin/../lib/gcc/arm-none-eabi/10.3.1/../../../../arm-none-eabi/lib/thumb/v7e-m+fp/hard\libc_nano.a(lib_a-assert.o) (fiprintf)
[...]
Memory Configuration

Name             Origin             Length             Attributes
RAM              0x0000000020000000 0x0000000000020000 xrw
FLASH            0x0000000008000000 0x0000000000080000 xr
*default*        0x0000000000000000 0xffffffffffffffff

Linker script and memory map

LOAD c:/st/stm32cubeide_1.9.0/stm32cubeide/plugins/com.st.stm32cube.ide.mcu.externaltools.gnu-tools-for-stm32.10.3-2021.10.win32_1.0.0.202111181127/tools/bin/../lib/gcc/arm-none-eabi/10.3.1/thumb/v7e-m+fp/hard/crti.o
LOAD c:/st/stm32cubeide_1.9.0/stm32cubeide/plugins/com.st.stm32cube.ide.mcu.externaltools.gnu-tools-for-stm32.10.3-2021.10.win32_1.0.0.202111181127/tools/bin/../lib/gcc/arm-none-eabi/10.3.1/thumb/v7e-m+fp/hard/crtbegin.o
LOAD c:/st/stm32cubeide_1.9.0/stm32cubeide/plugins/com.st.stm32cube.ide.mcu.externaltools.gnu-tools-for-stm32.10.3-2021.10.win32_1.0.0.202111181127/tools/bin/../lib/gcc/arm-none-eabi/10.3.1/../../../../arm-none-eabi/lib/thumb/v7e-m+fp/hard/crt0.o
LOAD ./Core/Src/logic.o
LOAD ./Core/Src/main.o
LOAD ./Core/Src/render.o
LOAD ./Core/Src/stm32f4xx_hal_msp.o
LOAD ./Core/Src/stm32f4xx_it.o
LOAD ./Core/Src/syscalls.o
LOAD ./Core/Src/sysmem.o
LOAD ./Core/Src/system_stm32f4xx.o
LOAD ./Core/Startup/startup_stm32f446retx.o
LOAD ./Drivers/STM32F4xx_HAL_Driver/Src/stm32f4xx_hal.o
LOAD ./Drivers/STM32F4xx_HAL_Driver/Src/stm32f4xx_hal_cortex.o
LOAD ./Drivers/STM32F4xx_HAL_Driver/Src/stm32f4xx_hal_dma.o
LOAD ./Drivers/STM32F4xx_HAL_Driver/Src/stm32f4xx_hal_dma_ex.o
LOAD ./Drivers/STM32F4xx_HAL_Driver/Src/stm32f4xx_hal_exti.o
LOAD ./Drivers/STM32F4xx_HAL_Driver/Src/stm32f4xx_hal_flash.o
LOAD ./Drivers/STM32F4xx_HAL_Driver/Src/stm32f4xx_hal_flash_ex.o
LOAD ./Drivers/STM32F4xx_HAL_Driver/Src/stm32f4xx_hal_flash_ramfunc.o
LOAD ./Drivers/STM32F4xx_HAL_Driver/Src/stm32f4xx_hal_gpio.o
LOAD ./Drivers/STM32F4xx_HAL_Driver/Src/stm32f4xx_hal_pwr.o
LOAD ./Drivers/STM32F4xx_HAL_Driver/Src/stm32f4xx_hal_pwr_ex.o
LOAD ./Drivers/STM32F4xx_HAL_Driver/Src/stm32f4xx_hal_rcc.o
LOAD ./Drivers/STM32F4xx_HAL_Driver/Src/stm32f4xx_hal_rcc_ex.o
LOAD ./Drivers/STM32F4xx_HAL_Driver/Src/stm32f4xx_hal_tim.o
LOAD ./Drivers/STM32F4xx_HAL_Driver/Src/stm32f4xx_hal_tim_ex.o
START GROUP
LOAD c:/st/stm32cubeide_1.9.0/stm32cubeide/plugins/com.st.stm32cube.ide.mcu.externaltools.gnu-tools-for-stm32.10.3-2021.10.win32_1.0.0.202111181127/tools/bin/../lib/gcc/arm-none-eabi/10.3.1/../../../../arm-none-eabi/lib/thumb/v7e-m+fp/hard\libc_nano.a
LOAD c:/st/stm32cubeide_1.9.0/stm32cubeide/plugins/com.st.stm32cube.ide.mcu.externaltools.gnu-tools-for-stm32.10.3-2021.10.win32_1.0.0.202111181127/tools/bin/../lib/gcc/arm-none-eabi/10.3.1/../../../../arm-none-eabi/lib/thumb/v7e-m+fp/hard\libm.a
END GROUP
START GROUP
LOAD c:/st/stm32cubeide_1.9.0/stm32cubeide/plugins/com.st.stm32cube.ide.mcu.externaltools.gnu-tools-for-stm32.10.3-2021.10.win32_1.0.0.202111181127/tools/bin/../lib/gcc/arm-none-eabi/10.3.1/thumb/v7e-m+fp/hard\libgcc.a
LOAD c:/st/stm32cubeide_1.9.0/stm32cubeide/plugins/com.st.stm32cube.ide.mcu.externaltools.gnu-tools-for-stm32.10.3-2021.10.win32_1.0.0.202111181127/tools/bin/../lib/gcc/arm-none-eabi/10.3.1/../../../../arm-none-eabi/lib/thumb/v7e-m+fp/hard\libc_nano.a
END GROUP
START GROUP
LOAD c:/st/stm32cubeide_1.9.0/stm32cubeide/plugins/com.st.stm32cube.ide.mcu.externaltools.gnu-tools-for-stm32.10.3-2021.10.win32_1.0.0.202111181127/tools/bin/../lib/gcc/arm-none-eabi/10.3.1/thumb/v7e-m+fp/hard\libgcc.a
LOAD c:/st/stm32cubeide_1.9.0/stm32cubeide/plugins/com.st.stm32cube.ide.mcu.externaltools.gnu-tools-for-stm32.10.3-2021.10.win32_1.0.0.202111181127/tools/bin/../lib/gcc/arm-none-eabi/10.3.1/../../../../arm-none-eabi/lib/thumb/v7e-m+fp/hard\libc_nano.a
LOAD c:/st/stm32cubeide_1.9.0/stm32cubeide/plugins/com.st.stm32cube.ide.mcu.externaltools.gnu-tools-for-stm32.10.3-2021.10.win32_1.0.0.202111181127/tools/bin/../lib/gcc/arm-none-eabi/10.3.1/../../../../arm-none-eabi/lib/thumb/v7e-m+fp/hard\libnosys.a
END GROUP
START GROUP
LOAD c:/st/stm32cubeide_1.9.0/stm32cubeide/plugins/com.st.stm32cube.ide.mcu.externaltools.gnu-tools-for-stm32.10.3-2021.10.win32_1.0.0.202111181127/tools/bin/../lib/gcc/arm-none-eabi/10.3.1/thumb/v7e-m+fp/hard\libgcc.a
LOAD c:/st/stm32cubeide_1.9.0/stm32cubeide/plugins/com.st.stm32cube.ide.mcu.externaltools.gnu-tools-for-stm32.10.3-2021.10.win32_1.0.0.202111181127/tools/bin/../lib/gcc/arm-none-eabi/10.3.1/../../../../arm-none-eabi/lib/thumb/v7e-m+fp/hard\libc_nano.a
LOAD c:/st/stm32cubeide_1.9.0/stm32cubeide/plugins/com.st.stm32cube.ide.mcu.externaltools.gnu-tools-for-stm32.10.3-2021.10.win32_1.0.0.202111181127/tools/bin/../lib/gcc/arm-none-eabi/10.3.1/../../../../arm-none-eabi/lib/thumb/v7e-m+fp/hard\libnosys.a
END GROUP
LOAD c:/st/stm32cubeide_1.9.0/stm32cubeide/plugins/com.st.stm32cube.ide.mcu.externaltools.gnu-tools-for-stm32.10.3-2021.10.win32_1.0.0.202111181127/tools/bin/../lib/gcc/arm-none-eabi/10.3.1/thumb/v7e-m+fp/hard/crtend.o
LOAD c:/st/stm32cubeide_1.9.0/stm32cubeide/plugins/com.st.stm32cube.ide.mcu.externaltools.gnu-tools-for-stm32.10.3-2021.10.win32_1.0.0.202111181127/tools/bin/../lib/gcc/arm-none-eabi/10.3.1/thumb/v7e-m+fp/hard/crtn.o
                0x0000000020020000                _estack = (ORIGIN (RAM) + LENGTH (RAM))
                0x0000000000000200                _Min_Heap_Size = 0x200
                0x0000000000000400                _Min_Stack_Size = 0x400

.isr_vector     0x0000000008000000      0x1c4
                0x0000000008000000                . = ALIGN (0x4)
 *(.isr_vector)
 .isr_vector    0x0000000008000000      0x1c4 ./Core/Startup/startup_stm32f446retx.o
                0x0000000008000000                g_pfnVectors
                0x00000000080001c4                . = ALIGN (0x4)

.text           0x00000000080001d0     0x3318
                0x00000000080001d0                . = ALIGN (0x4)
 *(.text)
 .text          0x00000000080001d0       0x40 c:/st/stm32cubeide_1.9.0/stm32cubeide/plugins/com.st.stm32cube.ide.mcu.externaltools.gnu-tools-for-stm32.10.3-2021.10.win32_1.0.0.202111181127/tools/bin/../lib/gcc/arm-none-eabi/10.3.1/thumb/v7e-m+fp/hard/crtbegin.o
 .text          0x0000000008000210       0xa0 c:/st/stm32cubeide_1.9.0/stm32cubeide/plugins/com.st.stm32cube.ide.mcu.externaltools.gnu-tools-for-stm32.10.3-2021.10.win32_1.0.0.202111181127/tools/bin/../lib/gcc/arm-none-eabi/10.3.1/../../../../arm-none-eabi/lib/thumb/v7e-m+fp/hard\libc_nano.a(lib_a-memchr.o)
                0x0000000008000210                memchr
 .text          0x00000000080002b0       0x30 c:/st/stm32cubeide_1.9.0/stm32cubeide/plugins/com.st.stm32cube.ide.mcu.externaltools.gnu-tools-for-stm32.10.3-2021.10.win32_1.0.0.202111181127/tools/bin/../lib/gcc/arm-none-eabi/10.3.1/thumb/v7e-m+fp/hard\libgcc.a(_aeabi_uldivmod.o)
                0x00000000080002b0                __aeabi_uldivmod
 .text          0x00000000080002e0      0x2d0 c:/st/stm32cubeide_1.9.0/stm32cubeide/plugins/com.st.stm32cube.ide.mcu.externaltools.gnu-tools-for-stm32.10.3-2021.10.win32_1.0.0.202111181127/tools/bin/../lib/gcc/arm-none-eabi/10.3.1/thumb/v7e-m+fp/hard\libgcc.a(_udivmoddi4.o)
                0x00000000080002e0                __udivmoddi4
 .text          0x00000000080005b0        0x4 c:/st/stm32cubeide_1.9.0/stm32cubeide/plugins/com.st.stm32cube.ide.mcu.externaltools.gnu-tools-for-stm32.10.3-2021.10.win32_1.0.0.202111181127/tools/bin/../lib/gcc/arm-none-eabi/10.3.1/thumb/v7e-m+fp/hard\libgcc.a(_dvmd_tls.o)
                0x00000000080005b0                __aeabi_idiv0
                0x00000000080005b0                __aeabi_ldiv0
 *(.text*)
 .text.generate_apple
                0x00000000080005b4       0x94 ./Core/Src/logic.o
                0x00000000080005b4                generate_apple
 .text.set_direction
                0x0000000008000648       0xac ./Core/Src/logic.o
                0x0000000008000648                set_direction
 .text.move_snake
                0x00000000080006f4      0x13c ./Core/Src/logic.o
                0x00000000080006f4                move_snake
 .text.end_game
                0x0000000008000830       0x40 ./Core/Src/logic.o
                0x0000000008000830                end_game
 .text.check_intersection
                0x0000000008000870       0x5c ./Core/Src/logic.o
                0x0000000008000870                check_intersection
 .text.check_apple
                0x00000000080008cc       0x3c ./Core/Src/logic.o
                0x00000000080008cc                check_apple
 .text.longer_snake
                0x0000000008000908      0x14c ./Core/Src/logic.o
                0x0000000008000908                longer_snake
 .text.setup_snake
                0x0000000008000a54       0x58 ./Core/Src/logic.o
                0x0000000008000a54                setup_snake
 .text.run_snake
                0x0000000008000aac       0x40 ./Core/Src/logic.o
                0x0000000008000aac                run_snake
 .text.main     0x0000000008000aec       0x1a ./Core/Src/main.o
                0x0000000008000aec                main
 *fill*         0x0000000008000b06        0x2 
 .text.SystemClock_Config
                0x0000000008000b08       0xc0 ./Core/Src/main.o
                0x0000000008000b08                SystemClock_Config
 .text.MX_GPIO_Init
                0x0000000008000bc8      0x174 ./Core/Src/main.o
 .text.HAL_GPIO_EXTI_Callback
                0x0000000008000d3c       0x56 ./Core/Src/main.o
                0x0000000008000d3c                HAL_GPIO_EXTI_Callback
 .text.Error_Handler
                0x0000000008000d92        0xa ./Core/Src/main.o
                0x0000000008000d92                Error_Handler
 .text.draw_columns
                0x0000000008000d9c       0xd0 ./Core/Src/render.o
                0x0000000008000d9c                draw_columns
 .text.render_snake
                0x0000000008000e6c       0xb4 ./Core/Src/render.o
                0x0000000008000e6c                render_snake
 .text.HAL_MspInit
                0x0000000008000f20       0x50 ./Core/Src/stm32f4xx_hal_msp.o
                0x0000000008000f20                HAL_MspInit
 .text.NMI_Handler
                0x0000000008000f70        0x6 ./Core/Src/stm32f4xx_it.o
                0x0000000008000f70                NMI_Handler
 .text.HardFault_Handler
                0x0000000008000f76        0x6 ./Core/Src/stm32f4xx_it.o
                0x0000000008000f76                HardFault_Handler
 .text.MemManage_Handler
                0x0000000008000f7c        0x6 ./Core/Src/stm32f4xx_it.o
                0x0000000008000f7c                MemManage_Handler
 .text.BusFault_Handler
                0x0000000008000f82        0x6 ./Core/Src/stm32f4xx_it.o
                0x0000000008000f82                BusFault_Handler
 .text.UsageFault_Handler
                0x0000000008000f88        0x6 ./Core/Src/stm32f4xx_it.o
                0x0000000008000f88                UsageFault_Handler
 .text.SVC_Handler
                0x0000000008000f8e        0xe ./Core/Src/stm32f4xx_it.o
                0x0000000008000f8e                SVC_Handler
 .text.DebugMon_Handler
                0x0000000008000f9c        0xe ./Core/Src/stm32f4xx_it.o
                0x0000000008000f9c                DebugMon_Handler
 .text.PendSV_Handler
                0x0000000008000faa        0xe ./Core/Src/stm32f4xx_it.o
                0x0000000008000faa                PendSV_Handler
 .text.SysTick_Handler
                0x0000000008000fb8        0xc ./Core/Src/stm32f4xx_it.o
                0x0000000008000fb8                SysTick_Handler
 .text.EXTI3_IRQHandler
                0x0000000008000fc4       0x14 ./Core/Src/stm32f4xx_it.o
                0x0000000008000fc4                EXTI3_IRQHandler
 .text.EXTI4_IRQHandler
                0x0000000008000fd8       0x14 ./Core/Src/stm32f4xx_it.o
                0x0000000008000fd8                EXTI4_IRQHandler
 .text.EXTI9_5_IRQHandler
                0x0000000008000fec       0x18 ./Core/Src/stm32f4xx_it.o
                0x0000000008000fec                EXTI9_5_IRQHandler
 .text.EXTI15_10_IRQHandler
                0x0000000008001004       0x18 ./Core/Src/stm32f4xx_it.o
                0x0000000008001004                EXTI15_10_IRQHandler
 .text._getpid  0x000000000800101c       0x10 ./Core/Src/syscalls.o
                0x000000000800101c                _getpid
 .text._kill    0x000000000800102c       0x20 ./Core/Src/syscalls.o
                0x000000000800102c                _kill
 .text._exit    0x000000000800104c       0x14 ./Core/Src/syscalls.o
                0x000000000800104c                _exit
 .text._read    0x0000000008001060       0x3a ./Core/Src/syscalls.o
                0x0000000008001060                _read
 .text._write   0x000000000800109a       0x38 ./Core/Src/syscalls.o
                0x000000000800109a                _write
 .text._close   0x00000000080010d2       0x18 ./Core/Src/syscalls.o
                0x00000000080010d2                _close
 .text._fstat   0x00000000080010ea       0x20 ./Core/Src/syscalls.o
                0x00000000080010ea                _fstat
 .text._isatty  0x000000000800110a       0x16 ./Core/Src/syscalls.o
                0x000000000800110a                _isatty
 .text._lseek   0x0000000008001120       0x1a ./Core/Src/syscalls.o
                0x0000000008001120                _lseek
 .text._times   0x000000000800113a       0x18 ./Core/Src/syscalls.o
                0x000000000800113a                _times
 *fill*         0x0000000008001152        0x2 
 .text._sbrk    0x0000000008001154       0x6c ./Core/Src/sysmem.o
                0x0000000008001154                _sbrk
 .text.SystemInit
                0x00000000080011c0       0x24 ./Core/Src/system_stm32f4xx.o
                0x00000000080011c0                SystemInit
 .text.Reset_Handler
                0x00000000080011e4       0x50 ./Core/Startup/startup_stm32f446retx.o
                0x00000000080011e4                Reset_Handler
 .text.Default_Handler
                0x0000000008001234        0x2 ./Core/Startup/startup_stm32f446retx.o
                0x0000000008001234                RTC_Alarm_IRQHandler
                0x0000000008001234                EXTI2_IRQHandler
                0x0000000008001234                TIM8_CC_IRQHandler
                0x0000000008001234                FMPI2C1_EV_IRQHandler
                0x0000000008001234                SPI4_IRQHandler
                0x0000000008001234                TIM1_CC_IRQHandler
                0x0000000008001234                DMA2_Stream5_IRQHandler
                0x0000000008001234                DMA1_Stream5_IRQHandler
                0x0000000008001234                PVD_IRQHandler
                0x0000000008001234                SDIO_IRQHandler
                0x0000000008001234                TAMP_STAMP_IRQHandler
                0x0000000008001234                CAN2_RX1_IRQHandler
                0x0000000008001234                TIM8_TRG_COM_TIM14_IRQHandler
                0x0000000008001234                TIM1_UP_TIM10_IRQHandler
                0x0000000008001234                TIM8_UP_TIM13_IRQHandler
                0x0000000008001234                I2C3_ER_IRQHandler
                0x0000000008001234                EXTI0_IRQHandler
                0x0000000008001234                I2C2_EV_IRQHandler
                0x0000000008001234                DMA1_Stream2_IRQHandler
                0x0000000008001234                CAN1_RX0_IRQHandler
                0x0000000008001234                FPU_IRQHandler
                0x0000000008001234                OTG_HS_WKUP_IRQHandler
                0x0000000008001234                CAN2_SCE_IRQHandler
                0x0000000008001234                DMA2_Stream2_IRQHandler
                0x0000000008001234                SPI1_IRQHandler
                0x0000000008001234                TIM6_DAC_IRQHandler
                0x0000000008001234                TIM1_BRK_TIM9_IRQHandler
                0x0000000008001234                DCMI_IRQHandler
                0x0000000008001234                CAN2_RX0_IRQHandler
                0x0000000008001234                DMA2_Stream3_IRQHandler
                0x0000000008001234                SAI2_IRQHandler
                0x0000000008001234                USART6_IRQHandler
                0x0000000008001234                USART3_IRQHandler
                0x0000000008001234                CAN1_RX1_IRQHandler
                0x0000000008001234                UART5_IRQHandler
                0x0000000008001234                DMA2_Stream0_IRQHandler
                0x0000000008001234                TIM4_IRQHandler
                0x0000000008001234                QUADSPI_IRQHandler
                0x0000000008001234                I2C1_EV_IRQHandler
                0x0000000008001234                DMA1_Stream6_IRQHandler
                0x0000000008001234                DMA1_Stream1_IRQHandler
                0x0000000008001234                UART4_IRQHandler
                0x0000000008001234                TIM3_IRQHandler
                0x0000000008001234                RCC_IRQHandler
                0x0000000008001234                TIM8_BRK_TIM12_IRQHandler
                0x0000000008001234                Default_Handler
                0x0000000008001234                CEC_IRQHandler
                0x0000000008001234                ADC_IRQHandler
                0x0000000008001234                DMA1_Stream7_IRQHandler
                0x0000000008001234                TIM7_IRQHandler
                0x0000000008001234                CAN2_TX_IRQHandler
                0x0000000008001234                TIM5_IRQHandler
                0x0000000008001234                DMA2_Stream7_IRQHandler
                0x0000000008001234                I2C3_EV_IRQHandler
                0x0000000008001234                RTC_WKUP_IRQHandler
                0x0000000008001234                SPDIF_RX_IRQHandler
                0x0000000008001234                SPI2_IRQHandler
                0x0000000008001234                OTG_HS_EP1_IN_IRQHandler
                0x0000000008001234                DMA1_Stream0_IRQHandler
                0x0000000008001234                CAN1_TX_IRQHandler
                0x0000000008001234                FMPI2C1_ER_IRQHandler
                0x0000000008001234                OTG_HS_EP1_OUT_IRQHandler
                0x0000000008001234                WWDG_IRQHandler
                0x0000000008001234                TIM2_IRQHandler
                0x0000000008001234                OTG_FS_WKUP_IRQHandler
                0x0000000008001234                TIM1_TRG_COM_TIM11_IRQHandler
                0x0000000008001234                OTG_HS_IRQHandler
                0x0000000008001234                EXTI1_IRQHandler
                0x0000000008001234                USART2_IRQHandler
                0x0000000008001234                I2C2_ER_IRQHandler
                0x0000000008001234                DMA2_Stream1_IRQHandler
                0x0000000008001234                CAN1_SCE_IRQHandler
                0x0000000008001234                FLASH_IRQHandler
                0x0000000008001234                DMA2_Stream4_IRQHandler
                0x0000000008001234                USART1_IRQHandler
                0x0000000008001234                OTG_FS_IRQHandler
                0x0000000008001234                SPI3_IRQHandler
                0x0000000008001234                DMA1_Stream4_IRQHandler
                0x0000000008001234                I2C1_ER_IRQHandler
                0x0000000008001234                FMC_IRQHandler
                0x0000000008001234                DMA2_Stream6_IRQHandler
                0x0000000008001234                SAI1_IRQHandler
                0x0000000008001234                DMA1_Stream3_IRQHandler
 *fill*         0x0000000008001236        0x2 
 .text.HAL_Init
                0x0000000008001238       0x44 ./Drivers/STM32F4xx_HAL_Driver/Src/stm32f4xx_hal.o
                0x0000000008001238                HAL_Init
 .text.HAL_InitTick
                0x000000000800127c       0x60 ./Drivers/STM32F4xx_HAL_Driver/Src/stm32f4xx_hal.o
                0x000000000800127c                HAL_InitTick
 .text.HAL_IncTick
                0x00000000080012dc       0x28 ./Drivers/STM32F4xx_HAL_Driver/Src/stm32f4xx_hal.o
                0x00000000080012dc                HAL_IncTick
 .text.HAL_GetTick
                0x0000000008001304       0x18 ./Drivers/STM32F4xx_HAL_Driver/Src/stm32f4xx_hal.o
                0x0000000008001304                HAL_GetTick
 .text.HAL_Delay
                0x000000000800131c       0x48 ./Drivers/STM32F4xx_HAL_Driver/Src/stm32f4xx_hal.o
                0x000000000800131c                HAL_Delay
 .text.__NVIC_SetPriorityGrouping
                0x0000000008001364       0x48 ./Drivers/STM32F4xx_HAL_Driver/Src/stm32f4xx_hal_cortex.o
 .text.__NVIC_GetPriorityGrouping
                0x00000000080013ac       0x1c ./Drivers/STM32F4xx_HAL_Driver/Src/stm32f4xx_hal_cortex.o
 .text.__NVIC_EnableIRQ
                0x00000000080013c8       0x3c ./Drivers/STM32F4xx_HAL_Driver/Src/stm32f4xx_hal_cortex.o
 .text.__NVIC_SetPriority
                0x0000000008001404       0x54 ./Drivers/STM32F4xx_HAL_Driver/Src/stm32f4xx_hal_cortex.o
 .text.NVIC_EncodePriority
                0x0000000008001458       0x66 ./Drivers/STM32F4xx_HAL_Driver/Src/stm32f4xx_hal_cortex.o
 *fill*         0x00000000080014be        0x2 
 .text.SysTick_Config
                0x00000000080014c0       0x44 ./Drivers/STM32F4xx_HAL_Driver/Src/stm32f4xx_hal_cortex.o
 .text.HAL_NVIC_SetPriorityGrouping
                0x0000000008001504       0x16 ./Drivers/STM32F4xx_HAL_Driver/Src/stm32f4xx_hal_cortex.o
                0x0000000008001504                HAL_NVIC_SetPriorityGrouping
 .text.HAL_NVIC_SetPriority
                0x000000000800151a       0x38 ./Drivers/STM32F4xx_HAL_Driver/Src/stm32f4xx_hal_cortex.o
                0x000000000800151a                HAL_NVIC_SetPriority
 .text.HAL_NVIC_EnableIRQ
                0x0000000008001552       0x1c ./Drivers/STM32F4xx_HAL_Driver/Src/stm32f4xx_hal_cortex.o
                0x0000000008001552                HAL_NVIC_EnableIRQ
 .text.HAL_SYSTICK_Config
                0x000000000800156e       0x18 ./Drivers/STM32F4xx_HAL_Driver/Src/stm32f4xx_hal_cortex.o
                0x000000000800156e                HAL_SYSTICK_Config
 *fill*         0x0000000008001586        0x2 
 .text.HAL_GPIO_Init
                0x0000000008001588      0x328 ./Drivers/STM32F4xx_HAL_Driver/Src/stm32f4xx_hal_gpio.o
                0x0000000008001588                HAL_GPIO_Init
 .text.HAL_GPIO_WritePin
                0x00000000080018b0       0x32 ./Drivers/STM32F4xx_HAL_Driver/Src/stm32f4xx_hal_gpio.o
                0x00000000080018b0                HAL_GPIO_WritePin
 *fill*         0x00000000080018e2        0x2 
 .text.HAL_GPIO_EXTI_IRQHandler
                0x00000000080018e4       0x30 ./Drivers/STM32F4xx_HAL_Driver/Src/stm32f4xx_hal_gpio.o
                0x00000000080018e4                HAL_GPIO_EXTI_IRQHandler
 .text.HAL_RCC_ClockConfig
                0x0000000008001914      0x1cc ./Drivers/STM32F4xx_HAL_Driver/Src/stm32f4xx_hal_rcc.o
                0x0000000008001914                HAL_RCC_ClockConfig
 .text.HAL_RCC_GetSysClockFreq
                0x0000000008001ae0      0x354 ./Drivers/STM32F4xx_HAL_Driver/Src/stm32f4xx_hal_rcc_ex.o
                0x0000000008001ae0                HAL_RCC_GetSysClockFreq
 .text.HAL_RCC_OscConfig
                0x0000000008001e34      0x53c ./Drivers/STM32F4xx_HAL_Driver/Src/stm32f4xx_hal_rcc_ex.o
                0x0000000008001e34                HAL_RCC_OscConfig
 .text.clock    0x0000000008002370       0x28 c:/st/stm32cubeide_1.9.0/stm32cubeide/plugins/com.st.stm32cube.ide.mcu.externaltools.gnu-tools-for-stm32.10.3-2021.10.win32_1.0.0.202111181127/tools/bin/../lib/gcc/arm-none-eabi/10.3.1/../../../../arm-none-eabi/lib/thumb/v7e-m+fp/hard\libc_nano.a(lib_a-clock.o)
                0x0000000008002370                clock
 .text.__errno  0x0000000008002398        0xc c:/st/stm32cubeide_1.9.0/stm32cubeide/plugins/com.st.stm32cube.ide.mcu.externaltools.gnu-tools-for-stm32.10.3-2021.10.win32_1.0.0.202111181127/tools/bin/../lib/gcc/arm-none-eabi/10.3.1/../../../../arm-none-eabi/lib/thumb/v7e-m+fp/hard\libc_nano.a(lib_a-errno.o)
                0x0000000008002398                __errno
 .text.__libc_init_array
                0x00000000080023a4       0x48 c:/st/stm32cubeide_1.9.0/stm32cubeide/plugins/com.st.stm32cube.ide.mcu.externaltools.gnu-tools-for-stm32.10.3-2021.10.win32_1.0.0.202111181127/tools/bin/../lib/gcc/arm-none-eabi/10.3.1/../../../../arm-none-eabi/lib/thumb/v7e-m+fp/hard\libc_nano.a(lib_a-init.o)
                0x00000000080023a4                __libc_init_array
 .text.memset   0x00000000080023ec       0x10 c:/st/stm32cubeide_1.9.0/stm32cubeide/plugins/com.st.stm32cube.ide.mcu.externaltools.gnu-tools-for-stm32.10.3-2021.10.win32_1.0.0.202111181127/tools/bin/../lib/gcc/arm-none-eabi/10.3.1/../../../../arm-none-eabi/lib/thumb/v7e-m+fp/hard\libc_nano.a(lib_a-memset.o)
                0x00000000080023ec                memset
 .text.srand    0x00000000080023fc       0x5c c:/st/stm32cubeide_1.9.0/stm32cubeide/plugins/com.st.stm32cube.ide.mcu.externaltools.gnu-tools-for-stm32.10.3-2021.10.win32_1.0.0.202111181127/tools/bin/../lib/gcc/arm-none-eabi/10.3.1/../../../../arm-none-eabi/lib/thumb/v7e-m+fp/hard\libc_nano.a(lib_a-rand.o)
                0x00000000080023fc                srand
 .text.rand     0x0000000008002458       0x7c c:/st/stm32cubeide_1.9.0/stm32cubeide/plugins/com.st.stm32cube.ide.mcu.externaltools.gnu-tools-for-stm32.10.3-2021.10.win32_1.0.0.202111181127/tools/bin/../lib/gcc/arm-none-eabi/10.3.1/../../../../arm-none-eabi/lib/thumb/v7e-m+fp/hard\libc_nano.a(lib_a-rand.o)
                0x0000000008002458                rand
 .text._times_r
                0x00000000080024d4        0x6 c:/st/stm32cubeide_1.9.0/stm32cubeide/plugins/com.st.stm32cube.ide.mcu.externaltools.gnu-tools-for-stm32.10.3-2021.10.win32_1.0.0.202111181127/tools/bin/../lib/gcc/arm-none-eabi/10.3.1/../../../../arm-none-eabi/lib/thumb/v7e-m+fp/hard\libc_nano.a(lib_a-timesr.o)
                0x00000000080024d4                _times_r
 *fill*         0x00000000080024da        0x2 
 .text.__assert_func
                0x00000000080024dc       0x3c c:/st/stm32cubeide_1.9.0/stm32cubeide/plugins/com.st.stm32cube.ide.mcu.externaltools.gnu-tools-for-stm32.10.3-2021.10.win32_1.0.0.202111181127/tools/bin/../lib/gcc/arm-none-eabi/10.3.1/../../../../arm-none-eabi/lib/thumb/v7e-m+fp/hard\libc_nano.a(lib_a-assert.o)
                0x00000000080024dc                __assert_func
 .text.fprintf  0x0000000008002518       0x24 c:/st/stm32cubeide_1.9.0/stm32cubeide/plugins/com.st.stm32cube.ide.mcu.externaltools.gnu-tools-for-stm32.10.3-2021.10.win32_1.0.0.202111181127/tools/bin/../lib/gcc/arm-none-eabi/10.3.1/../../../../arm-none-eabi/lib/thumb/v7e-m+fp/hard\libc_nano.a(lib_a-fprintf.o)
                0x0000000008002518                fiprintf
                0x0000000008002518                fprintf
 .text.malloc   0x000000000800253c       0x10 c:/st/stm32cubeide_1.9.0/stm32cubeide/plugins/com.st.stm32cube.ide.mcu.externaltools.gnu-tools-for-stm32.10.3-2021.10.win32_1.0.0.202111181127/tools/bin/../lib/gcc/arm-none-eabi/10.3.1/../../../../arm-none-eabi/lib/thumb/v7e-m+fp/hard\libc_nano.a(lib_a-malloc.o)
                0x000000000800253c                malloc
 .text._free_r  0x000000000800254c       0x98 c:/st/stm32cubeide_1.9.0/stm32cubeide/plugins/com.st.stm32cube.ide.mcu.externaltools.gnu-tools-for-stm32.10.3-2021.10.win32_1.0.0.202111181127/tools/bin/../lib/gcc/arm-none-eabi/10.3.1/../../../../arm-none-eabi/lib/thumb/v7e-m+fp/hard\libc_nano.a(lib_a-nano-freer.o)
                0x000000000800254c                _free_r
 .text.sbrk_aligned
                0x00000000080025e4       0x40 c:/st/stm32cubeide_1.9.0/stm32cubeide/plugins/com.st.stm32cube.ide.mcu.externaltools.gnu-tools-for-stm32.10.3-2021.10.win32_1.0.0.202111181127/tools/bin/../lib/gcc/arm-none-eabi/10.3.1/../../../../arm-none-eabi/lib/thumb/v7e-m+fp/hard\libc_nano.a(lib_a-nano-mallocr.o)
 .text._malloc_r
                0x0000000008002624       0xe8 c:/st/stm32cubeide_1.9.0/stm32cubeide/plugins/com.st.stm32cube.ide.mcu.externaltools.gnu-tools-for-stm32.10.3-2021.10.win32_1.0.0.202111181127/tools/bin/../lib/gcc/arm-none-eabi/10.3.1/../../../../arm-none-eabi/lib/thumb/v7e-m+fp/hard\libc_nano.a(lib_a-nano-mallocr.o)
                0x0000000008002624                _malloc_r
 .text.__sfputc_r
                0x000000000800270c       0x2e c:/st/stm32cubeide_1.9.0/stm32cubeide/plugins/com.st.stm32cube.ide.mcu.externaltools.gnu-tools-for-stm32.10.3-2021.10.win32_1.0.0.202111181127/tools/bin/../lib/gcc/arm-none-eabi/10.3.1/../../../../arm-none-eabi/lib/thumb/v7e-m+fp/hard\libc_nano.a(lib_a-nano-vfprintf.o)
 .text.__sfputs_r
                0x000000000800273a       0x24 c:/st/stm32cubeide_1.9.0/stm32cubeide/plugins/com.st.stm32cube.ide.mcu.externaltools.gnu-tools-for-stm32.10.3-2021.10.win32_1.0.0.202111181127/tools/bin/../lib/gcc/arm-none-eabi/10.3.1/../../../../arm-none-eabi/lib/thumb/v7e-m+fp/hard\libc_nano.a(lib_a-nano-vfprintf.o)
                0x000000000800273a                __sfputs_r
 *fill*         0x000000000800275e        0x2 
 .text._vfprintf_r
                0x0000000008002760      0x260 c:/st/stm32cubeide_1.9.0/stm32cubeide/plugins/com.st.stm32cube.ide.mcu.externaltools.gnu-tools-for-stm32.10.3-2021.10.win32_1.0.0.202111181127/tools/bin/../lib/gcc/arm-none-eabi/10.3.1/../../../../arm-none-eabi/lib/thumb/v7e-m+fp/hard\libc_nano.a(lib_a-nano-vfprintf.o)
                0x0000000008002760                _vfprintf_r
                0x0000000008002760                _vfiprintf_r
 .text._printf_common
                0x00000000080029c0       0xda c:/st/stm32cubeide_1.9.0/stm32cubeide/plugins/com.st.stm32cube.ide.mcu.externaltools.gnu-tools-for-stm32.10.3-2021.10.win32_1.0.0.202111181127/tools/bin/../lib/gcc/arm-none-eabi/10.3.1/../../../../arm-none-eabi/lib/thumb/v7e-m+fp/hard\libc_nano.a(lib_a-nano-vfprintf_i.o)
                0x00000000080029c0                _printf_common
 *fill*         0x0000000008002a9a        0x2 
 .text._printf_i
                0x0000000008002a9c      0x24c c:/st/stm32cubeide_1.9.0/stm32cubeide/plugins/com.st.stm32cube.ide.mcu.externaltools.gnu-tools-for-stm32.10.3-2021.10.win32_1.0.0.202111181127/tools/bin/../lib/gcc/arm-none-eabi/10.3.1/../../../../arm-none-eabi/lib/thumb/v7e-m+fp/hard\libc_nano.a(lib_a-nano-vfprintf_i.o)
                0x0000000008002a9c                _printf_i
 .text._sbrk_r  0x0000000008002ce8       0x20 c:/st/stm32cubeide_1.9.0/stm32cubeide/plugins/com.st.stm32cube.ide.mcu.externaltools.gnu-tools-for-stm32.10.3-2021.10.win32_1.0.0.202111181127/tools/bin/../lib/gcc/arm-none-eabi/10.3.1/../../../../arm-none-eabi/lib/thumb/v7e-m+fp/hard\libc_nano.a(lib_a-sbrkr.o)
                0x0000000008002ce8                _sbrk_r
 .text.__swbuf_r
                0x0000000008002d08       0xa4 c:/st/stm32cubeide_1.9.0/stm32cubeide/plugins/com.st.stm32cube.ide.mcu.externaltools.gnu-tools-for-stm32.10.3-2021.10.win32_1.0.0.202111181127/tools/bin/../lib/gcc/arm-none-eabi/10.3.1/../../../../arm-none-eabi/lib/thumb/v7e-m+fp/hard\libc_nano.a(lib_a-wbuf.o)
                0x0000000008002d08                __swbuf_r
 .text.__swsetup_r
                0x0000000008002dac       0xdc c:/st/stm32cubeide_1.9.0/stm32cubeide/plugins/com.st.stm32cube.ide.mcu.externaltools.gnu-tools-for-stm32.10.3-2021.10.win32_1.0.0.202111181127/tools/bin/../lib/gcc/arm-none-eabi/10.3.1/../../../../arm-none-eabi/lib/thumb/v7e-m+fp/hard\libc_nano.a(lib_a-wsetup.o)
                0x0000000008002dac                __swsetup_r
 .text.abort    0x0000000008002e88        0xe c:/st/stm32cubeide_1.9.0/stm32cubeide/plugins/com.st.stm32cube.ide.mcu.externaltools.gnu-tools-for-stm32.10.3-2021.10.win32_1.0.0.202111181127/tools/bin/../lib/gcc/arm-none-eabi/10.3.1/../../../../arm-none-eabi/lib/thumb/v7e-m+fp/hard\libc_nano.a(lib_a-abort.o)
                0x0000000008002e88                abort
 *fill*         0x0000000008002e96        0x2 
 .text.__sflush_r
                0x0000000008002e98      0x10c c:/st/stm32cubeide_1.9.0/stm32cubeide/plugins/com.st.stm32cube.ide.mcu.externaltools.gnu-tools-for-stm32.10.3-2021.10.win32_1.0.0.202111181127/tools/bin/../lib/gcc/arm-none-eabi/10.3.1/../../../../arm-none-eabi/lib/thumb/v7e-m+fp/hard\libc_nano.a(lib_a-fflush.o)
                0x0000000008002e98                __sflush_r
 .text._fflush_r
                0x0000000008002fa4       0x78 c:/st/stm32cubeide_1.9.0/stm32cubeide/plugins/com.st.stm32cube.ide.mcu.externaltools.gnu-tools-for-stm32.10.3-2021.10.win32_1.0.0.202111181127/tools/bin/../lib/gcc/arm-none-eabi/10.3.1/../../../../arm-none-eabi/lib/thumb/v7e-m+fp/hard\libc_nano.a(lib_a-fflush.o)
                0x0000000008002fa4                _fflush_r
 .text.std      0x000000000800301c       0x48 c:/st/stm32cubeide_1.9.0/stm32cubeide/plugins/com.st.stm32cube.ide.mcu.externaltools.gnu-tools-for-stm32.10.3-2021.10.win32_1.0.0.202111181127/tools/bin/../lib/gcc/arm-none-eabi/10.3.1/../../../../arm-none-eabi/lib/thumb/v7e-m+fp/hard\libc_nano.a(lib_a-findfp.o)
 .text._cleanup_r
                0x0000000008003064        0xc c:/st/stm32cubeide_1.9.0/stm32cubeide/plugins/com.st.stm32cube.ide.mcu.externaltools.gnu-tools-for-stm32.10.3-2021.10.win32_1.0.0.202111181127/tools/bin/../lib/gcc/arm-none-eabi/10.3.1/../../../../arm-none-eabi/lib/thumb/v7e-m+fp/hard\libc_nano.a(lib_a-findfp.o)
                0x0000000008003064                _cleanup_r
 .text.__sfmoreglue
                0x0000000008003070       0x2c c:/st/stm32cubeide_1.9.0/stm32cubeide/plugins/com.st.stm32cube.ide.mcu.externaltools.gnu-tools-for-stm32.10.3-2021.10.win32_1.0.0.202111181127/tools/bin/../lib/gcc/arm-none-eabi/10.3.1/../../../../arm-none-eabi/lib/thumb/v7e-m+fp/hard\libc_nano.a(lib_a-findfp.o)
                0x0000000008003070                __sfmoreglue
 .text.__sfp_lock_acquire
                0x000000000800309c        0xc c:/st/stm32cubeide_1.9.0/stm32cubeide/plugins/com.st.stm32cube.ide.mcu.externaltools.gnu-tools-for-stm32.10.3-2021.10.win32_1.0.0.202111181127/tools/bin/../lib/gcc/arm-none-eabi/10.3.1/../../../../arm-none-eabi/lib/thumb/v7e-m+fp/hard\libc_nano.a(lib_a-findfp.o)
                0x000000000800309c                __sfp_lock_acquire
 .text.__sfp_lock_release
                0x00000000080030a8        0xc c:/st/stm32cubeide_1.9.0/stm32cubeide/plugins/com.st.stm32cube.ide.mcu.externaltools.gnu-tools-for-stm32.10.3-2021.10.win32_1.0.0.202111181127/tools/bin/../lib/gcc/arm-none-eabi/10.3.1/../../../../arm-none-eabi/lib/thumb/v7e-m+fp/hard\libc_nano.a(lib_a-findfp.o)
                0x00000000080030a8                __sfp_lock_release
 .text.__sinit_lock_acquire
                0x00000000080030b4        0xc c:/st/stm32cubeide_1.9.0/stm32cubeide/plugins/com.st.stm32cube.ide.mcu.externaltools.gnu-tools-for-stm32.10.3-2021.10.win32_1.0.0.202111181127/tools/bin/../lib/gcc/arm-none-eabi/10.3.1/../../../../arm-none-eabi/lib/thumb/v7e-m+fp/hard\libc_nano.a(lib_a-findfp.o)
                0x00000000080030b4                __sinit_lock_acquire
 .text.__sinit_lock_release
                0x00000000080030c0        0xc c:/st/stm32cubeide_1.9.0/stm32cubeide/plugins/com.st.stm32cube.ide.mcu.externaltools.gnu-tools-for-stm32.10.3-2021.10.win32_1.0.0.202111181127/tools/bin/../lib/gcc/arm-none-eabi/10.3.1/../../../../arm-none-eabi/lib/thumb/v7e-m+fp/hard\libc_nano.a(lib_a-findfp.o)
                0x00000000080030c0                __sinit_lock_release
 .text.__sinit  0x00000000080030cc       0x70 c:/st/stm32cubeide_1.9.0/stm32cubeide/plugins/com.st.stm32cube.ide.mcu.externaltools.gnu-tools-for-stm32.10.3-2021.10.win32_1.0.0.202111181127/tools/bin/../lib/gcc/arm-none-eabi/10.3.1/../../../../arm-none-eabi/lib/thumb/v7e-m+fp/hard\libc_nano.a(lib_a-findfp.o)
                0x00000000080030cc                __sinit
 .text.__sfp    0x000000000800313c       0x8c c:/st/stm32cubeide_1.9.0/stm32cubeide/plugins/com.st.stm32cube.ide.mcu.externaltools.gnu-tools-for-stm32.10.3-2021.10.win32_1.0.0.202111181127/tools/bin/../lib/gcc/arm-none-eabi/10.3.1/../../../../arm-none-eabi/lib/thumb/v7e-m+fp/hard\libc_nano.a(lib_a-findfp.o)
                0x000000000800313c                __sfp
 .text._fwalk_reent
                0x00000000080031c8       0x3e c:/st/stm32cubeide_1.9.0/stm32cubeide/plugins/com.st.stm32cube.ide.mcu.externaltools.gnu-tools-for-stm32.10.3-2021.10.win32_1.0.0.202111181127/tools/bin/../lib/gcc/arm-none-eabi/10.3.1/../../../../arm-none-eabi/lib/thumb/v7e-m+fp/hard\libc_nano.a(lib_a-fwalk.o)
                0x00000000080031c8                _fwalk_reent
 .text.__retarget_lock_init_recursive
                0x0000000008003206        0x2 c:/st/stm32cubeide_1.9.0/stm32cubeide/plugins/com.st.stm32cube.ide.mcu.externaltools.gnu-tools-for-stm32.10.3-2021.10.win32_1.0.0.202111181127/tools/bin/../lib/gcc/arm-none-eabi/10.3.1/../../../../arm-none-eabi/lib/thumb/v7e-m+fp/hard\libc_nano.a(lib_a-lock.o)
                0x0000000008003206                __retarget_lock_init_recursive
 .text.__retarget_lock_acquire_recursive
                0x0000000008003208        0x2 c:/st/stm32cubeide_1.9.0/stm32cubeide/plugins/com.st.stm32cube.ide.mcu.externaltools.gnu-tools-for-stm32.10.3-2021.10.win32_1.0.0.202111181127/tools/bin/../lib/gcc/arm-none-eabi/10.3.1/../../../../arm-none-eabi/lib/thumb/v7e-m+fp/hard\libc_nano.a(lib_a-lock.o)
                0x0000000008003208                __retarget_lock_acquire_recursive
 .text.__retarget_lock_release_recursive
                0x000000000800320a        0x2 c:/st/stm32cubeide_1.9.0/stm32cubeide/plugins/com.st.stm32cube.ide.mcu.externaltools.gnu-tools-for-stm32.10.3-2021.10.win32_1.0.0.202111181127/tools/bin/../lib/gcc/arm-none-eabi/10.3.1/../../../../arm-none-eabi/lib/thumb/v7e-m+fp/hard\libc_nano.a(lib_a-lock.o)
                0x000000000800320a                __retarget_lock_release_recursive
 .text.__swhatbuf_r
                0x000000000800320c       0x4a c:/st/stm32cubeide_1.9.0/stm32cubeide/plugins/com.st.stm32cube.ide.mcu.externaltools.gnu-tools-for-stm32.10.3-2021.10.win32_1.0.0.202111181127/tools/bin/../lib/gcc/arm-none-eabi/10.3.1/../../../../arm-none-eabi/lib/thumb/v7e-m+fp/hard\libc_nano.a(lib_a-makebuf.o)
                0x000000000800320c                __swhatbuf_r
 *fill*         0x0000000008003256        0x2 
 .text.__smakebuf_r
                0x0000000008003258       0x80 c:/st/stm32cubeide_1.9.0/stm32cubeide/plugins/com.st.stm32cube.ide.mcu.externaltools.gnu-tools-for-stm32.10.3-2021.10.win32_1.0.0.202111181127/tools/bin/../lib/gcc/arm-none-eabi/10.3.1/../../../../arm-none-eabi/lib/thumb/v7e-m+fp/hard\libc_nano.a(lib_a-makebuf.o)
                0x0000000008003258                __smakebuf_r
 .text.__malloc_lock
                0x00000000080032d8        0xc c:/st/stm32cubeide_1.9.0/stm32cubeide/plugins/com.st.stm32cube.ide.mcu.externaltools.gnu-tools-for-stm32.10.3-2021.10.win32_1.0.0.202111181127/tools/bin/../lib/gcc/arm-none-eabi/10.3.1/../../../../arm-none-eabi/lib/thumb/v7e-m+fp/hard\libc_nano.a(lib_a-mlock.o)
                0x00000000080032d8                __malloc_lock
 .text.__malloc_unlock
                0x00000000080032e4        0xc c:/st/stm32cubeide_1.9.0/stm32cubeide/plugins/com.st.stm32cube.ide.mcu.externaltools.gnu-tools-for-stm32.10.3-2021.10.win32_1.0.0.202111181127/tools/bin/../lib/gcc/arm-none-eabi/10.3.1/../../../../arm-none-eabi/lib/thumb/v7e-m+fp/hard\libc_nano.a(lib_a-mlock.o)
                0x00000000080032e4                __malloc_unlock
 .text._raise_r
                0x00000000080032f0       0x50 c:/st/stm32cubeide_1.9.0/stm32cubeide/plugins/com.st.stm32cube.ide.mcu.externaltools.gnu-tools-for-stm32.10.3-2021.10.win32_1.0.0.202111181127/tools/bin/../lib/gcc/arm-none-eabi/10.3.1/../../../../arm-none-eabi/lib/thumb/v7e-m+fp/hard\libc_nano.a(lib_a-signal.o)
                0x00000000080032f0                _raise_r
 .text.raise    0x0000000008003340       0x10 c:/st/stm32cubeide_1.9.0/stm32cubeide/plugins/com.st.stm32cube.ide.mcu.externaltools.gnu-tools-for-stm32.10.3-2021.10.win32_1.0.0.202111181127/tools/bin/../lib/gcc/arm-none-eabi/10.3.1/../../../../arm-none-eabi/lib/thumb/v7e-m+fp/hard\libc_nano.a(lib_a-signal.o)
                0x0000000008003340                raise
 .text._kill_r  0x0000000008003350       0x24 c:/st/stm32cubeide_1.9.0/stm32cubeide/plugins/com.st.stm32cube.ide.mcu.externaltools.gnu-tools-for-stm32.10.3-2021.10.win32_1.0.0.202111181127/tools/bin/../lib/gcc/arm-none-eabi/10.3.1/../../../../arm-none-eabi/lib/thumb/v7e-m+fp/hard\libc_nano.a(lib_a-signalr.o)
                0x0000000008003350                _kill_r
 .text._getpid_r
                0x0000000008003374        0x4 c:/st/stm32cubeide_1.9.0/stm32cubeide/plugins/com.st.stm32cube.ide.mcu.externaltools.gnu-tools-for-stm32.10.3-2021.10.win32_1.0.0.202111181127/tools/bin/../lib/gcc/arm-none-eabi/10.3.1/../../../../arm-none-eabi/lib/thumb/v7e-m+fp/hard\libc_nano.a(lib_a-signalr.o)
                0x0000000008003374                _getpid_r
 .text.__sread  0x0000000008003378       0x22 c:/st/stm32cubeide_1.9.0/stm32cubeide/plugins/com.st.stm32cube.ide.mcu.externaltools.gnu-tools-for-stm32.10.3-2021.10.win32_1.0.0.202111181127/tools/bin/../lib/gcc/arm-none-eabi/10.3.1/../../../../arm-none-eabi/lib/thumb/v7e-m+fp/hard\libc_nano.a(lib_a-stdio.o)
                0x0000000008003378                __sread
 .text.__swrite
                0x000000000800339a       0x38 c:/st/stm32cubeide_1.9.0/stm32cubeide/plugins/com.st.stm32cube.ide.mcu.externaltools.gnu-tools-for-stm32.10.3-2021.10.win32_1.0.0.202111181127/tools/bin/../lib/gcc/arm-none-eabi/10.3.1/../../../../arm-none-eabi/lib/thumb/v7e-m+fp/hard\libc_nano.a(lib_a-stdio.o)
                0x000000000800339a                __swrite
 .text.__sseek  0x00000000080033d2       0x24 c:/st/stm32cubeide_1.9.0/stm32cubeide/plugins/com.st.stm32cube.ide.mcu.externaltools.gnu-tools-for-stm32.10.3-2021.10.win32_1.0.0.202111181127/tools/bin/../lib/gcc/arm-none-eabi/10.3.1/../../../../arm-none-eabi/lib/thumb/v7e-m+fp/hard\libc_nano.a(lib_a-stdio.o)
                0x00000000080033d2                __sseek
 .text.__sclose
                0x00000000080033f6        0x8 c:/st/stm32cubeide_1.9.0/stm32cubeide/plugins/com.st.stm32cube.ide.mcu.externaltools.gnu-tools-for-stm32.10.3-2021.10.win32_1.0.0.202111181127/tools/bin/../lib/gcc/arm-none-eabi/10.3.1/../../../../arm-none-eabi/lib/thumb/v7e-m+fp/hard\libc_nano.a(lib_a-stdio.o)
                0x00000000080033f6                __sclose
 *fill*         0x00000000080033fe        0x2 
 .text._write_r
                0x0000000008003400       0x24 c:/st/stm32cubeide_1.9.0/stm32cubeide/plugins/com.st.stm32cube.ide.mcu.externaltools.gnu-tools-for-stm32.10.3-2021.10.win32_1.0.0.202111181127/tools/bin/../lib/gcc/arm-none-eabi/10.3.1/../../../../arm-none-eabi/lib/thumb/v7e-m+fp/hard\libc_nano.a(lib_a-writer.o)
                0x0000000008003400                _write_r
 .text._close_r
                0x0000000008003424       0x20 c:/st/stm32cubeide_1.9.0/stm32cubeide/plugins/com.st.stm32cube.ide.mcu.externaltools.gnu-tools-for-stm32.10.3-2021.10.win32_1.0.0.202111181127/tools/bin/../lib/gcc/arm-none-eabi/10.3.1/../../../../arm-none-eabi/lib/thumb/v7e-m+fp/hard\libc_nano.a(lib_a-closer.o)
                0x0000000008003424                _close_r
 .text._fstat_r
                0x0000000008003444       0x24 c:/st/stm32cubeide_1.9.0/stm32cubeide/plugins/com.st.stm32cube.ide.mcu.externaltools.gnu-tools-for-stm32.10.3-2021.10.win32_1.0.0.202111181127/tools/bin/../lib/gcc/arm-none-eabi/10.3.1/../../../../arm-none-eabi/lib/thumb/v7e-m+fp/hard\libc_nano.a(lib_a-fstatr.o)
                0x0000000008003444                _fstat_r
 .text._isatty_r
                0x0000000008003468       0x20 c:/st/stm32cubeide_1.9.0/stm32cubeide/plugins/com.st.stm32cube.ide.mcu.externaltools.gnu-tools-for-stm32.10.3-2021.10.win32_1.0.0.202111181127/tools/bin/../lib/gcc/arm-none-eabi/10.3.1/../../../../arm-none-eabi/lib/thumb/v7e-m+fp/hard\libc_nano.a(lib_a-isattyr.o)
                0x0000000008003468                _isatty_r
 .text._lseek_r
                0x0000000008003488       0x24 c:/st/stm32cubeide_1.9.0/stm32cubeide/plugins/com.st.stm32cube.ide.mcu.externaltools.gnu-tools-for-stm32.10.3-2021.10.win32_1.0.0.202111181127/tools/bin/../lib/gcc/arm-none-eabi/10.3.1/../../../../arm-none-eabi/lib/thumb/v7e-m+fp/hard\libc_nano.a(lib_a-lseekr.o)
                0x0000000008003488                _lseek_r
 .text._read_r  0x00000000080034ac       0x24 c:/st/stm32cubeide_1.9.0/stm32cubeide/plugins/com.st.stm32cube.ide.mcu.externaltools.gnu-tools-for-stm32.10.3-2021.10.win32_1.0.0.202111181127/tools/bin/../lib/gcc/arm-none-eabi/10.3.1/../../../../arm-none-eabi/lib/thumb/v7e-m+fp/hard\libc_nano.a(lib_a-readr.o)
                0x00000000080034ac                _read_r
 *(.glue_7)
 .glue_7        0x00000000080034d0        0x0 linker stubs
 *(.glue_7t)
 .glue_7t       0x00000000080034d0        0x0 linker stubs
 *(.eh_frame)
 .eh_frame      0x00000000080034d0        0x0 c:/st/stm32cubeide_1.9.0/stm32cubeide/plugins/com.st.stm32cube.ide.mcu.externaltools.gnu-tools-for-stm32.10.3-2021.10.win32_1.0.0.202111181127/tools/bin/../lib/gcc/arm-none-eabi/10.3.1/thumb/v7e-m+fp/hard/crtbegin.o
 *(.init)
 .init          0x00000000080034d0        0x4 c:/st/stm32cubeide_1.9.0/stm32cubeide/plugins/com.st.stm32cube.ide.mcu.externaltools.gnu-tools-for-stm32.10.3-2021.10.win32_1.0.0.202111181127/tools/bin/../lib/gcc/arm-none-eabi/10.3.1/thumb/v7e-m+fp/hard/crti.o
                0x00000000080034d0                _init
 .init          0x00000000080034d4        0x8 c:/st/stm32cubeide_1.9.0/stm32cubeide/plugins/com.st.stm32cube.ide.mcu.externaltools.gnu-tools-for-stm32.10.3-2021.10.win32_1.0.0.202111181127/tools/bin/../lib/gcc/arm-none-eabi/10.3.1/thumb/v7e-m+fp/hard/crtn.o
 *(.fini)
 .fini          0x00000000080034dc        0x4 c:/st/stm32cubeide_1.9.0/stm32cubeide/plugins/com.st.stm32cube.ide.mcu.externaltools.gnu-tools-for-stm32.10.3-2021.10.win32_1.0.0.202111181127/tools/bin/../lib/gcc/arm-none-eabi/10.3.1/thumb/v7e-m+fp/hard/crti.o
                0x00000000080034dc                _fini
 .fini          0x00000000080034e0        0x8 c:/st/stm32cubeide_1.9.0/stm32cubeide/plugins/com.st.stm32cube.ide.mcu.externaltools.gnu-tools-for-stm32.10.3-2021.10.win32_1.0.0.202111181127/tools/bin/../lib/gcc/arm-none-eabi/10.3.1/thumb/v7e-m+fp/hard/crtn.o
                0x00000000080034e8                . = ALIGN (0x4)
                0x00000000080034e8                _etext = .

.vfp11_veneer   0x00000000080034e8        0x0
 .vfp11_veneer  0x00000000080034e8        0x0 linker stubs

.v4_bx          0x00000000080034e8        0x0
 .v4_bx         0x00000000080034e8        0x0 linker stubs

.iplt           0x00000000080034e8        0x0
 .iplt          0x00000000080034e8        0x0 c:/st/stm32cubeide_1.9.0/stm32cubeide/plugins/com.st.stm32cube.ide.mcu.externaltools.gnu-tools-for-stm32.10.3-2021.10.win32_1.0.0.202111181127/tools/bin/../lib/gcc/arm-none-eabi/10.3.1/thumb/v7e-m+fp/hard/crtbegin.o

.rodata         0x00000000080034e8      0x198
                0x00000000080034e8                . = ALIGN (0x4)
 *(.rodata)
 .rodata        0x00000000080034e8       0x40 ./Core/Src/render.o
 *(.rodata*)
 .rodata.AHBPrescTable
                0x0000000008003528       0x10 ./Core/Src/system_stm32f4xx.o
                0x0000000008003528                AHBPrescTable
 .rodata._global_impure_ptr
                0x0000000008003538        0x4 c:/st/stm32cubeide_1.9.0/stm32cubeide/plugins/com.st.stm32cube.ide.mcu.externaltools.gnu-tools-for-stm32.10.3-2021.10.win32_1.0.0.202111181127/tools/bin/../lib/gcc/arm-none-eabi/10.3.1/../../../../arm-none-eabi/lib/thumb/v7e-m+fp/hard\libc_nano.a(lib_a-impure.o)
                0x0000000008003538                _global_impure_ptr
 .rodata.srand.str1.1
                0x000000000800353c       0x72 c:/st/stm32cubeide_1.9.0/stm32cubeide/plugins/com.st.stm32cube.ide.mcu.externaltools.gnu-tools-for-stm32.10.3-2021.10.win32_1.0.0.202111181127/tools/bin/../lib/gcc/arm-none-eabi/10.3.1/../../../../arm-none-eabi/lib/thumb/v7e-m+fp/hard\libc_nano.a(lib_a-rand.o)
 .rodata.__assert_func.str1.1
                0x00000000080035ae       0x3c c:/st/stm32cubeide_1.9.0/stm32cubeide/plugins/com.st.stm32cube.ide.mcu.externaltools.gnu-tools-for-stm32.10.3-2021.10.win32_1.0.0.202111181127/tools/bin/../lib/gcc/arm-none-eabi/10.3.1/../../../../arm-none-eabi/lib/thumb/v7e-m+fp/hard\libc_nano.a(lib_a-assert.o)
                                         0x3d (size before relaxing)
 .rodata._vfprintf_r.str1.1
                0x00000000080035ea       0x11 c:/st/stm32cubeide_1.9.0/stm32cubeide/plugins/com.st.stm32cube.ide.mcu.externaltools.gnu-tools-for-stm32.10.3-2021.10.win32_1.0.0.202111181127/tools/bin/../lib/gcc/arm-none-eabi/10.3.1/../../../../arm-none-eabi/lib/thumb/v7e-m+fp/hard\libc_nano.a(lib_a-nano-vfprintf.o)
 .rodata._printf_i.str1.1
                0x00000000080035fb       0x22 c:/st/stm32cubeide_1.9.0/stm32cubeide/plugins/com.st.stm32cube.ide.mcu.externaltools.gnu-tools-for-stm32.10.3-2021.10.win32_1.0.0.202111181127/tools/bin/../lib/gcc/arm-none-eabi/10.3.1/../../../../arm-none-eabi/lib/thumb/v7e-m+fp/hard\libc_nano.a(lib_a-nano-vfprintf_i.o)
 *fill*         0x000000000800361d        0x3 
 .rodata.__sf_fake_stderr
                0x0000000008003620       0x20 c:/st/stm32cubeide_1.9.0/stm32cubeide/plugins/com.st.stm32cube.ide.mcu.externaltools.gnu-tools-for-stm32.10.3-2021.10.win32_1.0.0.202111181127/tools/bin/../lib/gcc/arm-none-eabi/10.3.1/../../../../arm-none-eabi/lib/thumb/v7e-m+fp/hard\libc_nano.a(lib_a-findfp.o)
                0x0000000008003620                __sf_fake_stderr
 .rodata.__sf_fake_stdin
                0x0000000008003640       0x20 c:/st/stm32cubeide_1.9.0/stm32cubeide/plugins/com.st.stm32cube.ide.mcu.externaltools.gnu-tools-for-stm32.10.3-2021.10.win32_1.0.0.202111181127/tools/bin/../lib/gcc/arm-none-eabi/10.3.1/../../../../arm-none-eabi/lib/thumb/v7e-m+fp/hard\libc_nano.a(lib_a-findfp.o)
                0x0000000008003640                __sf_fake_stdin
 .rodata.__sf_fake_stdout
                0x0000000008003660       0x20 c:/st/stm32cubeide_1.9.0/stm32cubeide/plugins/com.st.stm32cube.ide.mcu.externaltools.gnu-tools-for-stm32.10.3-2021.10.win32_1.0.0.202111181127/tools/bin/../lib/gcc/arm-none-eabi/10.3.1/../../../../arm-none-eabi/lib/thumb/v7e-m+fp/hard\libc_nano.a(lib_a-findfp.o)
                0x0000000008003660                __sf_fake_stdout
                0x0000000008003680                . = ALIGN (0x4)

.ARM.extab      0x0000000008003680        0x0
                0x0000000008003680                . = ALIGN (0x4)
 *(.ARM.extab* .gnu.linkonce.armextab.*)
                0x0000000008003680                . = ALIGN (0x4)

.ARM            0x0000000008003680        0x8
                0x0000000008003680                . = ALIGN (0x4)
                0x0000000008003680                __exidx_start = .
 *(.ARM.exidx*)
 .ARM.exidx     0x0000000008003680        0x8 c:/st/stm32cubeide_1.9.0/stm32cubeide/plugins/com.st.stm32cube.ide.mcu.externaltools.gnu-tools-for-stm32.10.3-2021.10.win32_1.0.0.202111181127/tools/bin/../lib/gcc/arm-none-eabi/10.3.1/thumb/v7e-m+fp/hard\libgcc.a(_udivmoddi4.o)
                0x0000000008003688                __exidx_end = .
                0x0000000008003688                . = ALIGN (0x4)

.rel.dyn        0x0000000008003688        0x0
 .rel.iplt      0x0000000008003688        0x0 c:/st/stm32cubeide_1.9.0/stm32cubeide/plugins/com.st.stm32cube.ide.mcu.externaltools.gnu-tools-for-stm32.10.3-2021.10.win32_1.0.0.202111181127/tools/bin/../lib/gcc/arm-none-eabi/10.3.1/thumb/v7e-m+fp/hard/crtbegin.o

.preinit_array  0x0000000008003688        0x0
                0x0000000008003688                . = ALIGN (0x4)
                0x0000000008003688                PROVIDE (__preinit_array_start = .)
 *(.preinit_array*)
                0x0000000008003688                PROVIDE (__preinit_array_end = .)
                0x0000000008003688                . = ALIGN (0x4)

.init_array     0x0000000008003688        0x4
                0x0000000008003688                . = ALIGN (0x4)
                0x0000000008003688                PROVIDE (__init_array_start = .)
 *(SORT_BY_NAME(.init_array.*))
 *(.init_array*)
 .init_array    0x0000000008003688        0x4 c:/st/stm32cubeide_1.9.0/stm32cubeide/plugins/com.st.stm32cube.ide.mcu.externaltools.gnu-tools-for-stm32.10.3-2021.10.win32_1.0.0.202111181127/tools/bin/../lib/gcc/arm-none-eabi/10.3.1/thumb/v7e-m+fp/hard/crtbegin.o
                0x000000000800368c                PROVIDE (__init_array_end = .)
                0x000000000800368c                . = ALIGN (0x4)

.fini_array     0x000000000800368c        0x4
                0x000000000800368c                . = ALIGN (0x4)
                [!provide]                        PROVIDE (__fini_array_start = .)
 *(SORT_BY_NAME(.fini_array.*))
 *(.fini_array*)
 .fini_array    0x000000000800368c        0x4 c:/st/stm32cubeide_1.9.0/stm32cubeide/plugins/com.st.stm32cube.ide.mcu.externaltools.gnu-tools-for-stm32.10.3-2021.10.win32_1.0.0.202111181127/tools/bin/../lib/gcc/arm-none-eabi/10.3.1/thumb/v7e-m+fp/hard/crtbegin.o
                [!provide]                        PROVIDE (__fini_array_end = .)
                0x0000000008003690                . = ALIGN (0x4)
                0x0000000008003690                _sidata = LOADADDR (.data)

.data           0x0000000020000000      0x1d8 load address 0x0000000008003690
                0x0000000020000000                . = ALIGN (0x4)
                0x0000000020000000                _sdata = .
 *(.data)
 *(.data*)
 .data.you_lose
                0x0000000020000000       0x40 ./Core/Src/logic.o
 .data.good_game
                0x0000000020000040       0x40 ./Core/Src/logic.o
 .data.snake_length
                0x0000000020000080        0x1 ./Core/Src/logic.o
                0x0000000020000080                snake_length
 *fill*         0x0000000020000081        0x3 
 .data.snake    0x0000000020000084       0x80 ./Core/Src/logic.o
                0x0000000020000084                snake
 .data.game_flag
                0x0000000020000104        0x1 ./Core/Src/logic.o
                0x0000000020000104                game_flag
 .data.prev     0x0000000020000105        0x1 ./Core/Src/logic.o
                0x0000000020000105                prev
 .data.direction
                0x0000000020000106        0x1 ./Core/Src/logic.o
                0x0000000020000106                direction
 *fill*         0x0000000020000107        0x1 
 .data.rows     0x0000000020000108       0x10 ./Core/Src/render.o
                0x0000000020000108                rows
 .data.cols     0x0000000020000118       0x10 ./Core/Src/render.o
                0x0000000020000118                cols
 .data.row_ports
                0x0000000020000128       0x20 ./Core/Src/render.o
                0x0000000020000128                row_ports
 .data.col_ports
                0x0000000020000148       0x20 ./Core/Src/render.o
                0x0000000020000148                col_ports
 .data.SystemCoreClock
                0x0000000020000168        0x4 ./Core/Src/system_stm32f4xx.o
                0x0000000020000168                SystemCoreClock
 .data.uwTickPrio
                0x000000002000016c        0x4 ./Drivers/STM32F4xx_HAL_Driver/Src/stm32f4xx_hal.o
                0x000000002000016c                uwTickPrio
 .data.uwTickFreq
                0x0000000020000170        0x1 ./Drivers/STM32F4xx_HAL_Driver/Src/stm32f4xx_hal.o
                0x0000000020000170                uwTickFreq
 *fill*         0x0000000020000171        0x3 
 .data._impure_ptr
                0x0000000020000174        0x4 c:/st/stm32cubeide_1.9.0/stm32cubeide/plugins/com.st.stm32cube.ide.mcu.externaltools.gnu-tools-for-stm32.10.3-2021.10.win32_1.0.0.202111181127/tools/bin/../lib/gcc/arm-none-eabi/10.3.1/../../../../arm-none-eabi/lib/thumb/v7e-m+fp/hard\libc_nano.a(lib_a-impure.o)
                0x0000000020000174                _impure_ptr
 .data.impure_data
                0x0000000020000178       0x60 c:/st/stm32cubeide_1.9.0/stm32cubeide/plugins/com.st.stm32cube.ide.mcu.externaltools.gnu-tools-for-stm32.10.3-2021.10.win32_1.0.0.202111181127/tools/bin/../lib/gcc/arm-none-eabi/10.3.1/../../../../arm-none-eabi/lib/thumb/v7e-m+fp/hard\libc_nano.a(lib_a-impure.o)
 *(.RamFunc)
 *(.RamFunc*)
                0x00000000200001d8                . = ALIGN (0x4)
                0x00000000200001d8                _edata = .

.igot.plt       0x00000000200001d8        0x0 load address 0x0000000008003868
 .igot.plt      0x00000000200001d8        0x0 c:/st/stm32cubeide_1.9.0/stm32cubeide/plugins/com.st.stm32cube.ide.mcu.externaltools.gnu-tools-for-stm32.10.3-2021.10.win32_1.0.0.202111181127/tools/bin/../lib/gcc/arm-none-eabi/10.3.1/thumb/v7e-m+fp/hard/crtbegin.o
                0x00000000200001d8                . = ALIGN (0x4)

.bss            0x00000000200001d8       0x38 load address 0x0000000008003868
                0x00000000200001d8                _sbss = .
                0x00000000200001d8                __bss_start__ = _sbss
 *(.bss)
 .bss           0x00000000200001d8       0x1c c:/st/stm32cubeide_1.9.0/stm32cubeide/plugins/com.st.stm32cube.ide.mcu.externaltools.gnu-tools-for-stm32.10.3-2021.10.win32_1.0.0.202111181127/tools/bin/../lib/gcc/arm-none-eabi/10.3.1/thumb/v7e-m+fp/hard/crtbegin.o
 *(.bss*)
 .bss.apple_x   0x00000000200001f4        0x1 ./Core/Src/logic.o
                0x00000000200001f4                apple_x
 .bss.apple_y   0x00000000200001f5        0x1 ./Core/Src/logic.o
                0x00000000200001f5                apple_y
 *fill*         0x00000000200001f6        0x2 
 .bss.__sbrk_heap_end
                0x00000000200001f8        0x4 ./Core/Src/sysmem.o
 .bss.uwTick    0x00000000200001fc        0x4 ./Drivers/STM32F4xx_HAL_Driver/Src/stm32f4xx_hal.o
                0x00000000200001fc                uwTick
 .bss.__malloc_free_list
                0x0000000020000200        0x4 c:/st/stm32cubeide_1.9.0/stm32cubeide/plugins/com.st.stm32cube.ide.mcu.externaltools.gnu-tools-for-stm32.10.3-2021.10.win32_1.0.0.202111181127/tools/bin/../lib/gcc/arm-none-eabi/10.3.1/../../../../arm-none-eabi/lib/thumb/v7e-m+fp/hard\libc_nano.a(lib_a-nano-mallocr.o)
                0x0000000020000200                __malloc_free_list
 .bss.__malloc_sbrk_start
                0x0000000020000204        0x4 c:/st/stm32cubeide_1.9.0/stm32cubeide/plugins/com.st.stm32cube.ide.mcu.externaltools.gnu-tools-for-stm32.10.3-2021.10.win32_1.0.0.202111181127/tools/bin/../lib/gcc/arm-none-eabi/10.3.1/../../../../arm-none-eabi/lib/thumb/v7e-m+fp/hard\libc_nano.a(lib_a-nano-mallocr.o)
                0x0000000020000204                __malloc_sbrk_start
 .bss.__lock___malloc_recursive_mutex
                0x0000000020000208        0x1 c:/st/stm32cubeide_1.9.0/stm32cubeide/plugins/com.st.stm32cube.ide.mcu.externaltools.gnu-tools-for-stm32.10.3-2021.10.win32_1.0.0.202111181127/tools/bin/../lib/gcc/arm-none-eabi/10.3.1/../../../../arm-none-eabi/lib/thumb/v7e-m+fp/hard\libc_nano.a(lib_a-lock.o)
                0x0000000020000208                __lock___malloc_recursive_mutex
 .bss.__lock___sfp_recursive_mutex
                0x0000000020000209        0x1 c:/st/stm32cubeide_1.9.0/stm32cubeide/plugins/com.st.stm32cube.ide.mcu.externaltools.gnu-tools-for-stm32.10.3-2021.10.win32_1.0.0.202111181127/tools/bin/../lib/gcc/arm-none-eabi/10.3.1/../../../../arm-none-eabi/lib/thumb/v7e-m+fp/hard\libc_nano.a(lib_a-lock.o)
                0x0000000020000209                __lock___sfp_recursive_mutex
 .bss.__lock___sinit_recursive_mutex
                0x000000002000020a        0x1 c:/st/stm32cubeide_1.9.0/stm32cubeide/plugins/com.st.stm32cube.ide.mcu.externaltools.gnu-tools-for-stm32.10.3-2021.10.win32_1.0.0.202111181127/tools/bin/../lib/gcc/arm-none-eabi/10.3.1/../../../../arm-none-eabi/lib/thumb/v7e-m+fp/hard\libc_nano.a(lib_a-lock.o)
                0x000000002000020a                __lock___sinit_recursive_mutex
 *fill*         0x000000002000020b        0x1 
 .bss.errno     0x000000002000020c        0x4 c:/st/stm32cubeide_1.9.0/stm32cubeide/plugins/com.st.stm32cube.ide.mcu.externaltools.gnu-tools-for-stm32.10.3-2021.10.win32_1.0.0.202111181127/tools/bin/../lib/gcc/arm-none-eabi/10.3.1/../../../../arm-none-eabi/lib/thumb/v7e-m+fp/hard\libc_nano.a(lib_a-reent.o)
                0x000000002000020c                errno
 *(COMMON)
                0x0000000020000210                . = ALIGN (0x4)
                0x0000000020000210                _ebss = .
                0x0000000020000210                __bss_end__ = _ebss

._user_heap_stack
                0x0000000020000210      0x600 load address 0x0000000008003868
                0x0000000020000210                . = ALIGN (0x8)
                [!provide]                        PROVIDE (end = .)
                0x0000000020000210                PROVIDE (_end = .)
                0x0000000020000410                . = (. + _Min_Heap_Size)
 *fill*         0x0000000020000210      0x200 
                0x0000000020000810                . = (. + _Min_Stack_Size)
 *fill*         0x0000000020000410      0x400 
                0x0000000020000810                . = ALIGN (0x8)

/DISCARD/
 libc.a(*)
 libm.a(*)
 libgcc.a(*)

.ARM.attributes
                0x0000000000000000       0x30
 *(.ARM.attributes)
 .ARM.attributes
                0x0000000000000000       0x1e c:/st/stm32cubeide_1.9.0/stm32cubeide/plugins/com.st.stm32cube.ide.mcu.externaltools.gnu-tools-for-stm32.10.3-2021.10.win32_1.0.0.202111181127/tools/bin/../lib/gcc/arm-none-eabi/10.3.1/thumb/v7e-m+fp/hard/crti.o
 .ARM.attributes
                0x000000000000001e       0x34 c:/st/stm32cubeide_1.9.0/stm32cubeide/plugins/com.st.stm32cube.ide.mcu.externaltools.gnu-tools-for-stm32.10.3-2021.10.win32_1.0.0.202111181127/tools/bin/../lib/gcc/arm-none-eabi/10.3.1/thumb/v7e-m+fp/hard/crtbegin.o
 .ARM.attributes
                0x0000000000000052       0x34 ./Core/Src/logic.o
 .ARM.attributes
                0x0000000000000086       0x34 ./Core/Src/main.o
 .ARM.attributes
                0x00000000000000ba       0x34 ./Core/Src/render.o
 .ARM.attributes
                0x00000000000000ee       0x34 ./Core/Src/stm32f4xx_hal_msp.o
 .ARM.attributes
                0x0000000000000122       0x34 ./Core/Src/stm32f4xx_it.o
 .ARM.attributes
                0x0000000000000156       0x34 ./Core/Src/syscalls.o
 .ARM.attributes
                0x000000000000018a       0x34 ./Core/Src/sysmem.o
 .ARM.attributes
                0x00000000000001be       0x34 ./Core/Src/system_stm32f4xx.o
 .ARM.attributes
                0x00000000000001f2       0x21 ./Core/Startup/startup_stm32f446retx.o
 .ARM.attributes
                0x0000000000000213       0x34 ./Drivers/STM32F4xx_HAL_Driver/Src/stm32f4xx_hal.o
 .ARM.attributes
                0x0000000000000247       0x34 ./Drivers/STM32F4xx_HAL_Driver/Src/stm32f4xx_hal_cortex.o
 .ARM.attributes
                0x000000000000027b       0x34 ./Drivers/STM32F4xx_HAL_Driver/Src/stm32f4xx_hal_gpio.o
 .ARM.attributes
                0x00000000000002af       0x34 ./Drivers/STM32F4xx_HAL_Driver/Src/stm32f4xx_hal_rcc.o
 .ARM.attributes
                0x00000000000002e3       0x34 ./Drivers/STM32F4xx_HAL_Driver/Src/stm32f4xx_hal_rcc_ex.o
 .ARM.attributes
                0x0000000000000317       0x34 c:/st/stm32cubeide_1.9.0/stm32cubeide/plugins/com.st.stm32cube.ide.mcu.externaltools.gnu-tools-for-stm32.10.3-2021.10.win32_1.0.0.202111181127/tools/bin/../lib/gcc/arm-none-eabi/10.3.1/../../../../arm-none-eabi/lib/thumb/v7e-m+fp/hard\libc_nano.a(lib_a-clock.o)
 .ARM.attributes
                0x000000000000034b       0x34 c:/st/stm32cubeide_1.9.0/stm32cubeide/plugins/com.st.stm32cube.ide.mcu.externaltools.gnu-tools-for-stm32.10.3-2021.10.win32_1.0.0.202111181127/tools/bin/../lib/gcc/arm-none-eabi/10.3.1/../../../../arm-none-eabi/lib/thumb/v7e-m+fp/hard\libc_nano.a(lib_a-errno.o)
 .ARM.attributes
                0x000000000000037f       0x34 c:/st/stm32cubeide_1.9.0/stm32cubeide/plugins/com.st.stm32cube.ide.mcu.externaltools.gnu-tools-for-stm32.10.3-2021.10.win32_1.0.0.202111181127/tools/bin/../lib/gcc/arm-none-eabi/10.3.1/../../../../arm-none-eabi/lib/thumb/v7e-m+fp/hard\libc_nano.a(lib_a-impure.o)
 .ARM.attributes
                0x00000000000003b3       0x34 c:/st/stm32cubeide_1.9.0/stm32cubeide/plugins/com.st.stm32cube.ide.mcu.externaltools.gnu-tools-for-stm32.10.3-2021.10.win32_1.0.0.202111181127/tools/bin/../lib/gcc/arm-none-eabi/10.3.1/../../../../arm-none-eabi/lib/thumb/v7e-m+fp/hard\libc_nano.a(lib_a-init.o)
 .ARM.attributes
                0x00000000000003e7       0x34 c:/st/stm32cubeide_1.9.0/stm32cubeide/plugins/com.st.stm32cube.ide.mcu.externaltools.gnu-tools-for-stm32.10.3-2021.10.win32_1.0.0.202111181127/tools/bin/../lib/gcc/arm-none-eabi/10.3.1/../../../../arm-none-eabi/lib/thumb/v7e-m+fp/hard\libc_nano.a(lib_a-memset.o)
 .ARM.attributes
                0x000000000000041b       0x34 c:/st/stm32cubeide_1.9.0/stm32cubeide/plugins/com.st.stm32cube.ide.mcu.externaltools.gnu-tools-for-stm32.10.3-2021.10.win32_1.0.0.202111181127/tools/bin/../lib/gcc/arm-none-eabi/10.3.1/../../../../arm-none-eabi/lib/thumb/v7e-m+fp/hard\libc_nano.a(lib_a-rand.o)
 .ARM.attributes
                0x000000000000044f       0x34 c:/st/stm32cubeide_1.9.0/stm32cubeide/plugins/com.st.stm32cube.ide.mcu.externaltools.gnu-tools-for-stm32.10.3-2021.10.win32_1.0.0.202111181127/tools/bin/../lib/gcc/arm-none-eabi/10.3.1/../../../../arm-none-eabi/lib/thumb/v7e-m+fp/hard\libc_nano.a(lib_a-timesr.o)
 .ARM.attributes
                0x0000000000000483       0x34 c:/st/stm32cubeide_1.9.0/stm32cubeide/plugins/com.st.stm32cube.ide.mcu.externaltools.gnu-tools-for-stm32.10.3-2021.10.win32_1.0.0.202111181127/tools/bin/../lib/gcc/arm-none-eabi/10.3.1/../../../../arm-none-eabi/lib/thumb/v7e-m+fp/hard\libc_nano.a(lib_a-assert.o)
 .ARM.attributes
                0x00000000000004b7       0x34 c:/st/stm32cubeide_1.9.0/stm32cubeide/plugins/com.st.stm32cube.ide.mcu.externaltools.gnu-tools-for-stm32.10.3-2021.10.win32_1.0.0.202111181127/tools/bin/../lib/gcc/arm-none-eabi/10.3.1/../../../../arm-none-eabi/lib/thumb/v7e-m+fp/hard\libc_nano.a(lib_a-fprintf.o)
 .ARM.attributes
                0x00000000000004eb       0x34 c:/st/stm32cubeide_1.9.0/stm32cubeide/plugins/com.st.stm32cube.ide.mcu.externaltools.gnu-tools-for-stm32.10.3-2021.10.win32_1.0.0.202111181127/tools/bin/../lib/gcc/arm-none-eabi/10.3.1/../../../../arm-none-eabi/lib/thumb/v7e-m+fp/hard\libc_nano.a(lib_a-malloc.o)
 .ARM.attributes
                0x000000000000051f       0x34 c:/st/stm32cubeide_1.9.0/stm32cubeide/plugins/com.st.stm32cube.ide.mcu.externaltools.gnu-tools-for-stm32.10.3-2021.10.win32_1.0.0.202111181127/tools/bin/../lib/gcc/arm-none-eabi/10.3.1/../../../../arm-none-eabi/lib/thumb/v7e-m+fp/hard\libc_nano.a(lib_a-nano-freer.o)
 .ARM.attributes
                0x0000000000000553       0x34 c:/st/stm32cubeide_1.9.0/stm32cubeide/plugins/com.st.stm32cube.ide.mcu.externaltools.gnu-tools-for-stm32.10.3-2021.10.win32_1.0.0.202111181127/tools/bin/../lib/gcc/arm-none-eabi/10.3.1/../../../../arm-none-eabi/lib/thumb/v7e-m+fp/hard\libc_nano.a(lib_a-nano-mallocr.o)
 .ARM.attributes
                0x0000000000000587       0x34 c:/st/stm32cubeide_1.9.0/stm32cubeide/plugins/com.st.stm32cube.ide.mcu.externaltools.gnu-tools-for-stm32.10.3-2021.10.win32_1.0.0.202111181127/tools/bin/../lib/gcc/arm-none-eabi/10.3.1/../../../../arm-none-eabi/lib/thumb/v7e-m+fp/hard\libc_nano.a(lib_a-nano-vfprintf.o)
 .ARM.attributes
                0x00000000000005bb       0x34 c:/st/stm32cubeide_1.9.0/stm32cubeide/plugins/com.st.stm32cube.ide.mcu.externaltools.gnu-tools-for-stm32.10.3-2021.10.win32_1.0.0.202111181127/tools/bin/../lib/gcc/arm-none-eabi/10.3.1/../../../../arm-none-eabi/lib/thumb/v7e-m+fp/hard\libc_nano.a(lib_a-nano-vfprintf_i.o)
 .ARM.attributes
                0x00000000000005ef       0x34 c:/st/stm32cubeide_1.9.0/stm32cubeide/plugins/com.st.stm32cube.ide.mcu.externaltools.gnu-tools-for-stm32.10.3-2021.10.win32_1.0.0.202111181127/tools/bin/../lib/gcc/arm-none-eabi/10.3.1/../../../../arm-none-eabi/lib/thumb/v7e-m+fp/hard\libc_nano.a(lib_a-sbrkr.o)
 .ARM.attributes
                0x0000000000000623       0x34 c:/st/stm32cubeide_1.9.0/stm32cubeide/plugins/com.st.stm32cube.ide.mcu.externaltools.gnu-tools-for-stm32.10.3-2021.10.win32_1.0.0.202111181127/tools/bin/../lib/gcc/arm-none-eabi/10.3.1/../../../../arm-none-eabi/lib/thumb/v7e-m+fp/hard\libc_nano.a(lib_a-wbuf.o)
 .ARM.attributes
                0x0000000000000657       0x34 c:/st/stm32cubeide_1.9.0/stm32cubeide/plugins/com.st.stm32cube.ide.mcu.externaltools.gnu-tools-for-stm32.10.3-2021.10.win32_1.0.0.202111181127/tools/bin/../lib/gcc/arm-none-eabi/10.3.1/../../../../arm-none-eabi/lib/thumb/v7e-m+fp/hard\libc_nano.a(lib_a-wsetup.o)
 .ARM.attributes
                0x000000000000068b       0x34 c:/st/stm32cubeide_1.9.0/stm32cubeide/plugins/com.st.stm32cube.ide.mcu.externaltools.gnu-tools-for-stm32.10.3-2021.10.win32_1.0.0.202111181127/tools/bin/../lib/gcc/arm-none-eabi/10.3.1/../../../../arm-none-eabi/lib/thumb/v7e-m+fp/hard\libc_nano.a(lib_a-abort.o)
 .ARM.attributes
                0x00000000000006bf       0x34 c:/st/stm32cubeide_1.9.0/stm32cubeide/plugins/com.st.stm32cube.ide.mcu.externaltools.gnu-tools-for-stm32.10.3-2021.10.win32_1.0.0.202111181127/tools/bin/../lib/gcc/arm-none-eabi/10.3.1/../../../../arm-none-eabi/lib/thumb/v7e-m+fp/hard\libc_nano.a(lib_a-fflush.o)
 .ARM.attributes
                0x00000000000006f3       0x34 c:/st/stm32cubeide_1.9.0/stm32cubeide/plugins/com.st.stm32cube.ide.mcu.externaltools.gnu-tools-for-stm32.10.3-2021.10.win32_1.0.0.202111181127/tools/bin/../lib/gcc/arm-none-eabi/10.3.1/../../../../arm-none-eabi/lib/thumb/v7e-m+fp/hard\libc_nano.a(lib_a-findfp.o)
 .ARM.attributes
                0x0000000000000727       0x34 c:/st/stm32cubeide_1.9.0/stm32cubeide/plugins/com.st.stm32cube.ide.mcu.externaltools.gnu-tools-for-stm32.10.3-2021.10.win32_1.0.0.202111181127/tools/bin/../lib/gcc/arm-none-eabi/10.3.1/../../../../arm-none-eabi/lib/thumb/v7e-m+fp/hard\libc_nano.a(lib_a-fwalk.o)
 .ARM.attributes
                0x000000000000075b       0x34 c:/st/stm32cubeide_1.9.0/stm32cubeide/plugins/com.st.stm32cube.ide.mcu.externaltools.gnu-tools-for-stm32.10.3-2021.10.win32_1.0.0.202111181127/tools/bin/../lib/gcc/arm-none-eabi/10.3.1/../../../../arm-none-eabi/lib/thumb/v7e-m+fp/hard\libc_nano.a(lib_a-lock.o)
 .ARM.attributes
                0x000000000000078f       0x34 c:/st/stm32cubeide_1.9.0/stm32cubeide/plugins/com.st.stm32cube.ide.mcu.externaltools.gnu-tools-for-stm32.10.3-2021.10.win32_1.0.0.202111181127/tools/bin/../lib/gcc/arm-none-eabi/10.3.1/../../../../arm-none-eabi/lib/thumb/v7e-m+fp/hard\libc_nano.a(lib_a-makebuf.o)
 .ARM.attributes
                0x00000000000007c3       0x1c c:/st/stm32cubeide_1.9.0/stm32cubeide/plugins/com.st.stm32cube.ide.mcu.externaltools.gnu-tools-for-stm32.10.3-2021.10.win32_1.0.0.202111181127/tools/bin/../lib/gcc/arm-none-eabi/10.3.1/../../../../arm-none-eabi/lib/thumb/v7e-m+fp/hard\libc_nano.a(lib_a-memchr.o)
 .ARM.attributes
                0x00000000000007df       0x34 c:/st/stm32cubeide_1.9.0/stm32cubeide/plugins/com.st.stm32cube.ide.mcu.externaltools.gnu-tools-for-stm32.10.3-2021.10.win32_1.0.0.202111181127/tools/bin/../lib/gcc/arm-none-eabi/10.3.1/../../../../arm-none-eabi/lib/thumb/v7e-m+fp/hard\libc_nano.a(lib_a-mlock.o)
 .ARM.attributes
                0x0000000000000813       0x34 c:/st/stm32cubeide_1.9.0/stm32cubeide/plugins/com.st.stm32cube.ide.mcu.externaltools.gnu-tools-for-stm32.10.3-2021.10.win32_1.0.0.202111181127/tools/bin/../lib/gcc/arm-none-eabi/10.3.1/../../../../arm-none-eabi/lib/thumb/v7e-m+fp/hard\libc_nano.a(lib_a-reent.o)
 .ARM.attributes
                0x0000000000000847       0x34 c:/st/stm32cubeide_1.9.0/stm32cubeide/plugins/com.st.stm32cube.ide.mcu.externaltools.gnu-tools-for-stm32.10.3-2021.10.win32_1.0.0.202111181127/tools/bin/../lib/gcc/arm-none-eabi/10.3.1/../../../../arm-none-eabi/lib/thumb/v7e-m+fp/hard\libc_nano.a(lib_a-signal.o)
 .ARM.attributes
                0x000000000000087b       0x34 c:/st/stm32cubeide_1.9.0/stm32cubeide/plugins/com.st.stm32cube.ide.mcu.externaltools.gnu-tools-for-stm32.10.3-2021.10.win32_1.0.0.202111181127/tools/bin/../lib/gcc/arm-none-eabi/10.3.1/../../../../arm-none-eabi/lib/thumb/v7e-m+fp/hard\libc_nano.a(lib_a-signalr.o)
 .ARM.attributes
                0x00000000000008af       0x34 c:/st/stm32cubeide_1.9.0/stm32cubeide/plugins/com.st.stm32cube.ide.mcu.externaltools.gnu-tools-for-stm32.10.3-2021.10.win32_1.0.0.202111181127/tools/bin/../lib/gcc/arm-none-eabi/10.3.1/../../../../arm-none-eabi/lib/thumb/v7e-m+fp/hard\libc_nano.a(lib_a-stdio.o)
 .ARM.attributes
                0x00000000000008e3       0x34 c:/st/stm32cubeide_1.9.0/stm32cubeide/plugins/com.st.stm32cube.ide.mcu.externaltools.gnu-tools-for-stm32.10.3-2021.10.win32_1.0.0.202111181127/tools/bin/../lib/gcc/arm-none-eabi/10.3.1/../../../../arm-none-eabi/lib/thumb/v7e-m+fp/hard\libc_nano.a(lib_a-writer.o)
 .ARM.attributes
                0x0000000000000917       0x34 c:/st/stm32cubeide_1.9.0/stm32cubeide/plugins/com.st.stm32cube.ide.mcu.externaltools.gnu-tools-for-stm32.10.3-2021.10.win32_1.0.0.202111181127/tools/bin/../lib/gcc/arm-none-eabi/10.3.1/../../../../arm-none-eabi/lib/thumb/v7e-m+fp/hard\libc_nano.a(lib_a-closer.o)
 .ARM.attributes
                0x000000000000094b       0x34 c:/st/stm32cubeide_1.9.0/stm32cubeide/plugins/com.st.stm32cube.ide.mcu.externaltools.gnu-tools-for-stm32.10.3-2021.10.win32_1.0.0.202111181127/tools/bin/../lib/gcc/arm-none-eabi/10.3.1/../../../../arm-none-eabi/lib/thumb/v7e-m+fp/hard\libc_nano.a(lib_a-fstatr.o)
 .ARM.attributes
                0x000000000000097f       0x34 c:/st/stm32cubeide_1.9.0/stm32cubeide/plugins/com.st.stm32cube.ide.mcu.externaltools.gnu-tools-for-stm32.10.3-2021.10.win32_1.0.0.202111181127/tools/bin/../lib/gcc/arm-none-eabi/10.3.1/../../../../arm-none-eabi/lib/thumb/v7e-m+fp/hard\libc_nano.a(lib_a-isattyr.o)
 .ARM.attributes
                0x00000000000009b3       0x34 c:/st/stm32cubeide_1.9.0/stm32cubeide/plugins/com.st.stm32cube.ide.mcu.externaltools.gnu-tools-for-stm32.10.3-2021.10.win32_1.0.0.202111181127/tools/bin/../lib/gcc/arm-none-eabi/10.3.1/../../../../arm-none-eabi/lib/thumb/v7e-m+fp/hard\libc_nano.a(lib_a-lseekr.o)
 .ARM.attributes
                0x00000000000009e7       0x34 c:/st/stm32cubeide_1.9.0/stm32cubeide/plugins/com.st.stm32cube.ide.mcu.externaltools.gnu-tools-for-stm32.10.3-2021.10.win32_1.0.0.202111181127/tools/bin/../lib/gcc/arm-none-eabi/10.3.1/../../../../arm-none-eabi/lib/thumb/v7e-m+fp/hard\libc_nano.a(lib_a-readr.o)
 .ARM.attributes
                0x0000000000000a1b       0x1e c:/st/stm32cubeide_1.9.0/stm32cubeide/plugins/com.st.stm32cube.ide.mcu.externaltools.gnu-tools-for-stm32.10.3-2021.10.win32_1.0.0.202111181127/tools/bin/../lib/gcc/arm-none-eabi/10.3.1/thumb/v7e-m+fp/hard\libgcc.a(_aeabi_uldivmod.o)
 .ARM.attributes
                0x0000000000000a39       0x34 c:/st/stm32cubeide_1.9.0/stm32cubeide/plugins/com.st.stm32cube.ide.mcu.externaltools.gnu-tools-for-stm32.10.3-2021.10.win32_1.0.0.202111181127/tools/bin/../lib/gcc/arm-none-eabi/10.3.1/thumb/v7e-m+fp/hard\libgcc.a(_udivmoddi4.o)
 .ARM.attributes
                0x0000000000000a6d       0x1e c:/st/stm32cubeide_1.9.0/stm32cubeide/plugins/com.st.stm32cube.ide.mcu.externaltools.gnu-tools-for-stm32.10.3-2021.10.win32_1.0.0.202111181127/tools/bin/../lib/gcc/arm-none-eabi/10.3.1/thumb/v7e-m+fp/hard\libgcc.a(_dvmd_tls.o)
 .ARM.attributes
                0x0000000000000a8b       0x1e c:/st/stm32cubeide_1.9.0/stm32cubeide/plugins/com.st.stm32cube.ide.mcu.externaltools.gnu-tools-for-stm32.10.3-2021.10.win32_1.0.0.202111181127/tools/bin/../lib/gcc/arm-none-eabi/10.3.1/thumb/v7e-m+fp/hard/crtn.o
OUTPUT(003Snake.elf elf32-littlearm)
LOAD linker stubs
LOAD c:/st/stm32cubeide_1.9.0/stm32cubeide/plugins/com.st.stm32cube.ide.mcu.externaltools.gnu-tools-for-stm32.10.3-2021.10.win32_1.0.0.202111181127/tools/bin/../lib/gcc/arm-none-eabi/10.3.1/../../../../arm-none-eabi/lib/thumb/v7e-m+fp/hard\libc.a
LOAD c:/st/stm32cubeide_1.9.0/stm32cubeide/plugins/com.st.stm32cube.ide.mcu.externaltools.gnu-tools-for-stm32.10.3-2021.10.win32_1.0.0.202111181127/tools/bin/../lib/gcc/arm-none-eabi/10.3.1/../../../../arm-none-eabi/lib/thumb/v7e-m+fp/hard\libm.a
LOAD c:/st/stm32cubeide_1.9.0/stm32cubeide/plugins/com.st.stm32cube.ide.mcu.externaltools.gnu-tools-for-stm32.10.3-2021.10.win32_1.0.0.202111181127/tools/bin/../lib/gcc/arm-none-eabi/10.3.1/thumb/v7e-m+fp/hard\libgcc.a

.debug_info     0x0000000000000000     0x571f
 .debug_info    0x0000000000000000      0x39b ./Core/Src/logic.o
 .debug_info    0x000000000000039b      0xa43 ./Core/Src/main.o
 .debug_info    0x0000000000000dde      0x38e ./Core/Src/render.o
 .debug_info    0x000000000000116c      0x2e0 ./Core/Src/stm32f4xx_hal_msp.o
 .debug_info    0x000000000000144c      0x1a5 ./Core/Src/stm32f4xx_it.o
 .debug_info    0x00000000000015f1      0x6e0 ./Core/Src/syscalls.o
 .debug_info    0x0000000000001cd1      0x171 ./Core/Src/sysmem.o
 .debug_info    0x0000000000001e42      0x55b ./Core/Src/system_stm32f4xx.o
 .debug_info    0x000000000000239d       0x22 ./Core/Startup/startup_stm32f446retx.o
 .debug_info    0x00000000000023bf      0x9d2 ./Drivers/STM32F4xx_HAL_Driver/Src/stm32f4xx_hal.o
 .debug_info    0x0000000000002d91      0xe39 ./Drivers/STM32F4xx_HAL_Driver/Src/stm32f4xx_hal_cortex.o
 .debug_info    0x0000000000003bca      0x7be ./Drivers/STM32F4xx_HAL_Driver/Src/stm32f4xx_hal_gpio.o
 .debug_info    0x0000000000004388      0x9ab ./Drivers/STM32F4xx_HAL_Driver/Src/stm32f4xx_hal_rcc.o
 .debug_info    0x0000000000004d33      0x9ec ./Drivers/STM32F4xx_HAL_Driver/Src/stm32f4xx_hal_rcc_ex.o

.debug_abbrev   0x0000000000000000     0x15fc
 .debug_abbrev  0x0000000000000000      0x1ce ./Core/Src/logic.o
 .debug_abbrev  0x00000000000001ce      0x24d ./Core/Src/main.o
 .debug_abbrev  0x000000000000041b      0x14c ./Core/Src/render.o
 .debug_abbrev  0x0000000000000567       0xd4 ./Core/Src/stm32f4xx_hal_msp.o
 .debug_abbrev  0x000000000000063b       0x9f ./Core/Src/stm32f4xx_it.o
 .debug_abbrev  0x00000000000006da      0x1b3 ./Core/Src/syscalls.o
 .debug_abbrev  0x000000000000088d       0xbb ./Core/Src/sysmem.o
 .debug_abbrev  0x0000000000000948      0x116 ./Core/Src/system_stm32f4xx.o
 .debug_abbrev  0x0000000000000a5e       0x12 ./Core/Startup/startup_stm32f446retx.o
 .debug_abbrev  0x0000000000000a70      0x20d ./Drivers/STM32F4xx_HAL_Driver/Src/stm32f4xx_hal.o
 .debug_abbrev  0x0000000000000c7d      0x316 ./Drivers/STM32F4xx_HAL_Driver/Src/stm32f4xx_hal_cortex.o
 .debug_abbrev  0x0000000000000f93      0x1c4 ./Drivers/STM32F4xx_HAL_Driver/Src/stm32f4xx_hal_gpio.o
 .debug_abbrev  0x0000000000001157      0x2aa ./Drivers/STM32F4xx_HAL_Driver/Src/stm32f4xx_hal_rcc.o
 .debug_abbrev  0x0000000000001401      0x1fb ./Drivers/STM32F4xx_HAL_Driver/Src/stm32f4xx_hal_rcc_ex.o

.debug_aranges  0x0000000000000000      0x5e0
 .debug_aranges
                0x0000000000000000       0x60 ./Core/Src/logic.o
 .debug_aranges
                0x0000000000000060       0x40 ./Core/Src/main.o
 .debug_aranges
                0x00000000000000a0       0x28 ./Core/Src/render.o
 .debug_aranges
                0x00000000000000c8       0x20 ./Core/Src/stm32f4xx_hal_msp.o
 .debug_aranges
                0x00000000000000e8       0x80 ./Core/Src/stm32f4xx_it.o
 .debug_aranges
                0x0000000000000168       0xa8 ./Core/Src/syscalls.o
 .debug_aranges
                0x0000000000000210       0x20 ./Core/Src/sysmem.o
 .debug_aranges
                0x0000000000000230       0x28 ./Core/Src/system_stm32f4xx.o
 .debug_aranges
                0x0000000000000258       0x28 ./Core/Startup/startup_stm32f446retx.o
 .debug_aranges
                0x0000000000000280       0xf0 ./Drivers/STM32F4xx_HAL_Driver/Src/stm32f4xx_hal.o
 .debug_aranges
                0x0000000000000370      0x118 ./Drivers/STM32F4xx_HAL_Driver/Src/stm32f4xx_hal_cortex.o
 .debug_aranges
                0x0000000000000488       0x58 ./Drivers/STM32F4xx_HAL_Driver/Src/stm32f4xx_hal_gpio.o
 .debug_aranges
                0x00000000000004e0       0x88 ./Drivers/STM32F4xx_HAL_Driver/Src/stm32f4xx_hal_rcc.o
 .debug_aranges
                0x0000000000000568       0x78 ./Drivers/STM32F4xx_HAL_Driver/Src/stm32f4xx_hal_rcc_ex.o

.debug_ranges   0x0000000000000000      0x508
 .debug_ranges  0x0000000000000000       0x50 ./Core/Src/logic.o
 .debug_ranges  0x0000000000000050       0x30 ./Core/Src/main.o
 .debug_ranges  0x0000000000000080       0x18 ./Core/Src/render.o
 .debug_ranges  0x0000000000000098       0x10 ./Core/Src/stm32f4xx_hal_msp.o
 .debug_ranges  0x00000000000000a8       0x70 ./Core/Src/stm32f4xx_it.o
 .debug_ranges  0x0000000000000118       0x98 ./Core/Src/syscalls.o
 .debug_ranges  0x00000000000001b0       0x10 ./Core/Src/sysmem.o
 .debug_ranges  0x00000000000001c0       0x18 ./Core/Src/system_stm32f4xx.o
 .debug_ranges  0x00000000000001d8       0x20 ./Core/Startup/startup_stm32f446retx.o
 .debug_ranges  0x00000000000001f8       0xe0 ./Drivers/STM32F4xx_HAL_Driver/Src/stm32f4xx_hal.o
 .debug_ranges  0x00000000000002d8      0x108 ./Drivers/STM32F4xx_HAL_Driver/Src/stm32f4xx_hal_cortex.o
 .debug_ranges  0x00000000000003e0       0x48 ./Drivers/STM32F4xx_HAL_Driver/Src/stm32f4xx_hal_gpio.o
 .debug_ranges  0x0000000000000428       0x78 ./Drivers/STM32F4xx_HAL_Driver/Src/stm32f4xx_hal_rcc.o
 .debug_ranges  0x00000000000004a0       0x68 ./Drivers/STM32F4xx_HAL_Driver/Src/stm32f4xx_hal_rcc_ex.o

.debug_macro    0x0000000000000000    0x21c63
 .debug_macro   0x0000000000000000      0x380 ./Core/Src/logic.o
 .debug_macro   0x0000000000000380      0xa78 ./Core/Src/logic.o
 .debug_macro   0x0000000000000df8       0x22 ./Core/Src/logic.o
 .debug_macro   0x0000000000000e1a       0x4c ./Core/Src/logic.o
 .debug_macro   0x0000000000000e66       0x1e ./Core/Src/logic.o
 .debug_macro   0x0000000000000e84       0x94 ./Core/Src/logic.o
 .debug_macro   0x0000000000000f18       0x3c ./Core/Src/logic.o
 .debug_macro   0x0000000000000f54       0x34 ./Core/Src/logic.o
 .debug_macro   0x0000000000000f88       0x16 ./Core/Src/logic.o
 .debug_macro   0x0000000000000f9e       0x57 ./Core/Src/logic.o
 .debug_macro   0x0000000000000ff5       0x97 ./Core/Src/logic.o
 .debug_macro   0x000000000000108c      0x341 ./Core/Src/logic.o
 .debug_macro   0x00000000000013cd       0xfd ./Core/Src/logic.o
 .debug_macro   0x00000000000014ca       0x10 ./Core/Src/logic.o
 .debug_macro   0x00000000000014da       0x16 ./Core/Src/logic.o
 .debug_macro   0x00000000000014f0       0x43 ./Core/Src/logic.o
 .debug_macro   0x0000000000001533       0x34 ./Core/Src/logic.o
 .debug_macro   0x0000000000001567       0x10 ./Core/Src/logic.o
 .debug_macro   0x0000000000001577       0x58 ./Core/Src/logic.o
 .debug_macro   0x00000000000015cf       0x71 ./Core/Src/logic.o
 .debug_macro   0x0000000000001640       0x1c ./Core/Src/logic.o
 .debug_macro   0x000000000000165c      0x12a ./Core/Src/logic.o
 .debug_macro   0x0000000000001786       0x10 ./Core/Src/logic.o
 .debug_macro   0x0000000000001796       0x6a ./Core/Src/logic.o
 .debug_macro   0x0000000000001800       0x1c ./Core/Src/logic.o
 .debug_macro   0x000000000000181c       0x52 ./Core/Src/logic.o
 .debug_macro   0x000000000000186e       0x22 ./Core/Src/logic.o
 .debug_macro   0x0000000000001890       0x10 ./Core/Src/logic.o
 .debug_macro   0x00000000000018a0       0x52 ./Core/Src/logic.o
 .debug_macro   0x00000000000018f2       0xd5 ./Core/Src/logic.o
 .debug_macro   0x00000000000019c7       0x1c ./Core/Src/logic.o
 .debug_macro   0x00000000000019e3       0x3d ./Core/Src/logic.o
 .debug_macro   0x0000000000001a20       0x16 ./Core/Src/logic.o
 .debug_macro   0x0000000000001a36      0x145 ./Core/Src/logic.o
 .debug_macro   0x0000000000001b7b       0x16 ./Core/Src/logic.o
 .debug_macro   0x0000000000001b91       0x35 ./Core/Src/logic.o
 .debug_macro   0x0000000000001bc6       0x16 ./Core/Src/logic.o
 .debug_macro   0x0000000000001bdc       0x29 ./Core/Src/logic.o
 .debug_macro   0x0000000000001c05       0x16 ./Core/Src/logic.o
 .debug_macro   0x0000000000001c1b       0x10 ./Core/Src/logic.o
 .debug_macro   0x0000000000001c2b       0x10 ./Core/Src/logic.o
 .debug_macro   0x0000000000001c3b       0x35 ./Core/Src/logic.o
 .debug_macro   0x0000000000001c70      0x28f ./Core/Src/logic.o
 .debug_macro   0x0000000000001eff       0x2e ./Core/Src/logic.o
 .debug_macro   0x0000000000001f2d       0x28 ./Core/Src/logic.o
 .debug_macro   0x0000000000001f55      0x103 ./Core/Src/logic.o
 .debug_macro   0x0000000000002058      0x1df ./Core/Src/logic.o
 .debug_macro   0x0000000000002237       0x1c ./Core/Src/logic.o
 .debug_macro   0x0000000000002253       0x22 ./Core/Src/logic.o
 .debug_macro   0x0000000000002275       0xd9 ./Core/Src/logic.o
 .debug_macro   0x000000000000234e     0x102d ./Core/Src/logic.o
 .debug_macro   0x000000000000337b      0x11f ./Core/Src/logic.o
 .debug_macro   0x000000000000349a    0x16749 ./Core/Src/logic.o
 .debug_macro   0x0000000000019be3       0x6d ./Core/Src/logic.o
 .debug_macro   0x0000000000019c50     0x367e ./Core/Src/logic.o
 .debug_macro   0x000000000001d2ce       0x56 ./Core/Src/logic.o
 .debug_macro   0x000000000001d324      0xc90 ./Core/Src/logic.o
 .debug_macro   0x000000000001dfb4      0x9fe ./Core/Src/logic.o
 .debug_macro   0x000000000001e9b2      0x115 ./Core/Src/logic.o
 .debug_macro   0x000000000001eac7      0x1a0 ./Core/Src/logic.o
 .debug_macro   0x000000000001ec67       0xa5 ./Core/Src/logic.o
 .debug_macro   0x000000000001ed0c      0x16d ./Core/Src/logic.o
 .debug_macro   0x000000000001ee79      0x287 ./Core/Src/logic.o
 .debug_macro   0x000000000001f100       0x5f ./Core/Src/logic.o
 .debug_macro   0x000000000001f15f      0x236 ./Core/Src/logic.o
 .debug_macro   0x000000000001f395      0x132 ./Core/Src/logic.o
 .debug_macro   0x000000000001f4c7      0x29c ./Core/Src/logic.o
 .debug_macro   0x000000000001f763       0x2e ./Core/Src/logic.o
 .debug_macro   0x000000000001f791      0x11a ./Core/Src/logic.o
 .debug_macro   0x000000000001f8ab       0xe8 ./Core/Src/logic.o
 .debug_macro   0x000000000001f993       0x89 ./Core/Src/logic.o
 .debug_macro   0x000000000001fa1c      0x126 ./Core/Src/logic.o
 .debug_macro   0x000000000001fb42      0x1c9 ./Core/Src/main.o
 .debug_macro   0x000000000001fd0b       0x8e ./Core/Src/main.o
 .debug_macro   0x000000000001fd99       0x51 ./Core/Src/main.o
 .debug_macro   0x000000000001fdea      0x174 ./Core/Src/main.o
 .debug_macro   0x000000000001ff5e       0x5c ./Core/Src/main.o
 .debug_macro   0x000000000001ffba      0x10c ./Core/Src/main.o
 .debug_macro   0x00000000000200c6      0x1bf ./Core/Src/render.o
 .debug_macro   0x0000000000020285      0x1bf ./Core/Src/stm32f4xx_hal_msp.o
 .debug_macro   0x0000000000020444      0x1c9 ./Core/Src/stm32f4xx_it.o
 .debug_macro   0x000000000002060d      0x24c ./Core/Src/syscalls.o
 .debug_macro   0x0000000000020859       0x10 ./Core/Src/syscalls.o
 .debug_macro   0x0000000000020869      0x12c ./Core/Src/syscalls.o
 .debug_macro   0x0000000000020995       0x10 ./Core/Src/syscalls.o
 .debug_macro   0x00000000000209a5      0x241 ./Core/Src/syscalls.o
 .debug_macro   0x0000000000020be6       0x1c ./Core/Src/syscalls.o
 .debug_macro   0x0000000000020c02       0x10 ./Core/Src/syscalls.o
 .debug_macro   0x0000000000020c12      0x189 ./Core/Src/syscalls.o
 .debug_macro   0x0000000000020d9b       0x16 ./Core/Src/syscalls.o
 .debug_macro   0x0000000000020db1       0xce ./Core/Src/syscalls.o
 .debug_macro   0x0000000000020e7f       0xff ./Core/Src/sysmem.o
 .debug_macro   0x0000000000020f7e      0x23b ./Core/Src/sysmem.o
 .debug_macro   0x00000000000211b9      0x1b0 ./Core/Src/system_stm32f4xx.o
 .debug_macro   0x0000000000021369      0x210 ./Drivers/STM32F4xx_HAL_Driver/Src/stm32f4xx_hal.o
 .debug_macro   0x0000000000021579      0x1b0 ./Drivers/STM32F4xx_HAL_Driver/Src/stm32f4xx_hal_cortex.o
 .debug_macro   0x0000000000021729      0x1b6 ./Drivers/STM32F4xx_HAL_Driver/Src/stm32f4xx_hal_gpio.o
 .debug_macro   0x00000000000218df      0x1d4 ./Drivers/STM32F4xx_HAL_Driver/Src/stm32f4xx_hal_rcc.o
 .debug_macro   0x0000000000021ab3      0x1b0 ./Drivers/STM32F4xx_HAL_Driver/Src/stm32f4xx_hal_rcc_ex.o

.debug_line     0x0000000000000000     0x7d0a
 .debug_line    0x0000000000000000      0xbce ./Core/Src/logic.o
 .debug_line    0x0000000000000bce      0x776 ./Core/Src/main.o
 .debug_line    0x0000000000001344      0x724 ./Core/Src/render.o
 .debug_line    0x0000000000001a68      0x66e ./Core/Src/stm32f4xx_hal_msp.o
 .debug_line    0x00000000000020d6      0x795 ./Core/Src/stm32f4xx_it.o
 .debug_line    0x000000000000286b      0x7ef ./Core/Src/syscalls.o
 .debug_line    0x000000000000305a      0x4e5 ./Core/Src/sysmem.o
 .debug_line    0x000000000000353f      0x6f0 ./Core/Src/system_stm32f4xx.o
 .debug_line    0x0000000000003c2f       0x88 ./Core/Startup/startup_stm32f446retx.o
 .debug_line    0x0000000000003cb7      0x956 ./Drivers/STM32F4xx_HAL_Driver/Src/stm32f4xx_hal.o
 .debug_line    0x000000000000460d      0xc05 ./Drivers/STM32F4xx_HAL_Driver/Src/stm32f4xx_hal_cortex.o
 .debug_line    0x0000000000005212      0xab6 ./Drivers/STM32F4xx_HAL_Driver/Src/stm32f4xx_hal_gpio.o
 .debug_line    0x0000000000005cc8      0xcdc ./Drivers/STM32F4xx_HAL_Driver/Src/stm32f4xx_hal_rcc.o
 .debug_line    0x00000000000069a4     0x1366 ./Drivers/STM32F4xx_HAL_Driver/Src/stm32f4xx_hal_rcc_ex.o

.debug_str      0x0000000000000000    0xc7364
 .debug_str     0x0000000000000000    0xc3ec4 ./Core/Src/logic.o
                                      0xc417e (size before relaxing)
 .debug_str     0x00000000000c3ec4      0xc51 ./Core/Src/main.o
                                      0xc0e14 (size before relaxing)
 .debug_str     0x00000000000c4b15       0x4a ./Core/Src/render.o
                                      0xc0587 (size before relaxing)
 .debug_str     0x00000000000c4b5f       0x2c ./Core/Src/stm32f4xx_hal_msp.o
                                      0xc05c6 (size before relaxing)
 .debug_str     0x00000000000c4b8b      0x12c ./Core/Src/stm32f4xx_it.o
                                      0xc05b5 (size before relaxing)
 .debug_str     0x00000000000c4cb7     0x158d ./Core/Src/syscalls.o
                                       0x8a70 (size before relaxing)
 .debug_str     0x00000000000c6244       0x6b ./Core/Src/sysmem.o
                                       0x5dac (size before relaxing)
 .debug_str     0x00000000000c62af       0xdb ./Core/Src/system_stm32f4xx.o
                                      0xc0311 (size before relaxing)
 .debug_str     0x00000000000c638a       0x36 ./Core/Startup/startup_stm32f446retx.o
                                         0x6e (size before relaxing)
 .debug_str     0x00000000000c63c0      0x608 ./Drivers/STM32F4xx_HAL_Driver/Src/stm32f4xx_hal.o
                                      0xc0ed6 (size before relaxing)
 .debug_str     0x00000000000c69c8      0x34d ./Drivers/STM32F4xx_HAL_Driver/Src/stm32f4xx_hal_cortex.o
                                      0xc0be4 (size before relaxing)
 .debug_str     0x00000000000c6d15       0xf8 ./Drivers/STM32F4xx_HAL_Driver/Src/stm32f4xx_hal_gpio.o
                                      0xc048c (size before relaxing)
 .debug_str     0x00000000000c6e0d      0x233 ./Drivers/STM32F4xx_HAL_Driver/Src/stm32f4xx_hal_rcc.o
                                      0xc074a (size before relaxing)
 .debug_str     0x00000000000c7040      0x324 ./Drivers/STM32F4xx_HAL_Driver/Src/stm32f4xx_hal_rcc_ex.o
                                      0xc077d (size before relaxing)

.comment        0x0000000000000000       0x50
 .comment       0x0000000000000000       0x50 ./Core/Src/logic.o
                                         0x51 (size before relaxing)
 .comment       0x0000000000000050       0x51 ./Core/Src/main.o
 .comment       0x0000000000000050       0x51 ./Core/Src/render.o
 .comment       0x0000000000000050       0x51 ./Core/Src/stm32f4xx_hal_msp.o
 .comment       0x0000000000000050       0x51 ./Core/Src/stm32f4xx_it.o
 .comment       0x0000000000000050       0x51 ./Core/Src/syscalls.o
 .comment       0x0000000000000050       0x51 ./Core/Src/sysmem.o
 .comment       0x0000000000000050       0x51 ./Core/Src/system_stm32f4xx.o
 .comment       0x0000000000000050       0x51 ./Drivers/STM32F4xx_HAL_Driver/Src/stm32f4xx_hal.o
 .comment       0x0000000000000050       0x51 ./Drivers/STM32F4xx_HAL_Driver/Src/stm32f4xx_hal_cortex.o
 .comment       0x0000000000000050       0x51 ./Drivers/STM32F4xx_HAL_Driver/Src/stm32f4xx_hal_gpio.o
 .comment       0x0000000000000050       0x51 ./Drivers/STM32F4xx_HAL_Driver/Src/stm32f4xx_hal_rcc.o
 .comment       0x0000000000000050       0x51 ./Drivers/STM32F4xx_HAL_Driver/Src/stm32f4xx_hal_rcc_ex.o

.debug_frame    0x0000000000000000     0x1f18
 .debug_frame   0x0000000000000000      0x150 ./Core/Src/logic.o
 .debug_frame   0x0000000000000150       0xb0 ./Core/Src/main.o
 .debug_frame   0x0000000000000200       0x5c ./Core/Src/render.o
 .debug_frame   0x000000000000025c       0x38 ./Core/Src/stm32f4xx_hal_msp.o
 .debug_frame   0x0000000000000294      0x174 ./Core/Src/stm32f4xx_it.o
 .debug_frame   0x0000000000000408      0x2ac ./Core/Src/syscalls.o
 .debug_frame   0x00000000000006b4       0x34 ./Core/Src/sysmem.o
 .debug_frame   0x00000000000006e8       0x58 ./Core/Src/system_stm32f4xx.o
 .debug_frame   0x0000000000000740      0x374 ./Drivers/STM32F4xx_HAL_Driver/Src/stm32f4xx_hal.o
 .debug_frame   0x0000000000000ab4      0x498 ./Drivers/STM32F4xx_HAL_Driver/Src/stm32f4xx_hal_cortex.o
 .debug_frame   0x0000000000000f4c      0x14c ./Drivers/STM32F4xx_HAL_Driver/Src/stm32f4xx_hal_gpio.o
 .debug_frame   0x0000000000001098      0x1f4 ./Drivers/STM32F4xx_HAL_Driver/Src/stm32f4xx_hal_rcc.o
 .debug_frame   0x000000000000128c      0x1e8 ./Drivers/STM32F4xx_HAL_Driver/Src/stm32f4xx_hal_rcc_ex.o
 .debug_frame   0x0000000000001474       0x28 c:/st/stm32cubeide_1.9.0/stm32cubeide/plugins/com.st.stm32cube.ide.mcu.externaltools.gnu-tools-for-stm32.10.3-2021.10.win32_1.0.0.202111181127/tools/bin/../lib/gcc/arm-none-eabi/10.3.1/../../../../arm-none-eabi/lib/thumb/v7e-m+fp/hard\libc_nano.a(lib_a-clock.o)