../Core/Src/main.c:69:6:changePulse	32	static
../Core/Src/main.c:82:5:main	8	static
../Core/Src/main.c:131:6:SystemClock_Config	88	static
../Core/Src/main.c:179:13:MX_ADC1_Init	24	static
../Core/Src/main.c:231:13:MX_DAC_Init	16	static
../Core/Src/main.c:271:13:MX_TIM3_Init	64	static
../Core/Src/main.c:331:13:MX_USART2_UART_Init	8	static
../Core/Src/main.c:362:13:MX_DMA_Init	16	static
../Core/Src/main.c:380:13:MX_GPIO_Init	16	static
../Core/Src/main.c:397:6:Error_Handler	4	static,ignoring_inline_asm
