Archive member included to satisfy reference by file (symbol)

c:/st/stm32cubeide_1.9.0/stm32cubeide/plugins/com.st.stm32cube.ide.mcu.externaltools.gnu-tools-for-stm32.10.3-2021.10.win32_1.0.0.202111181127/tools/bin/../lib/gcc/arm-none-eabi/10.3.1/../../../../arm-none-eabi/lib/thumb/v7e-m+fp/hard\libc_nano.a(lib_a-errno.o)
                              ./Core/Src/syscalls.o (__errno)
c:/st/stm32cubeide_1.9.0/stm32cubeide/plugins/com.st.stm32cube.ide.mcu.externaltools.gnu-tools-for-stm32.10.3-2021.10.win32_1.0.0.202111181127/tools/bin/../lib/gcc/arm-none-eabi/10.3.1/../../../../arm-none-eabi/lib/thumb/v7e-m+fp/hard\libc_nano.a(lib_a-exit.o)
                              c:/st/stm32cubeide_1.9.0/stm32cubeide/plugins/com.st.stm32cube.ide.mcu.externaltools.gnu-tools-for-stm32.10.3-2021.10.win32_1.0.0.202111181127/tools/bin/../lib/gcc/arm-none-eabi/10.3.1/../../../../arm-none-eabi/lib/thumb/v7e-m+fp/hard/crt0.o (exit)
c:/st/stm32cubeide_1.9.0/stm32cubeide/plugins/com.st.stm32cube.ide.mcu.externaltools.gnu-tools-for-stm32.10.3-2021.10.win32_1.0.0.202111181127/tools/bin/../lib/gcc/arm-none-eabi/10.3.1/../../../../arm-none-eabi/lib/thumb/v7e-m+fp/hard\libc_nano.a(lib_a-impure.o)
                              c:/st/stm32cubeide_1.9.0/stm32cubeide/plugins/com.st.stm32cube.ide.mcu.externaltools.gnu-tools-for-stm32.10.3-2021.10.win32_1.0.0.202111181127/tools/bin/../lib/gcc/arm-none-eabi/10.3.1/../../../../arm-none-eabi/lib/thumb/v7e-m+fp/hard\libc_nano.a(lib_a-exit.o) (_global_impure_ptr)
c:/st/stm32cubeide_1.9.0/stm32cubeide/plugins/com.st.stm32cube.ide.mcu.externaltools.gnu-tools-for-stm32.10.3-2021.10.win32_1.0.0.202111181127/tools/bin/../lib/gcc/arm-none-eabi/10.3.1/../../../../arm-none-eabi/lib/thumb/v7e-m+fp/hard\libc_nano.a(lib_a-init.o)
                              c:/st/stm32cubeide_1.9.0/stm32cubeide/plugins/com.st.stm32cube.ide.mcu.externaltools.gnu-tools-for-stm32.10.3-2021.10.win32_1.0.0.202111181127/tools/bin/../lib/gcc/arm-none-eabi/10.3.1/../../../../arm-none-eabi/lib/thumb/v7e-m+fp/hard/crt0.o (__libc_init_array)
c:/st/stm32cubeide_1.9.0/stm32cubeide/plugins/com.st.stm32cube.ide.mcu.externaltools.gnu-tools-for-stm32.10.3-2021.10.win32_1.0.0.202111181127/tools/bin/../lib/gcc/arm-none-eabi/10.3.1/../../../../arm-none-eabi/lib/thumb/v7e-m+fp/hard\libc_nano.a(lib_a-memcmp.o)
                              ./Core/Src/auxiliary.o (memcmp)
c:/st/stm32cubeide_1.9.0/stm32cubeide/plugins/com.st.stm32cube.ide.mcu.externaltools.gnu-tools-for-stm32.10.3-2021.10.win32_1.0.0.202111181127/tools/bin/../lib/gcc/arm-none-eabi/10.3.1/../../../../arm-none-eabi/lib/thumb/v7e-m+fp/hard\libc_nano.a(lib_a-memset.o)
                              c:/st/stm32cubeide_1.9.0/stm32cubeide/plugins/com.st.stm32cube.ide.mcu.externaltools.gnu-tools-for-stm32.10.3-2021.10.win32_1.0.0.202111181127/tools/bin/../lib/gcc/arm-none-eabi/10.3.1/../../../../arm-none-eabi/lib/thumb/v7e-m+fp/hard/crt0.o (memset)
c:/st/stm32cubeide_1.9.0/stm32cubeide/plugins/com.st.stm32cube.ide.mcu.externaltools.gnu-tools-for-stm32.10.3-2021.10.win32_1.0.0.202111181127/tools/bin/../lib/gcc/arm-none-eabi/10.3.1/thumb/v7e-m+fp/hard\libgcc.a(_aeabi_uldivmod.o)
                              ./Drivers/STM32F4xx_HAL_Driver/Src/stm32f4xx_hal_rcc.o (__aeabi_uldivmod)
c:/st/stm32cubeide_1.9.0/stm32cubeide/plugins/com.st.stm32cube.ide.mcu.externaltools.gnu-tools-for-stm32.10.3-2021.10.win32_1.0.0.202111181127/tools/bin/../lib/gcc/arm-none-eabi/10.3.1/thumb/v7e-m+fp/hard\libgcc.a(_udivmoddi4.o)
                              c:/st/stm32cubeide_1.9.0/stm32cubeide/plugins/com.st.stm32cube.ide.mcu.externaltools.gnu-tools-for-stm32.10.3-2021.10.win32_1.0.0.202111181127/tools/bin/../lib/gcc/arm-none-eabi/10.3.1/thumb/v7e-m+fp/hard\libgcc.a(_aeabi_uldivmod.o) (__udivmoddi4)
c:/st/stm32cubeide_1.9.0/stm32cubeide/plugins/com.st.stm32cube.ide.mcu.externaltools.gnu-tools-for-stm32.10.3-2021.10.win32_1.0.0.202111181127/tools/bin/../lib/gcc/arm-none-eabi/10.3.1/thumb/v7e-m+fp/hard\libgcc.a(_dvmd_tls.o)
                              c:/st/stm32cubeide_1.9.0/stm32cubeide/plugins/com.st.stm32cube.ide.mcu.externaltools.gnu-tools-for-stm32.10.3-2021.10.win32_1.0.0.202111181127/tools/bin/../lib/gcc/arm-none-eabi/10.3.1/thumb/v7e-m+fp/hard\libgcc.a(_aeabi_uldivmod.o) (__aeabi_ldiv0)

Discarded input sections

 .text          0x0000000000000000        0x0 c:/st/stm32cubeide_1.9.0/stm32cubeide/plugins/com.st.stm32cube.ide.mcu.externaltools.gnu-tools-for-stm32.10.3-2021.10.win32_1.0.0.202111181127/tools/bin/../lib/gcc/arm-none-eabi/10.3.1/thumb/v7e-m+fp/hard/crti.o
 .data          0x0000000000000000        0x0 c:/st/stm32cubeide_1.9.0/stm32cubeide/plugins/com.st.stm32cube.ide.mcu.externaltools.gnu-tools-for-stm32.10.3-2021.10.win32_1.0.0.202111181127/tools/bin/../lib/gcc/arm-none-eabi/10.3.1/thumb/v7e-m+fp/hard/crti.o
[...]
Memory Configuration

Name             Origin             Length             Attributes
RAM              0x0000000020000000 0x0000000000020000 xrw
FLASH            0x0000000008000000 0x0000000000080000 xr
*default*        0x0000000000000000 0xffffffffffffffff

Linker script and memory map

LOAD c:/st/stm32cubeide_1.9.0/stm32cubeide/plugins/com.st.stm32cube.ide.mcu.externaltools.gnu-tools-for-stm32.10.3-2021.10.win32_1.0.0.202111181127/tools/bin/../lib/gcc/arm-none-eabi/10.3.1/thumb/v7e-m+fp/hard/crti.o
LOAD c:/st/stm32cubeide_1.9.0/stm32cubeide/plugins/com.st.stm32cube.ide.mcu.externaltools.gnu-tools-for-stm32.10.3-2021.10.win32_1.0.0.202111181127/tools/bin/../lib/gcc/arm-none-eabi/10.3.1/thumb/v7e-m+fp/hard/crtbegin.o
LOAD c:/st/stm32cubeide_1.9.0/stm32cubeide/plugins/com.st.stm32cube.ide.mcu.externaltools.gnu-tools-for-stm32.10.3-2021.10.win32_1.0.0.202111181127/tools/bin/../lib/gcc/arm-none-eabi/10.3.1/../../../../arm-none-eabi/lib/thumb/v7e-m+fp/hard/crt0.o
LOAD ./Core/Src/auxiliary.o
LOAD ./Core/Src/main.o
LOAD ./Core/Src/stm32f4xx_hal_msp.o
LOAD ./Core/Src/stm32f4xx_it.o
LOAD ./Core/Src/syscalls.o
LOAD ./Core/Src/sysmem.o
LOAD ./Core/Src/system_stm32f4xx.o
LOAD ./Core/Startup/startup_stm32f446retx.o
LOAD ./Drivers/STM32F4xx_HAL_Driver/Src/stm32f4xx_hal.o
LOAD ./Drivers/STM32F4xx_HAL_Driver/Src/stm32f4xx_hal_cortex.o
LOAD ./Drivers/STM32F4xx_HAL_Driver/Src/stm32f4xx_hal_dma.o
LOAD ./Drivers/STM32F4xx_HAL_Driver/Src/stm32f4xx_hal_dma_ex.o
LOAD ./Drivers/STM32F4xx_HAL_Driver/Src/stm32f4xx_hal_exti.o
LOAD ./Drivers/STM32F4xx_HAL_Driver/Src/stm32f4xx_hal_flash.o
LOAD ./Drivers/STM32F4xx_HAL_Driver/Src/stm32f4xx_hal_flash_ex.o
LOAD ./Drivers/STM32F4xx_HAL_Driver/Src/stm32f4xx_hal_flash_ramfunc.o
LOAD ./Drivers/STM32F4xx_HAL_Driver/Src/stm32f4xx_hal_gpio.o
LOAD ./Drivers/STM32F4xx_HAL_Driver/Src/stm32f4xx_hal_pwr.o
LOAD ./Drivers/STM32F4xx_HAL_Driver/Src/stm32f4xx_hal_pwr_ex.o
LOAD ./Drivers/STM32F4xx_HAL_Driver/Src/stm32f4xx_hal_rcc.o
LOAD ./Drivers/STM32F4xx_HAL_Driver/Src/stm32f4xx_hal_rcc_ex.o
LOAD ./Drivers/STM32F4xx_HAL_Driver/Src/stm32f4xx_hal_tim.o
LOAD ./Drivers/STM32F4xx_HAL_Driver/Src/stm32f4xx_hal_tim_ex.o
LOAD ./Drivers/STM32F4xx_HAL_Driver/Src/stm32f4xx_hal_uart.o
START GROUP
LOAD c:/st/stm32cubeide_1.9.0/stm32cubeide/plugins/com.st.stm32cube.ide.mcu.externaltools.gnu-tools-for-stm32.10.3-2021.10.win32_1.0.0.202111181127/tools/bin/../lib/gcc/arm-none-eabi/10.3.1/../../../../arm-none-eabi/lib/thumb/v7e-m+fp/hard\libc_nano.a
LOAD c:/st/stm32cubeide_1.9.0/stm32cubeide/plugins/com.st.stm32cube.ide.mcu.externaltools.gnu-tools-for-stm32.10.3-2021.10.win32_1.0.0.202111181127/tools/bin/../lib/gcc/arm-none-eabi/10.3.1/../../../../arm-none-eabi/lib/thumb/v7e-m+fp/hard\libm.a
END GROUP
START GROUP
LOAD c:/st/stm32cubeide_1.9.0/stm32cubeide/plugins/com.st.stm32cube.ide.mcu.externaltools.gnu-tools-for-stm32.10.3-2021.10.win32_1.0.0.202111181127/tools/bin/../lib/gcc/arm-none-eabi/10.3.1/thumb/v7e-m+fp/hard\libgcc.a
LOAD c:/st/stm32cubeide_1.9.0/stm32cubeide/plugins/com.st.stm32cube.ide.mcu.externaltools.gnu-tools-for-stm32.10.3-2021.10.win32_1.0.0.202111181127/tools/bin/../lib/gcc/arm-none-eabi/10.3.1/../../../../arm-none-eabi/lib/thumb/v7e-m+fp/hard\libc_nano.a
END GROUP
START GROUP
LOAD c:/st/stm32cubeide_1.9.0/stm32cubeide/plugins/com.st.stm32cube.ide.mcu.externaltools.gnu-tools-for-stm32.10.3-2021.10.win32_1.0.0.202111181127/tools/bin/../lib/gcc/arm-none-eabi/10.3.1/thumb/v7e-m+fp/hard\libgcc.a
LOAD c:/st/stm32cubeide_1.9.0/stm32cubeide/plugins/com.st.stm32cube.ide.mcu.externaltools.gnu-tools-for-stm32.10.3-2021.10.win32_1.0.0.202111181127/tools/bin/../lib/gcc/arm-none-eabi/10.3.1/../../../../arm-none-eabi/lib/thumb/v7e-m+fp/hard\libc_nano.a
LOAD c:/st/stm32cubeide_1.9.0/stm32cubeide/plugins/com.st.stm32cube.ide.mcu.externaltools.gnu-tools-for-stm32.10.3-2021.10.win32_1.0.0.202111181127/tools/bin/../lib/gcc/arm-none-eabi/10.3.1/../../../../arm-none-eabi/lib/thumb/v7e-m+fp/hard\libnosys.a
END GROUP
START GROUP
LOAD c:/st/stm32cubeide_1.9.0/stm32cubeide/plugins/com.st.stm32cube.ide.mcu.externaltools.gnu-tools-for-stm32.10.3-2021.10.win32_1.0.0.202111181127/tools/bin/../lib/gcc/arm-none-eabi/10.3.1/thumb/v7e-m+fp/hard\libgcc.a
LOAD c:/st/stm32cubeide_1.9.0/stm32cubeide/plugins/com.st.stm32cube.ide.mcu.externaltools.gnu-tools-for-stm32.10.3-2021.10.win32_1.0.0.202111181127/tools/bin/../lib/gcc/arm-none-eabi/10.3.1/../../../../arm-none-eabi/lib/thumb/v7e-m+fp/hard\libc_nano.a
LOAD c:/st/stm32cubeide_1.9.0/stm32cubeide/plugins/com.st.stm32cube.ide.mcu.externaltools.gnu-tools-for-stm32.10.3-2021.10.win32_1.0.0.202111181127/tools/bin/../lib/gcc/arm-none-eabi/10.3.1/../../../../arm-none-eabi/lib/thumb/v7e-m+fp/hard\libnosys.a
END GROUP
LOAD c:/st/stm32cubeide_1.9.0/stm32cubeide/plugins/com.st.stm32cube.ide.mcu.externaltools.gnu-tools-for-stm32.10.3-2021.10.win32_1.0.0.202111181127/tools/bin/../lib/gcc/arm-none-eabi/10.3.1/thumb/v7e-m+fp/hard/crtend.o
LOAD c:/st/stm32cubeide_1.9.0/stm32cubeide/plugins/com.st.stm32cube.ide.mcu.externaltools.gnu-tools-for-stm32.10.3-2021.10.win32_1.0.0.202111181127/tools/bin/../lib/gcc/arm-none-eabi/10.3.1/thumb/v7e-m+fp/hard/crtn.o
                0x0000000020020000                _estack = (ORIGIN (RAM) + LENGTH (RAM))
                0x0000000000000200                _Min_Heap_Size = 0x200
                0x0000000000000400                _Min_Stack_Size = 0x400

.isr_vector     0x0000000008000000      0x1c4
                0x0000000008000000                . = ALIGN (0x4)
 *(.isr_vector)
 .isr_vector    0x0000000008000000      0x1c4 ./Core/Startup/startup_stm32f446retx.o
                0x0000000008000000                g_pfnVectors
                0x00000000080001c4                . = ALIGN (0x4)

.text           0x00000000080001c4     0x2c28
                0x00000000080001c4                . = ALIGN (0x4)
 *(.text)
 .text          0x00000000080001c4       0x40 c:/st/stm32cubeide_1.9.0/stm32cubeide/plugins/com.st.stm32cube.ide.mcu.externaltools.gnu-tools-for-stm32.10.3-2021.10.win32_1.0.0.202111181127/tools/bin/../lib/gcc/arm-none-eabi/10.3.1/thumb/v7e-m+fp/hard/crtbegin.o
 .text          0x0000000008000204       0x30 c:/st/stm32cubeide_1.9.0/stm32cubeide/plugins/com.st.stm32cube.ide.mcu.externaltools.gnu-tools-for-stm32.10.3-2021.10.win32_1.0.0.202111181127/tools/bin/../lib/gcc/arm-none-eabi/10.3.1/thumb/v7e-m+fp/hard\libgcc.a(_aeabi_uldivmod.o)
                0x0000000008000204                __aeabi_uldivmod
 .text          0x0000000008000234      0x2d0 c:/st/stm32cubeide_1.9.0/stm32cubeide/plugins/com.st.stm32cube.ide.mcu.externaltools.gnu-tools-for-stm32.10.3-2021.10.win32_1.0.0.202111181127/tools/bin/../lib/gcc/arm-none-eabi/10.3.1/thumb/v7e-m+fp/hard\libgcc.a(_udivmoddi4.o)
                0x0000000008000234                __udivmoddi4
 .text          0x0000000008000504        0x4 c:/st/stm32cubeide_1.9.0/stm32cubeide/plugins/com.st.stm32cube.ide.mcu.externaltools.gnu-tools-for-stm32.10.3-2021.10.win32_1.0.0.202111181127/tools/bin/../lib/gcc/arm-none-eabi/10.3.1/thumb/v7e-m+fp/hard\libgcc.a(_dvmd_tls.o)
                0x0000000008000504                __aeabi_idiv0
                0x0000000008000504                __aeabi_ldiv0
 *(.text*)
 .text.data_interpretation
                0x0000000008000508       0xa0 ./Core/Src/auxiliary.o
                0x0000000008000508                data_interpretation
 .text.main     0x00000000080005a8      0x1d0 ./Core/Src/main.o
                0x00000000080005a8                main
 .text.SystemClock_Config
                0x0000000008000778       0xc0 ./Core/Src/main.o
                0x0000000008000778                SystemClock_Config
 .text.MX_USART2_UART_Init
                0x0000000008000838       0x54 ./Core/Src/main.o
 .text.MX_GPIO_Init
                0x000000000800088c       0xb4 ./Core/Src/main.o
 .text.Error_Handler
                0x0000000008000940        0xa ./Core/Src/main.o
                0x0000000008000940                Error_Handler
 *fill*         0x000000000800094a        0x2 
 .text.HAL_MspInit
                0x000000000800094c       0x50 ./Core/Src/stm32f4xx_hal_msp.o
                0x000000000800094c                HAL_MspInit
 .text.HAL_UART_MspInit
                0x000000000800099c       0xc0 ./Core/Src/stm32f4xx_hal_msp.o
                0x000000000800099c                HAL_UART_MspInit
 .text.NMI_Handler
                0x0000000008000a5c        0x6 ./Core/Src/stm32f4xx_it.o
                0x0000000008000a5c                NMI_Handler
 .text.HardFault_Handler
                0x0000000008000a62        0x6 ./Core/Src/stm32f4xx_it.o
                0x0000000008000a62                HardFault_Handler
 .text.MemManage_Handler
                0x0000000008000a68        0x6 ./Core/Src/stm32f4xx_it.o
                0x0000000008000a68                MemManage_Handler
 .text.BusFault_Handler
                0x0000000008000a6e        0x6 ./Core/Src/stm32f4xx_it.o
                0x0000000008000a6e                BusFault_Handler
 .text.UsageFault_Handler
                0x0000000008000a74        0x6 ./Core/Src/stm32f4xx_it.o
                0x0000000008000a74                UsageFault_Handler
 .text.SVC_Handler
                0x0000000008000a7a        0xe ./Core/Src/stm32f4xx_it.o
                0x0000000008000a7a                SVC_Handler
 .text.DebugMon_Handler
                0x0000000008000a88        0xe ./Core/Src/stm32f4xx_it.o
                0x0000000008000a88                DebugMon_Handler
 .text.PendSV_Handler
                0x0000000008000a96        0xe ./Core/Src/stm32f4xx_it.o
                0x0000000008000a96                PendSV_Handler
 .text.SysTick_Handler
                0x0000000008000aa4        0xc ./Core/Src/stm32f4xx_it.o
                0x0000000008000aa4                SysTick_Handler
 .text.USART2_IRQHandler
                0x0000000008000ab0       0x14 ./Core/Src/stm32f4xx_it.o
                0x0000000008000ab0                USART2_IRQHandler
 .text.SystemInit
                0x0000000008000ac4       0x24 ./Core/Src/system_stm32f4xx.o
                0x0000000008000ac4                SystemInit
 .text.Reset_Handler
                0x0000000008000ae8       0x50 ./Core/Startup/startup_stm32f446retx.o
                0x0000000008000ae8                Reset_Handler
 .text.Default_Handler
                0x0000000008000b38        0x2 ./Core/Startup/startup_stm32f446retx.o
                0x0000000008000b38                RTC_Alarm_IRQHandler
                0x0000000008000b38                EXTI2_IRQHandler
                0x0000000008000b38                TIM8_CC_IRQHandler
                0x0000000008000b38                FMPI2C1_EV_IRQHandler
                0x0000000008000b38                SPI4_IRQHandler
                0x0000000008000b38                TIM1_CC_IRQHandler
                0x0000000008000b38                DMA2_Stream5_IRQHandler
                0x0000000008000b38                DMA1_Stream5_IRQHandler
                0x0000000008000b38                PVD_IRQHandler
                0x0000000008000b38                SDIO_IRQHandler
                0x0000000008000b38                TAMP_STAMP_IRQHandler
                0x0000000008000b38                CAN2_RX1_IRQHandler
                0x0000000008000b38                EXTI3_IRQHandler
                0x0000000008000b38                TIM8_TRG_COM_TIM14_IRQHandler
                0x0000000008000b38                TIM1_UP_TIM10_IRQHandler
                0x0000000008000b38                TIM8_UP_TIM13_IRQHandler
                0x0000000008000b38                I2C3_ER_IRQHandler
                0x0000000008000b38                EXTI0_IRQHandler
                0x0000000008000b38                I2C2_EV_IRQHandler
                0x0000000008000b38                DMA1_Stream2_IRQHandler
                0x0000000008000b38                CAN1_RX0_IRQHandler
                0x0000000008000b38                FPU_IRQHandler
                0x0000000008000b38                OTG_HS_WKUP_IRQHandler
                0x0000000008000b38                CAN2_SCE_IRQHandler
                0x0000000008000b38                DMA2_Stream2_IRQHandler
                0x0000000008000b38                SPI1_IRQHandler
                0x0000000008000b38                TIM6_DAC_IRQHandler
                0x0000000008000b38                TIM1_BRK_TIM9_IRQHandler
                0x0000000008000b38                DCMI_IRQHandler
                0x0000000008000b38                CAN2_RX0_IRQHandler
                0x0000000008000b38                DMA2_Stream3_IRQHandler
                0x0000000008000b38                SAI2_IRQHandler
                0x0000000008000b38                USART6_IRQHandler
                0x0000000008000b38                USART3_IRQHandler
                0x0000000008000b38                CAN1_RX1_IRQHandler
                0x0000000008000b38                UART5_IRQHandler
                0x0000000008000b38                DMA2_Stream0_IRQHandler
                0x0000000008000b38                TIM4_IRQHandler
                0x0000000008000b38                QUADSPI_IRQHandler
                0x0000000008000b38                I2C1_EV_IRQHandler
                0x0000000008000b38                DMA1_Stream6_IRQHandler
                0x0000000008000b38                DMA1_Stream1_IRQHandler
                0x0000000008000b38                UART4_IRQHandler
                0x0000000008000b38                TIM3_IRQHandler
                0x0000000008000b38                RCC_IRQHandler
                0x0000000008000b38                TIM8_BRK_TIM12_IRQHandler
                0x0000000008000b38                Default_Handler
                0x0000000008000b38                CEC_IRQHandler
                0x0000000008000b38                EXTI15_10_IRQHandler
                0x0000000008000b38                ADC_IRQHandler
                0x0000000008000b38                DMA1_Stream7_IRQHandler
                0x0000000008000b38                TIM7_IRQHandler
                0x0000000008000b38                CAN2_TX_IRQHandler
                0x0000000008000b38                TIM5_IRQHandler
                0x0000000008000b38                DMA2_Stream7_IRQHandler
                0x0000000008000b38                I2C3_EV_IRQHandler
                0x0000000008000b38                EXTI9_5_IRQHandler
                0x0000000008000b38                RTC_WKUP_IRQHandler
                0x0000000008000b38                SPDIF_RX_IRQHandler
                0x0000000008000b38                SPI2_IRQHandler
                0x0000000008000b38                OTG_HS_EP1_IN_IRQHandler
                0x0000000008000b38                DMA1_Stream0_IRQHandler
                0x0000000008000b38                CAN1_TX_IRQHandler
                0x0000000008000b38                FMPI2C1_ER_IRQHandler
                0x0000000008000b38                EXTI4_IRQHandler
                0x0000000008000b38                OTG_HS_EP1_OUT_IRQHandler
                0x0000000008000b38                WWDG_IRQHandler
                0x0000000008000b38                TIM2_IRQHandler
                0x0000000008000b38                OTG_FS_WKUP_IRQHandler
                0x0000000008000b38                TIM1_TRG_COM_TIM11_IRQHandler
                0x0000000008000b38                OTG_HS_IRQHandler
                0x0000000008000b38                EXTI1_IRQHandler
                0x0000000008000b38                I2C2_ER_IRQHandler
                0x0000000008000b38                DMA2_Stream1_IRQHandler
                0x0000000008000b38                CAN1_SCE_IRQHandler
                0x0000000008000b38                FLASH_IRQHandler
                0x0000000008000b38                DMA2_Stream4_IRQHandler
                0x0000000008000b38                USART1_IRQHandler
                0x0000000008000b38                OTG_FS_IRQHandler
                0x0000000008000b38                SPI3_IRQHandler
                0x0000000008000b38                DMA1_Stream4_IRQHandler
                0x0000000008000b38                I2C1_ER_IRQHandler
                0x0000000008000b38                FMC_IRQHandler
                0x0000000008000b38                DMA2_Stream6_IRQHandler
                0x0000000008000b38                SAI1_IRQHandler
                0x0000000008000b38                DMA1_Stream3_IRQHandler
 *fill*         0x0000000008000b3a        0x2 
 .text.HAL_Init
                0x0000000008000b3c       0x44 ./Drivers/STM32F4xx_HAL_Driver/Src/stm32f4xx_hal.o
                0x0000000008000b3c                HAL_Init
 .text.HAL_InitTick
                0x0000000008000b80       0x60 ./Drivers/STM32F4xx_HAL_Driver/Src/stm32f4xx_hal.o
                0x0000000008000b80                HAL_InitTick
 .text.HAL_IncTick
                0x0000000008000be0       0x28 ./Drivers/STM32F4xx_HAL_Driver/Src/stm32f4xx_hal.o
                0x0000000008000be0                HAL_IncTick
 .text.HAL_GetTick
                0x0000000008000c08       0x18 ./Drivers/STM32F4xx_HAL_Driver/Src/stm32f4xx_hal.o
                0x0000000008000c08                HAL_GetTick
 .text.HAL_Delay
                0x0000000008000c20       0x48 ./Drivers/STM32F4xx_HAL_Driver/Src/stm32f4xx_hal.o
                0x0000000008000c20                HAL_Delay
 .text.__NVIC_SetPriorityGrouping
                0x0000000008000c68       0x48 ./Drivers/STM32F4xx_HAL_Driver/Src/stm32f4xx_hal_cortex.o
 .text.__NVIC_GetPriorityGrouping
                0x0000000008000cb0       0x1c ./Drivers/STM32F4xx_HAL_Driver/Src/stm32f4xx_hal_cortex.o
 .text.__NVIC_EnableIRQ
                0x0000000008000ccc       0x3c ./Drivers/STM32F4xx_HAL_Driver/Src/stm32f4xx_hal_cortex.o
 .text.__NVIC_SetPriority
                0x0000000008000d08       0x54 ./Drivers/STM32F4xx_HAL_Driver/Src/stm32f4xx_hal_cortex.o
 .text.NVIC_EncodePriority
                0x0000000008000d5c       0x66 ./Drivers/STM32F4xx_HAL_Driver/Src/stm32f4xx_hal_cortex.o
 *fill*         0x0000000008000dc2        0x2 
 .text.SysTick_Config
                0x0000000008000dc4       0x44 ./Drivers/STM32F4xx_HAL_Driver/Src/stm32f4xx_hal_cortex.o
 .text.HAL_NVIC_SetPriorityGrouping
                0x0000000008000e08       0x16 ./Drivers/STM32F4xx_HAL_Driver/Src/stm32f4xx_hal_cortex.o
                0x0000000008000e08                HAL_NVIC_SetPriorityGrouping
 .text.HAL_NVIC_SetPriority
                0x0000000008000e1e       0x38 ./Drivers/STM32F4xx_HAL_Driver/Src/stm32f4xx_hal_cortex.o
                0x0000000008000e1e                HAL_NVIC_SetPriority
 .text.HAL_NVIC_EnableIRQ
                0x0000000008000e56       0x1c ./Drivers/STM32F4xx_HAL_Driver/Src/stm32f4xx_hal_cortex.o
                0x0000000008000e56                HAL_NVIC_EnableIRQ
 .text.HAL_SYSTICK_Config
                0x0000000008000e72       0x18 ./Drivers/STM32F4xx_HAL_Driver/Src/stm32f4xx_hal_cortex.o
                0x0000000008000e72                HAL_SYSTICK_Config
 .text.HAL_DMA_Abort
                0x0000000008000e8a       0xe0 ./Drivers/STM32F4xx_HAL_Driver/Src/stm32f4xx_hal_dma.o
                0x0000000008000e8a                HAL_DMA_Abort
 .text.HAL_DMA_Abort_IT
                0x0000000008000f6a       0x44 ./Drivers/STM32F4xx_HAL_Driver/Src/stm32f4xx_hal_dma.o
                0x0000000008000f6a                HAL_DMA_Abort_IT
 *fill*         0x0000000008000fae        0x2 
 .text.HAL_GPIO_Init
                0x0000000008000fb0      0x328 ./Drivers/STM32F4xx_HAL_Driver/Src/stm32f4xx_hal_gpio.o
                0x0000000008000fb0                HAL_GPIO_Init
 .text.HAL_GPIO_WritePin
                0x00000000080012d8       0x32 ./Drivers/STM32F4xx_HAL_Driver/Src/stm32f4xx_hal_gpio.o
                0x00000000080012d8                HAL_GPIO_WritePin
 *fill*         0x000000000800130a        0x2 
 .text.HAL_RCC_ClockConfig
                0x000000000800130c      0x1cc ./Drivers/STM32F4xx_HAL_Driver/Src/stm32f4xx_hal_rcc.o
                0x000000000800130c                HAL_RCC_ClockConfig
 .text.HAL_RCC_GetHCLKFreq
                0x00000000080014d8       0x18 ./Drivers/STM32F4xx_HAL_Driver/Src/stm32f4xx_hal_rcc.o
                0x00000000080014d8                HAL_RCC_GetHCLKFreq
 .text.HAL_RCC_GetPCLK1Freq
                0x00000000080014f0       0x28 ./Drivers/STM32F4xx_HAL_Driver/Src/stm32f4xx_hal_rcc.o
                0x00000000080014f0                HAL_RCC_GetPCLK1Freq
 .text.HAL_RCC_GetPCLK2Freq
                0x0000000008001518       0x28 ./Drivers/STM32F4xx_HAL_Driver/Src/stm32f4xx_hal_rcc.o
                0x0000000008001518                HAL_RCC_GetPCLK2Freq
 .text.HAL_RCC_GetSysClockFreq
                0x0000000008001540      0x354 ./Drivers/STM32F4xx_HAL_Driver/Src/stm32f4xx_hal_rcc_ex.o
                0x0000000008001540                HAL_RCC_GetSysClockFreq
 .text.HAL_RCC_OscConfig
                0x0000000008001894      0x53c ./Drivers/STM32F4xx_HAL_Driver/Src/stm32f4xx_hal_rcc_ex.o
                0x0000000008001894                HAL_RCC_OscConfig
 .text.HAL_UART_Init
                0x0000000008001dd0       0x9a ./Drivers/STM32F4xx_HAL_Driver/Src/stm32f4xx_hal_uart.o
                0x0000000008001dd0                HAL_UART_Init
 .text.HAL_UART_Transmit_IT
                0x0000000008001e6a       0x8a ./Drivers/STM32F4xx_HAL_Driver/Src/stm32f4xx_hal_uart.o
                0x0000000008001e6a                HAL_UART_Transmit_IT
 .text.HAL_UART_Receive_IT
                0x0000000008001ef4       0x60 ./Drivers/STM32F4xx_HAL_Driver/Src/stm32f4xx_hal_uart.o
                0x0000000008001ef4                HAL_UART_Receive_IT
 .text.HAL_UART_IRQHandler
                0x0000000008001f54      0x51c ./Drivers/STM32F4xx_HAL_Driver/Src/stm32f4xx_hal_uart.o
                0x0000000008001f54                HAL_UART_IRQHandler
 .text.HAL_UART_TxCpltCallback
                0x0000000008002470       0x14 ./Drivers/STM32F4xx_HAL_Driver/Src/stm32f4xx_hal_uart.o
                0x0000000008002470                HAL_UART_TxCpltCallback
 .text.HAL_UART_RxCpltCallback
                0x0000000008002484       0x14 ./Drivers/STM32F4xx_HAL_Driver/Src/stm32f4xx_hal_uart.o
                0x0000000008002484                HAL_UART_RxCpltCallback
 .text.HAL_UART_ErrorCallback
                0x0000000008002498       0x14 ./Drivers/STM32F4xx_HAL_Driver/Src/stm32f4xx_hal_uart.o
                0x0000000008002498                HAL_UART_ErrorCallback
 .text.HAL_UARTEx_RxEventCallback
                0x00000000080024ac       0x18 ./Drivers/STM32F4xx_HAL_Driver/Src/stm32f4xx_hal_uart.o
                0x00000000080024ac                HAL_UARTEx_RxEventCallback
 .text.UART_Start_Receive_IT
                0x00000000080024c4       0x7c ./Drivers/STM32F4xx_HAL_Driver/Src/stm32f4xx_hal_uart.o
                0x00000000080024c4                UART_Start_Receive_IT
 .text.UART_EndRxTransfer
                0x0000000008002540       0xc6 ./Drivers/STM32F4xx_HAL_Driver/Src/stm32f4xx_hal_uart.o
 .text.UART_DMAAbortOnError
                0x0000000008002606       0x28 ./Drivers/STM32F4xx_HAL_Driver/Src/stm32f4xx_hal_uart.o
 .text.UART_Transmit_IT
                0x000000000800262e       0xa0 ./Drivers/STM32F4xx_HAL_Driver/Src/stm32f4xx_hal_uart.o
 .text.UART_EndTransmit_IT
                0x00000000080026ce       0x30 ./Drivers/STM32F4xx_HAL_Driver/Src/stm32f4xx_hal_uart.o
 .text.UART_Receive_IT
                0x00000000080026fe      0x176 ./Drivers/STM32F4xx_HAL_Driver/Src/stm32f4xx_hal_uart.o
 .text.UART_SetConfig
                0x0000000008002874      0x4e8 ./Drivers/STM32F4xx_HAL_Driver/Src/stm32f4xx_hal_uart.o
 .text.__libc_init_array
                0x0000000008002d5c       0x48 c:/st/stm32cubeide_1.9.0/stm32cubeide/plugins/com.st.stm32cube.ide.mcu.externaltools.gnu-tools-for-stm32.10.3-2021.10.win32_1.0.0.202111181127/tools/bin/../lib/gcc/arm-none-eabi/10.3.1/../../../../arm-none-eabi/lib/thumb/v7e-m+fp/hard\libc_nano.a(lib_a-init.o)
                0x0000000008002d5c                __libc_init_array
 .text.memcmp   0x0000000008002da4       0x20 c:/st/stm32cubeide_1.9.0/stm32cubeide/plugins/com.st.stm32cube.ide.mcu.externaltools.gnu-tools-for-stm32.10.3-2021.10.win32_1.0.0.202111181127/tools/bin/../lib/gcc/arm-none-eabi/10.3.1/../../../../arm-none-eabi/lib/thumb/v7e-m+fp/hard\libc_nano.a(lib_a-memcmp.o)
                0x0000000008002da4                memcmp
 .text.memset   0x0000000008002dc4       0x10 c:/st/stm32cubeide_1.9.0/stm32cubeide/plugins/com.st.stm32cube.ide.mcu.externaltools.gnu-tools-for-stm32.10.3-2021.10.win32_1.0.0.202111181127/tools/bin/../lib/gcc/arm-none-eabi/10.3.1/../../../../arm-none-eabi/lib/thumb/v7e-m+fp/hard\libc_nano.a(lib_a-memset.o)
                0x0000000008002dc4                memset
 *(.glue_7)
 .glue_7        0x0000000008002dd4        0x0 linker stubs
 *(.glue_7t)
 .glue_7t       0x0000000008002dd4        0x0 linker stubs
 *(.eh_frame)
 .eh_frame      0x0000000008002dd4        0x0 c:/st/stm32cubeide_1.9.0/stm32cubeide/plugins/com.st.stm32cube.ide.mcu.externaltools.gnu-tools-for-stm32.10.3-2021.10.win32_1.0.0.202111181127/tools/bin/../lib/gcc/arm-none-eabi/10.3.1/thumb/v7e-m+fp/hard/crtbegin.o
 *(.init)
 .init          0x0000000008002dd4        0x4 c:/st/stm32cubeide_1.9.0/stm32cubeide/plugins/com.st.stm32cube.ide.mcu.externaltools.gnu-tools-for-stm32.10.3-2021.10.win32_1.0.0.202111181127/tools/bin/../lib/gcc/arm-none-eabi/10.3.1/thumb/v7e-m+fp/hard/crti.o
                0x0000000008002dd4                _init
 .init          0x0000000008002dd8        0x8 c:/st/stm32cubeide_1.9.0/stm32cubeide/plugins/com.st.stm32cube.ide.mcu.externaltools.gnu-tools-for-stm32.10.3-2021.10.win32_1.0.0.202111181127/tools/bin/../lib/gcc/arm-none-eabi/10.3.1/thumb/v7e-m+fp/hard/crtn.o
 *(.fini)
 .fini          0x0000000008002de0        0x4 c:/st/stm32cubeide_1.9.0/stm32cubeide/plugins/com.st.stm32cube.ide.mcu.externaltools.gnu-tools-for-stm32.10.3-2021.10.win32_1.0.0.202111181127/tools/bin/../lib/gcc/arm-none-eabi/10.3.1/thumb/v7e-m+fp/hard/crti.o
                0x0000000008002de0                _fini
 .fini          0x0000000008002de4        0x8 c:/st/stm32cubeide_1.9.0/stm32cubeide/plugins/com.st.stm32cube.ide.mcu.externaltools.gnu-tools-for-stm32.10.3-2021.10.win32_1.0.0.202111181127/tools/bin/../lib/gcc/arm-none-eabi/10.3.1/thumb/v7e-m+fp/hard/crtn.o
                0x0000000008002dec                . = ALIGN (0x4)
                0x0000000008002dec                _etext = .

.vfp11_veneer   0x0000000008002dec        0x0
 .vfp11_veneer  0x0000000008002dec        0x0 linker stubs

.v4_bx          0x0000000008002dec        0x0
 .v4_bx         0x0000000008002dec        0x0 linker stubs

.iplt           0x0000000008002dec        0x0
 .iplt          0x0000000008002dec        0x0 c:/st/stm32cubeide_1.9.0/stm32cubeide/plugins/com.st.stm32cube.ide.mcu.externaltools.gnu-tools-for-stm32.10.3-2021.10.win32_1.0.0.202111181127/tools/bin/../lib/gcc/arm-none-eabi/10.3.1/thumb/v7e-m+fp/hard/crtbegin.o

.rodata         0x0000000008002dec       0x54
                0x0000000008002dec                . = ALIGN (0x4)
 *(.rodata)
 .rodata        0x0000000008002dec       0x2d ./Core/Src/auxiliary.o
 *fill*         0x0000000008002e19        0x3 
 .rodata        0x0000000008002e1c        0xc ./Core/Src/main.o
 *(.rodata*)
 .rodata.AHBPrescTable
                0x0000000008002e28       0x10 ./Core/Src/system_stm32f4xx.o
                0x0000000008002e28                AHBPrescTable
 .rodata.APBPrescTable
                0x0000000008002e38        0x8 ./Core/Src/system_stm32f4xx.o
                0x0000000008002e38                APBPrescTable
                0x0000000008002e40                . = ALIGN (0x4)

.ARM.extab      0x0000000008002e40        0x0
                0x0000000008002e40                . = ALIGN (0x4)
 *(.ARM.extab* .gnu.linkonce.armextab.*)
                0x0000000008002e40                . = ALIGN (0x4)

.ARM            0x0000000008002e40        0x8
                0x0000000008002e40                . = ALIGN (0x4)
                0x0000000008002e40                __exidx_start = .
 *(.ARM.exidx*)
 .ARM.exidx     0x0000000008002e40        0x8 c:/st/stm32cubeide_1.9.0/stm32cubeide/plugins/com.st.stm32cube.ide.mcu.externaltools.gnu-tools-for-stm32.10.3-2021.10.win32_1.0.0.202111181127/tools/bin/../lib/gcc/arm-none-eabi/10.3.1/thumb/v7e-m+fp/hard\libgcc.a(_udivmoddi4.o)
                0x0000000008002e48                __exidx_end = .
                0x0000000008002e48                . = ALIGN (0x4)

.rel.dyn        0x0000000008002e48        0x0
 .rel.iplt      0x0000000008002e48        0x0 c:/st/stm32cubeide_1.9.0/stm32cubeide/plugins/com.st.stm32cube.ide.mcu.externaltools.gnu-tools-for-stm32.10.3-2021.10.win32_1.0.0.202111181127/tools/bin/../lib/gcc/arm-none-eabi/10.3.1/thumb/v7e-m+fp/hard/crtbegin.o

.preinit_array  0x0000000008002e48        0x0
                0x0000000008002e48                . = ALIGN (0x4)
                0x0000000008002e48                PROVIDE (__preinit_array_start = .)
 *(.preinit_array*)
                0x0000000008002e48                PROVIDE (__preinit_array_end = .)
                0x0000000008002e48                . = ALIGN (0x4)

.init_array     0x0000000008002e48        0x4
                0x0000000008002e48                . = ALIGN (0x4)
                0x0000000008002e48                PROVIDE (__init_array_start = .)
 *(SORT_BY_NAME(.init_array.*))
 *(.init_array*)
 .init_array    0x0000000008002e48        0x4 c:/st/stm32cubeide_1.9.0/stm32cubeide/plugins/com.st.stm32cube.ide.mcu.externaltools.gnu-tools-for-stm32.10.3-2021.10.win32_1.0.0.202111181127/tools/bin/../lib/gcc/arm-none-eabi/10.3.1/thumb/v7e-m+fp/hard/crtbegin.o
                0x0000000008002e4c                PROVIDE (__init_array_end = .)
                0x0000000008002e4c                . = ALIGN (0x4)

.fini_array     0x0000000008002e4c        0x4
                0x0000000008002e4c                . = ALIGN (0x4)
                [!provide]                        PROVIDE (__fini_array_start = .)
 *(SORT_BY_NAME(.fini_array.*))
 *(.fini_array*)
 .fini_array    0x0000000008002e4c        0x4 c:/st/stm32cubeide_1.9.0/stm32cubeide/plugins/com.st.stm32cube.ide.mcu.externaltools.gnu-tools-for-stm32.10.3-2021.10.win32_1.0.0.202111181127/tools/bin/../lib/gcc/arm-none-eabi/10.3.1/thumb/v7e-m+fp/hard/crtbegin.o
                [!provide]                        PROVIDE (__fini_array_end = .)
                0x0000000008002e50                . = ALIGN (0x4)
                0x0000000008002e50                _sidata = LOADADDR (.data)

.data           0x0000000020000000        0xc load address 0x0000000008002e50
                0x0000000020000000                . = ALIGN (0x4)
                0x0000000020000000                _sdata = .
 *(.data)
 *(.data*)
 .data.SystemCoreClock
                0x0000000020000000        0x4 ./Core/Src/system_stm32f4xx.o
                0x0000000020000000                SystemCoreClock
 .data.uwTickPrio
                0x0000000020000004        0x4 ./Drivers/STM32F4xx_HAL_Driver/Src/stm32f4xx_hal.o
                0x0000000020000004                uwTickPrio
 .data.uwTickFreq
                0x0000000020000008        0x1 ./Drivers/STM32F4xx_HAL_Driver/Src/stm32f4xx_hal.o
                0x0000000020000008                uwTickFreq
 *(.RamFunc)
 *(.RamFunc*)
                0x000000002000000c                . = ALIGN (0x4)
 *fill*         0x0000000020000009        0x3 
                0x000000002000000c                _edata = .

.igot.plt       0x000000002000000c        0x0 load address 0x0000000008002e5c
 .igot.plt      0x000000002000000c        0x0 c:/st/stm32cubeide_1.9.0/stm32cubeide/plugins/com.st.stm32cube.ide.mcu.externaltools.gnu-tools-for-stm32.10.3-2021.10.win32_1.0.0.202111181127/tools/bin/../lib/gcc/arm-none-eabi/10.3.1/thumb/v7e-m+fp/hard/crtbegin.o
                0x000000002000000c                . = ALIGN (0x4)

.bss            0x000000002000000c       0x64 load address 0x0000000008002e5c
                0x000000002000000c                _sbss = .
                0x000000002000000c                __bss_start__ = _sbss
 *(.bss)
 .bss           0x000000002000000c       0x1c c:/st/stm32cubeide_1.9.0/stm32cubeide/plugins/com.st.stm32cube.ide.mcu.externaltools.gnu-tools-for-stm32.10.3-2021.10.win32_1.0.0.202111181127/tools/bin/../lib/gcc/arm-none-eabi/10.3.1/thumb/v7e-m+fp/hard/crtbegin.o
 *(.bss*)
 .bss.huart2    0x0000000020000028       0x44 ./Core/Src/main.o
                0x0000000020000028                huart2
 .bss.uwTick    0x000000002000006c        0x4 ./Drivers/STM32F4xx_HAL_Driver/Src/stm32f4xx_hal.o
                0x000000002000006c                uwTick
 *(COMMON)
                0x0000000020000070                . = ALIGN (0x4)
                0x0000000020000070                _ebss = .
                0x0000000020000070                __bss_end__ = _ebss

._user_heap_stack
                0x0000000020000070      0x600 load address 0x0000000008002e5c
                0x0000000020000070                . = ALIGN (0x8)
                [!provide]                        PROVIDE (end = .)
                0x0000000020000070                PROVIDE (_end = .)
                0x0000000020000270                . = (. + _Min_Heap_Size)
 *fill*         0x0000000020000070      0x200 
                0x0000000020000670                . = (. + _Min_Stack_Size)
 *fill*         0x0000000020000270      0x400 
                0x0000000020000670                . = ALIGN (0x8)

/DISCARD/
 libc.a(*)
 libm.a(*)
 libgcc.a(*)

.ARM.attributes
                0x0000000000000000       0x30
 *(.ARM.attributes)
 .ARM.attributes
                0x0000000000000000       0x1e c:/st/stm32cubeide_1.9.0/stm32cubeide/plugins/com.st.stm32cube.ide.mcu.externaltools.gnu-tools-for-stm32.10.3-2021.10.win32_1.0.0.202111181127/tools/bin/../lib/gcc/arm-none-eabi/10.3.1/thumb/v7e-m+fp/hard/crti.o
 .ARM.attributes
                0x000000000000001e       0x34 c:/st/stm32cubeide_1.9.0/stm32cubeide/plugins/com.st.stm32cube.ide.mcu.externaltools.gnu-tools-for-stm32.10.3-2021.10.win32_1.0.0.202111181127/tools/bin/../lib/gcc/arm-none-eabi/10.3.1/thumb/v7e-m+fp/hard/crtbegin.o
 .ARM.attributes
                0x0000000000000052       0x34 ./Core/Src/auxiliary.o
 .ARM.attributes
                0x0000000000000086       0x34 ./Core/Src/main.o
 .ARM.attributes
                0x00000000000000ba       0x34 ./Core/Src/stm32f4xx_hal_msp.o
 .ARM.attributes
                0x00000000000000ee       0x34 ./Core/Src/stm32f4xx_it.o
 .ARM.attributes
                0x0000000000000122       0x34 ./Core/Src/system_stm32f4xx.o
 .ARM.attributes
                0x0000000000000156       0x21 ./Core/Startup/startup_stm32f446retx.o
 .ARM.attributes
                0x0000000000000177       0x34 ./Drivers/STM32F4xx_HAL_Driver/Src/stm32f4xx_hal.o
 .ARM.attributes
                0x00000000000001ab       0x34 ./Drivers/STM32F4xx_HAL_Driver/Src/stm32f4xx_hal_cortex.o
 .ARM.attributes
                0x00000000000001df       0x34 ./Drivers/STM32F4xx_HAL_Driver/Src/stm32f4xx_hal_dma.o
 .ARM.attributes
                0x0000000000000213       0x34 ./Drivers/STM32F4xx_HAL_Driver/Src/stm32f4xx_hal_gpio.o
 .ARM.attributes
                0x0000000000000247       0x34 ./Drivers/STM32F4xx_HAL_Driver/Src/stm32f4xx_hal_rcc.o
 .ARM.attributes
                0x000000000000027b       0x34 ./Drivers/STM32F4xx_HAL_Driver/Src/stm32f4xx_hal_rcc_ex.o
 .ARM.attributes
                0x00000000000002af       0x34 ./Drivers/STM32F4xx_HAL_Driver/Src/stm32f4xx_hal_uart.o
 .ARM.attributes
                0x00000000000002e3       0x34 c:/st/stm32cubeide_1.9.0/stm32cubeide/plugins/com.st.stm32cube.ide.mcu.externaltools.gnu-tools-for-stm32.10.3-2021.10.win32_1.0.0.202111181127/tools/bin/../lib/gcc/arm-none-eabi/10.3.1/../../../../arm-none-eabi/lib/thumb/v7e-m+fp/hard\libc_nano.a(lib_a-init.o)
 .ARM.attributes
                0x0000000000000317       0x34 c:/st/stm32cubeide_1.9.0/stm32cubeide/plugins/com.st.stm32cube.ide.mcu.externaltools.gnu-tools-for-stm32.10.3-2021.10.win32_1.0.0.202111181127/tools/bin/../lib/gcc/arm-none-eabi/10.3.1/../../../../arm-none-eabi/lib/thumb/v7e-m+fp/hard\libc_nano.a(lib_a-memcmp.o)
 .ARM.attributes
                0x000000000000034b       0x34 c:/st/stm32cubeide_1.9.0/stm32cubeide/plugins/com.st.stm32cube.ide.mcu.externaltools.gnu-tools-for-stm32.10.3-2021.10.win32_1.0.0.202111181127/tools/bin/../lib/gcc/arm-none-eabi/10.3.1/../../../../arm-none-eabi/lib/thumb/v7e-m+fp/hard\libc_nano.a(lib_a-memset.o)
 .ARM.attributes
                0x000000000000037f       0x1e c:/st/stm32cubeide_1.9.0/stm32cubeide/plugins/com.st.stm32cube.ide.mcu.externaltools.gnu-tools-for-stm32.10.3-2021.10.win32_1.0.0.202111181127/tools/bin/../lib/gcc/arm-none-eabi/10.3.1/thumb/v7e-m+fp/hard\libgcc.a(_aeabi_uldivmod.o)
 .ARM.attributes
                0x000000000000039d       0x34 c:/st/stm32cubeide_1.9.0/stm32cubeide/plugins/com.st.stm32cube.ide.mcu.externaltools.gnu-tools-for-stm32.10.3-2021.10.win32_1.0.0.202111181127/tools/bin/../lib/gcc/arm-none-eabi/10.3.1/thumb/v7e-m+fp/hard\libgcc.a(_udivmoddi4.o)
 .ARM.attributes
                0x00000000000003d1       0x1e c:/st/stm32cubeide_1.9.0/stm32cubeide/plugins/com.st.stm32cube.ide.mcu.externaltools.gnu-tools-for-stm32.10.3-2021.10.win32_1.0.0.202111181127/tools/bin/../lib/gcc/arm-none-eabi/10.3.1/thumb/v7e-m+fp/hard\libgcc.a(_dvmd_tls.o)
 .ARM.attributes
                0x00000000000003ef       0x1e c:/st/stm32cubeide_1.9.0/stm32cubeide/plugins/com.st.stm32cube.ide.mcu.externaltools.gnu-tools-for-stm32.10.3-2021.10.win32_1.0.0.202111181127/tools/bin/../lib/gcc/arm-none-eabi/10.3.1/thumb/v7e-m+fp/hard/crtn.o
OUTPUT(004UART.elf elf32-littlearm)
LOAD linker stubs
LOAD c:/st/stm32cubeide_1.9.0/stm32cubeide/plugins/com.st.stm32cube.ide.mcu.externaltools.gnu-tools-for-stm32.10.3-2021.10.win32_1.0.0.202111181127/tools/bin/../lib/gcc/arm-none-eabi/10.3.1/../../../../arm-none-eabi/lib/thumb/v7e-m+fp/hard\libc.a
LOAD c:/st/stm32cubeide_1.9.0/stm32cubeide/plugins/com.st.stm32cube.ide.mcu.externaltools.gnu-tools-for-stm32.10.3-2021.10.win32_1.0.0.202111181127/tools/bin/../lib/gcc/arm-none-eabi/10.3.1/../../../../arm-none-eabi/lib/thumb/v7e-m+fp/hard\libm.a
LOAD c:/st/stm32cubeide_1.9.0/stm32cubeide/plugins/com.st.stm32cube.ide.mcu.externaltools.gnu-tools-for-stm32.10.3-2021.10.win32_1.0.0.202111181127/tools/bin/../lib/gcc/arm-none-eabi/10.3.1/thumb/v7e-m+fp/hard\libgcc.a

.debug_info     0x0000000000000000     0x958f
 .debug_info    0x0000000000000000      0x16d ./Core/Src/auxiliary.o
 .debug_info    0x000000000000016d      0xda0 ./Core/Src/main.o
 .debug_info    0x0000000000000f0d      0xc35 ./Core/Src/stm32f4xx_hal_msp.o
 .debug_info    0x0000000000001b42      0x665 ./Core/Src/stm32f4xx_it.o
 .debug_info    0x00000000000021a7      0x55b ./Core/Src/system_stm32f4xx.o
 .debug_info    0x0000000000002702       0x22 ./Core/Startup/startup_stm32f446retx.o
 .debug_info    0x0000000000002724      0x9d2 ./Drivers/STM32F4xx_HAL_Driver/Src/stm32f4xx_hal.o
 .debug_info    0x00000000000030f6      0xe39 ./Drivers/STM32F4xx_HAL_Driver/Src/stm32f4xx_hal_cortex.o
 .debug_info    0x0000000000003f2f      0x94f ./Drivers/STM32F4xx_HAL_Driver/Src/stm32f4xx_hal_dma.o
 .debug_info    0x000000000000487e      0x7be ./Drivers/STM32F4xx_HAL_Driver/Src/stm32f4xx_hal_gpio.o
 .debug_info    0x000000000000503c      0x9ab ./Drivers/STM32F4xx_HAL_Driver/Src/stm32f4xx_hal_rcc.o
 .debug_info    0x00000000000059e7      0x9ec ./Drivers/STM32F4xx_HAL_Driver/Src/stm32f4xx_hal_rcc_ex.o
 .debug_info    0x00000000000063d3     0x31bc ./Drivers/STM32F4xx_HAL_Driver/Src/stm32f4xx_hal_uart.o

.debug_abbrev   0x0000000000000000     0x183f
 .debug_abbrev  0x0000000000000000       0xaf ./Core/Src/auxiliary.o
 .debug_abbrev  0x00000000000000af      0x26e ./Core/Src/main.o
 .debug_abbrev  0x000000000000031d      0x1b9 ./Core/Src/stm32f4xx_hal_msp.o
 .debug_abbrev  0x00000000000004d6      0x166 ./Core/Src/stm32f4xx_it.o
 .debug_abbrev  0x000000000000063c      0x116 ./Core/Src/system_stm32f4xx.o
 .debug_abbrev  0x0000000000000752       0x12 ./Core/Startup/startup_stm32f446retx.o
 .debug_abbrev  0x0000000000000764      0x20d ./Drivers/STM32F4xx_HAL_Driver/Src/stm32f4xx_hal.o
 .debug_abbrev  0x0000000000000971      0x316 ./Drivers/STM32F4xx_HAL_Driver/Src/stm32f4xx_hal_cortex.o
 .debug_abbrev  0x0000000000000c87      0x25b ./Drivers/STM32F4xx_HAL_Driver/Src/stm32f4xx_hal_dma.o
 .debug_abbrev  0x0000000000000ee2      0x1c4 ./Drivers/STM32F4xx_HAL_Driver/Src/stm32f4xx_hal_gpio.o
 .debug_abbrev  0x00000000000010a6      0x2aa ./Drivers/STM32F4xx_HAL_Driver/Src/stm32f4xx_hal_rcc.o
 .debug_abbrev  0x0000000000001350      0x1fb ./Drivers/STM32F4xx_HAL_Driver/Src/stm32f4xx_hal_rcc_ex.o
 .debug_abbrev  0x000000000000154b      0x2f4 ./Drivers/STM32F4xx_HAL_Driver/Src/stm32f4xx_hal_uart.o

.debug_aranges  0x0000000000000000      0x738
 .debug_aranges
                0x0000000000000000       0x20 ./Core/Src/auxiliary.o
 .debug_aranges
                0x0000000000000020       0x40 ./Core/Src/main.o
 .debug_aranges
                0x0000000000000060       0x30 ./Core/Src/stm32f4xx_hal_msp.o
 .debug_aranges
                0x0000000000000090       0x68 ./Core/Src/stm32f4xx_it.o
 .debug_aranges
                0x00000000000000f8       0x28 ./Core/Src/system_stm32f4xx.o
 .debug_aranges
                0x0000000000000120       0x28 ./Core/Startup/startup_stm32f446retx.o
 .debug_aranges
                0x0000000000000148       0xf0 ./Drivers/STM32F4xx_HAL_Driver/Src/stm32f4xx_hal.o
 .debug_aranges
                0x0000000000000238      0x118 ./Drivers/STM32F4xx_HAL_Driver/Src/stm32f4xx_hal_cortex.o
 .debug_aranges
                0x0000000000000350       0x90 ./Drivers/STM32F4xx_HAL_Driver/Src/stm32f4xx_hal_dma.o
 .debug_aranges
                0x00000000000003e0       0x58 ./Drivers/STM32F4xx_HAL_Driver/Src/stm32f4xx_hal_gpio.o
 .debug_aranges
                0x0000000000000438       0x88 ./Drivers/STM32F4xx_HAL_Driver/Src/stm32f4xx_hal_rcc.o
 .debug_aranges
                0x00000000000004c0       0x78 ./Drivers/STM32F4xx_HAL_Driver/Src/stm32f4xx_hal_rcc_ex.o
 .debug_aranges
                0x0000000000000538      0x200 ./Drivers/STM32F4xx_HAL_Driver/Src/stm32f4xx_hal_uart.o

.debug_ranges   0x0000000000000000      0x6a0
 .debug_ranges  0x0000000000000000       0x10 ./Core/Src/auxiliary.o
 .debug_ranges  0x0000000000000010       0x30 ./Core/Src/main.o
 .debug_ranges  0x0000000000000040       0x20 ./Core/Src/stm32f4xx_hal_msp.o
 .debug_ranges  0x0000000000000060       0x58 ./Core/Src/stm32f4xx_it.o
 .debug_ranges  0x00000000000000b8       0x18 ./Core/Src/system_stm32f4xx.o
 .debug_ranges  0x00000000000000d0       0x20 ./Core/Startup/startup_stm32f446retx.o
 .debug_ranges  0x00000000000000f0       0xe0 ./Drivers/STM32F4xx_HAL_Driver/Src/stm32f4xx_hal.o
 .debug_ranges  0x00000000000001d0      0x108 ./Drivers/STM32F4xx_HAL_Driver/Src/stm32f4xx_hal_cortex.o
 .debug_ranges  0x00000000000002d8       0x80 ./Drivers/STM32F4xx_HAL_Driver/Src/stm32f4xx_hal_dma.o
 .debug_ranges  0x0000000000000358       0x48 ./Drivers/STM32F4xx_HAL_Driver/Src/stm32f4xx_hal_gpio.o
 .debug_ranges  0x00000000000003a0       0x78 ./Drivers/STM32F4xx_HAL_Driver/Src/stm32f4xx_hal_rcc.o
 .debug_ranges  0x0000000000000418       0x68 ./Drivers/STM32F4xx_HAL_Driver/Src/stm32f4xx_hal_rcc_ex.o
 .debug_ranges  0x0000000000000480      0x220 ./Drivers/STM32F4xx_HAL_Driver/Src/stm32f4xx_hal_uart.o

.debug_macro    0x0000000000000000    0x21209
 .debug_macro   0x0000000000000000      0x1f1 ./Core/Src/auxiliary.o
 .debug_macro   0x00000000000001f1      0xa78 ./Core/Src/auxiliary.o
 .debug_macro   0x0000000000000c69       0x22 ./Core/Src/auxiliary.o
 .debug_macro   0x0000000000000c8b       0x4c ./Core/Src/auxiliary.o
 .debug_macro   0x0000000000000cd7       0x1e ./Core/Src/auxiliary.o
 .debug_macro   0x0000000000000cf5       0x94 ./Core/Src/auxiliary.o
 .debug_macro   0x0000000000000d89       0x3c ./Core/Src/auxiliary.o
 .debug_macro   0x0000000000000dc5       0x34 ./Core/Src/auxiliary.o
 .debug_macro   0x0000000000000df9       0x16 ./Core/Src/auxiliary.o
 .debug_macro   0x0000000000000e0f       0x57 ./Core/Src/auxiliary.o
 .debug_macro   0x0000000000000e66       0x97 ./Core/Src/auxiliary.o
 .debug_macro   0x0000000000000efd      0x341 ./Core/Src/auxiliary.o
 .debug_macro   0x000000000000123e       0xfd ./Core/Src/auxiliary.o
 .debug_macro   0x000000000000133b       0x10 ./Core/Src/auxiliary.o
 .debug_macro   0x000000000000134b       0x16 ./Core/Src/auxiliary.o
 .debug_macro   0x0000000000001361       0x43 ./Core/Src/auxiliary.o
 .debug_macro   0x00000000000013a4       0x34 ./Core/Src/auxiliary.o
 .debug_macro   0x00000000000013d8       0x10 ./Core/Src/auxiliary.o
 .debug_macro   0x00000000000013e8       0x58 ./Core/Src/auxiliary.o
 .debug_macro   0x0000000000001440       0x71 ./Core/Src/auxiliary.o
 .debug_macro   0x00000000000014b1       0x1c ./Core/Src/auxiliary.o
 .debug_macro   0x00000000000014cd      0x12a ./Core/Src/auxiliary.o
 .debug_macro   0x00000000000015f7       0x10 ./Core/Src/auxiliary.o
 .debug_macro   0x0000000000001607       0x6a ./Core/Src/auxiliary.o
 .debug_macro   0x0000000000001671       0x1c ./Core/Src/auxiliary.o
 .debug_macro   0x000000000000168d       0x52 ./Core/Src/auxiliary.o
 .debug_macro   0x00000000000016df       0x22 ./Core/Src/auxiliary.o
 .debug_macro   0x0000000000001701       0x10 ./Core/Src/auxiliary.o
 .debug_macro   0x0000000000001711       0x52 ./Core/Src/auxiliary.o
 .debug_macro   0x0000000000001763       0xd5 ./Core/Src/auxiliary.o
 .debug_macro   0x0000000000001838       0x1c ./Core/Src/auxiliary.o
 .debug_macro   0x0000000000001854       0x3d ./Core/Src/auxiliary.o
 .debug_macro   0x0000000000001891       0x16 ./Core/Src/auxiliary.o
 .debug_macro   0x00000000000018a7      0x145 ./Core/Src/auxiliary.o
 .debug_macro   0x00000000000019ec      0x103 ./Core/Src/auxiliary.o
 .debug_macro   0x0000000000001aef      0x1df ./Core/Src/auxiliary.o
 .debug_macro   0x0000000000001cce       0x16 ./Core/Src/auxiliary.o
 .debug_macro   0x0000000000001ce4       0x35 ./Core/Src/auxiliary.o
 .debug_macro   0x0000000000001d19       0x20 ./Core/Src/auxiliary.o
 .debug_macro   0x0000000000001d39      0x1d3 ./Core/Src/main.o
 .debug_macro   0x0000000000001f0c      0x295 ./Core/Src/main.o
 .debug_macro   0x00000000000021a1       0x2e ./Core/Src/main.o
 .debug_macro   0x00000000000021cf       0x28 ./Core/Src/main.o
 .debug_macro   0x00000000000021f7       0x8e ./Core/Src/main.o
 .debug_macro   0x0000000000002285       0x51 ./Core/Src/main.o
 .debug_macro   0x00000000000022d6       0x1c ./Core/Src/main.o
 .debug_macro   0x00000000000022f2       0x22 ./Core/Src/main.o
 .debug_macro   0x0000000000002314       0xd9 ./Core/Src/main.o
 .debug_macro   0x00000000000023ed     0x102d ./Core/Src/main.o
 .debug_macro   0x000000000000341a      0x11f ./Core/Src/main.o
 .debug_macro   0x0000000000003539    0x16749 ./Core/Src/main.o
 .debug_macro   0x0000000000019c82       0x6d ./Core/Src/main.o
 .debug_macro   0x0000000000019cef     0x367e ./Core/Src/main.o
 .debug_macro   0x000000000001d36d      0x174 ./Core/Src/main.o
 .debug_macro   0x000000000001d4e1       0x5c ./Core/Src/main.o
 .debug_macro   0x000000000001d53d      0xc90 ./Core/Src/main.o
 .debug_macro   0x000000000001e1cd      0x9fe ./Core/Src/main.o
 .debug_macro   0x000000000001ebcb      0x115 ./Core/Src/main.o
 .debug_macro   0x000000000001ece0      0x1a0 ./Core/Src/main.o
 .debug_macro   0x000000000001ee80       0xa5 ./Core/Src/main.o
 .debug_macro   0x000000000001ef25      0x16d ./Core/Src/main.o
 .debug_macro   0x000000000001f092      0x287 ./Core/Src/main.o
 .debug_macro   0x000000000001f319       0x5f ./Core/Src/main.o
 .debug_macro   0x000000000001f378      0x236 ./Core/Src/main.o
 .debug_macro   0x000000000001f5ae      0x132 ./Core/Src/main.o
 .debug_macro   0x000000000001f6e0      0x29c ./Core/Src/main.o
 .debug_macro   0x000000000001f97c       0x2e ./Core/Src/main.o
 .debug_macro   0x000000000001f9aa      0x11a ./Core/Src/main.o
 .debug_macro   0x000000000001fac4       0xe8 ./Core/Src/main.o
 .debug_macro   0x000000000001fbac       0x89 ./Core/Src/main.o
 .debug_macro   0x000000000001fc35      0x295 ./Core/Src/main.o
 .debug_macro   0x000000000001feca      0x126 ./Core/Src/main.o
 .debug_macro   0x000000000001fff0       0x1c ./Core/Src/main.o
 .debug_macro   0x000000000002000c      0x1c9 ./Core/Src/stm32f4xx_hal_msp.o
 .debug_macro   0x00000000000201d5      0x1d3 ./Core/Src/stm32f4xx_it.o
 .debug_macro   0x00000000000203a8      0x1ba ./Core/Src/system_stm32f4xx.o
 .debug_macro   0x0000000000020562      0x21a ./Drivers/STM32F4xx_HAL_Driver/Src/stm32f4xx_hal.o
 .debug_macro   0x000000000002077c      0x1ba ./Drivers/STM32F4xx_HAL_Driver/Src/stm32f4xx_hal_cortex.o
 .debug_macro   0x0000000000020936      0x1c0 ./Drivers/STM32F4xx_HAL_Driver/Src/stm32f4xx_hal_dma.o
 .debug_macro   0x0000000000020af6      0x1c0 ./Drivers/STM32F4xx_HAL_Driver/Src/stm32f4xx_hal_gpio.o
 .debug_macro   0x0000000000020cb6      0x1de ./Drivers/STM32F4xx_HAL_Driver/Src/stm32f4xx_hal_rcc.o
 .debug_macro   0x0000000000020e94      0x1ba ./Drivers/STM32F4xx_HAL_Driver/Src/stm32f4xx_hal_rcc_ex.o
 .debug_macro   0x000000000002104e      0x1bb ./Drivers/STM32F4xx_HAL_Driver/Src/stm32f4xx_hal_uart.o

.debug_line     0x0000000000000000     0x9d6a
 .debug_line    0x0000000000000000      0x5d7 ./Core/Src/auxiliary.o
 .debug_line    0x00000000000005d7      0x80c ./Core/Src/main.o
 .debug_line    0x0000000000000de3      0x6e6 ./Core/Src/stm32f4xx_hal_msp.o
 .debug_line    0x00000000000014c9      0x761 ./Core/Src/stm32f4xx_it.o
 .debug_line    0x0000000000001c2a      0x708 ./Core/Src/system_stm32f4xx.o
 .debug_line    0x0000000000002332       0x88 ./Core/Startup/startup_stm32f446retx.o
 .debug_line    0x00000000000023ba      0x96e ./Drivers/STM32F4xx_HAL_Driver/Src/stm32f4xx_hal.o
 .debug_line    0x0000000000002d28      0xc1d ./Drivers/STM32F4xx_HAL_Driver/Src/stm32f4xx_hal_cortex.o
 .debug_line    0x0000000000003945      0xed2 ./Drivers/STM32F4xx_HAL_Driver/Src/stm32f4xx_hal_dma.o
 .debug_line    0x0000000000004817      0xace ./Drivers/STM32F4xx_HAL_Driver/Src/stm32f4xx_hal_gpio.o
 .debug_line    0x00000000000052e5      0xcf4 ./Drivers/STM32F4xx_HAL_Driver/Src/stm32f4xx_hal_rcc.o
 .debug_line    0x0000000000005fd9     0x137e ./Drivers/STM32F4xx_HAL_Driver/Src/stm32f4xx_hal_rcc_ex.o
 .debug_line    0x0000000000007357     0x2a13 ./Drivers/STM32F4xx_HAL_Driver/Src/stm32f4xx_hal_uart.o

.debug_str      0x0000000000000000    0xc831c
 .debug_str     0x0000000000000000     0x7b5b ./Core/Src/auxiliary.o
                                       0x7d5b (size before relaxing)
 .debug_str     0x0000000000007b5b    0xbe76d ./Core/Src/main.o
                                      0xc27ac (size before relaxing)
 .debug_str     0x00000000000c62c8      0x5ae ./Core/Src/stm32f4xx_hal_msp.o
                                      0xc2ac6 (size before relaxing)
 .debug_str     0x00000000000c6876       0xef ./Core/Src/stm32f4xx_it.o
                                      0xc2443 (size before relaxing)
 .debug_str     0x00000000000c6965       0xdb ./Core/Src/system_stm32f4xx.o
                                      0xc20a7 (size before relaxing)
 .debug_str     0x00000000000c6a40       0x36 ./Core/Startup/startup_stm32f446retx.o
                                         0x6d (size before relaxing)
 .debug_str     0x00000000000c6a76      0x60d ./Drivers/STM32F4xx_HAL_Driver/Src/stm32f4xx_hal.o
                                      0xc2c6c (size before relaxing)
 .debug_str     0x00000000000c7083      0x32d ./Drivers/STM32F4xx_HAL_Driver/Src/stm32f4xx_hal_cortex.o
                                      0xc297a (size before relaxing)
 .debug_str     0x00000000000c73b0      0x328 ./Drivers/STM32F4xx_HAL_Driver/Src/stm32f4xx_hal_dma.o
                                      0xc249c (size before relaxing)
 .debug_str     0x00000000000c76d8      0x121 ./Drivers/STM32F4xx_HAL_Driver/Src/stm32f4xx_hal_gpio.o
                                      0xc2222 (size before relaxing)
 .debug_str     0x00000000000c77f9      0x233 ./Drivers/STM32F4xx_HAL_Driver/Src/stm32f4xx_hal_rcc.o
                                      0xc24e0 (size before relaxing)
 .debug_str     0x00000000000c7a2c      0x324 ./Drivers/STM32F4xx_HAL_Driver/Src/stm32f4xx_hal_rcc_ex.o
                                      0xc2513 (size before relaxing)
 .debug_str     0x00000000000c7d50      0x5cc ./Drivers/STM32F4xx_HAL_Driver/Src/stm32f4xx_hal_uart.o
                                      0xc2a55 (size before relaxing)

.comment        0x0000000000000000       0x50
 .comment       0x0000000000000000       0x50 ./Core/Src/auxiliary.o
                                         0x51 (size before relaxing)
 .comment       0x0000000000000050       0x51 ./Core/Src/main.o
 .comment       0x0000000000000050       0x51 ./Core/Src/stm32f4xx_hal_msp.o
 .comment       0x0000000000000050       0x51 ./Core/Src/stm32f4xx_it.o
 .comment       0x0000000000000050       0x51 ./Core/Src/system_stm32f4xx.o
 .comment       0x0000000000000050       0x51 ./Drivers/STM32F4xx_HAL_Driver/Src/stm32f4xx_hal.o
 .comment       0x0000000000000050       0x51 ./Drivers/STM32F4xx_HAL_Driver/Src/stm32f4xx_hal_cortex.o
 .comment       0x0000000000000050       0x51 ./Drivers/STM32F4xx_HAL_Driver/Src/stm32f4xx_hal_dma.o
 .comment       0x0000000000000050       0x51 ./Drivers/STM32F4xx_HAL_Driver/Src/stm32f4xx_hal_gpio.o
 .comment       0x0000000000000050       0x51 ./Drivers/STM32F4xx_HAL_Driver/Src/stm32f4xx_hal_rcc.o
 .comment       0x0000000000000050       0x51 ./Drivers/STM32F4xx_HAL_Driver/Src/stm32f4xx_hal_rcc_ex.o
 .comment       0x0000000000000050       0x51 ./Drivers/STM32F4xx_HAL_Driver/Src/stm32f4xx_hal_uart.o

.debug_frame    0x0000000000000000     0x1c64
 .debug_frame   0x0000000000000000       0x34 ./Core/Src/auxiliary.o
 .debug_frame   0x0000000000000034       0xb4 ./Core/Src/main.o
 .debug_frame   0x00000000000000e8       0x80 ./Core/Src/stm32f4xx_hal_msp.o
 .debug_frame   0x0000000000000168      0x120 ./Core/Src/stm32f4xx_it.o
 .debug_frame   0x0000000000000288       0x58 ./Core/Src/system_stm32f4xx.o
 .debug_frame   0x00000000000002e0      0x374 ./Drivers/STM32F4xx_HAL_Driver/Src/stm32f4xx_hal.o
 .debug_frame   0x0000000000000654      0x498 ./Drivers/STM32F4xx_HAL_Driver/Src/stm32f4xx_hal_cortex.o
 .debug_frame   0x0000000000000aec      0x250 ./Drivers/STM32F4xx_HAL_Driver/Src/stm32f4xx_hal_dma.o
 .debug_frame   0x0000000000000d3c      0x14c ./Drivers/STM32F4xx_HAL_Driver/Src/stm32f4xx_hal_gpio.o
 .debug_frame   0x0000000000000e88      0x1f4 ./Drivers/STM32F4xx_HAL_Driver/Src/stm32f4xx_hal_rcc.o
 .debug_frame   0x000000000000107c      0x1e8 ./Drivers/STM32F4xx_HAL_Driver/Src/stm32f4xx_hal_rcc_ex.o
 .debug_frame   0x0000000000001264      0x92c ./Drivers/STM32F4xx_HAL_Driver/Src/stm32f4xx_hal_uart.o
 .debug_frame   0x0000000000001b90       0x2c c:/st/stm32cubeide_1.9.0/stm32cubeide/plugins/com.st.stm32cube.ide.mcu.externaltools.gnu-tools-for-stm32.10.3-2021.10.win32_1.0.0.202111181127/tools/bin/../lib/gcc/arm-none-eabi/10.3.1/../../../../arm-none-eabi/lib/thumb/v7e-m+fp/hard\libc_nano.a(lib_a-init.o)
 .debug_frame   0x0000000000001bbc       0x28 c:/st/stm32cubeide_1.9.0/stm32cubeide/plugins/com.st.stm32cube.ide.mcu.externaltools.gnu-tools-for-stm32.10.3-2021.10.win32_1.0.0.202111181127/tools/bin/../lib/gcc/arm-none-eabi/10.3.1/../../../../arm-none-eabi/lib/thumb/v7e-m+fp/hard\libc_nano.a(lib_a-memcmp.o)
 .debug_frame   0x0000000000001be4       0x20 c:/st/stm32cubeide_1.9.0/stm32cubeide/plugins/com.st.stm32cube.ide.mcu.externaltools.gnu-tools-for-stm32.10.3-2021.10.win32_1.0.0.202111181127/tools/bin/../lib/gcc/arm-none-eabi/10.3.1/../../../../arm-none-eabi/lib/thumb/v7e-m+fp/hard\libc_nano.a(lib_a-memset.o)
 .debug_frame   0x0000000000001c04       0x2c c:/st/stm32cubeide_1.9.0/stm32cubeide/plugins/com.st.stm32cube.ide.mcu.externaltools.gnu-tools-for-stm32.10.3-2021.10.win32_1.0.0.202111181127/tools/bin/../lib/gcc/arm-none-eabi/10.3.1/thumb/v7e-m+fp/hard\libgcc.a(_aeabi_uldivmod.o)
 .debug_frame   0x0000000000001c30       0x34 c:/st/stm32cubeide_1.9.0/stm32cubeide/plugins/com.st.stm32cube.ide.mcu.externaltools.gnu-tools-for-stm32.10.3-2021.10.win32_1.0.0.202111181127/tools/bin/../lib/gcc/arm-none-eabi/10.3.1/thumb/v7e-m+fp/hard\libgcc.a(_udivmoddi4.o)
