18:33:41 **** Incremental Build of configuration Debug for project 002DiodeMatrix ****
make -j12 all 
arm-none-eabi-gcc "../Core/Src/render.c" -mcpu=cortex-m4 -std=gnu11 -g3 -DDEBUG -DUSE_HAL_DRIVER -DSTM32F446xx -c -I../Core/Inc -I../Drivers/STM32F4xx_HAL_Driver/Inc -I../Drivers/STM32F4xx_HAL_Driver/Inc/Legacy -I../Drivers/CMSIS/Device/ST/STM32F4xx/Include -I../Drivers/CMSIS/Include -O0 -ffunction-sections -fdata-sections -Wall -fstack-usage -MMD -MP -MF"Core/Src/render.d" -MT"Core/Src/render.o" --specs=nano.specs -mfpu=fpv4-sp-d16 -mfloat-abi=hard -mthumb -o "Core/Src/render.o"
arm-none-eabi-gcc -o "002DiodeMatrix.elf" @"objects.list"   -mcpu=cortex-m4 -T"C:\Users\tt\STM32CubeIDE\workspace_1.9.0\002DiodeMatrix\STM32F446RETX_FLASH.ld" --specs=nosys.specs -Wl,-Map="002DiodeMatrix.map" -Wl,--gc-sections -static --specs=nano.specs -mfpu=fpv4-sp-d16 -mfloat-abi=hard -mthumb -Wl,--start-group -lc -lm -Wl,--end-group
Finished building target: 002DiodeMatrix.elf
 
arm-none-eabi-size   002DiodeMatrix.elf 
arm-none-eabi-objdump -h -S  002DiodeMatrix.elf  > "002DiodeMatrix.list"
   text	   data	    bss	    dec	    hex	filename
   6708	    372	   1572	   8652	   21cc	002DiodeMatrix.elf
Finished building: default.size.stdout
 
Finished building: 002DiodeMatrix.list
 

18:33:42 Build Finished. 0 errors, 0 warnings. (took 656ms)

