10:15:10 **** Incremental Build of configuration Debug for project 003Snake ****
make -j12 all 
arm-none-eabi-gcc "../Core/Src/logic.c" -mcpu=cortex-m4 -std=gnu11 -g3 -DDEBUG -DUSE_HAL_DRIVER -DSTM32F446xx -c -I../Core/Inc -I../Drivers/STM32F4xx_HAL_Driver/Inc -I../Drivers/STM32F4xx_HAL_Driver/Inc/Legacy -I../Drivers/CMSIS/Device/ST/STM32F4xx/Include -I../Drivers/CMSIS/Include -O0 -ffunction-sections -fdata-sections -Wall -fstack-usage -MMD -MP -MF"Core/Src/logic.d" -MT"Core/Src/logic.o" --specs=nano.specs -mfpu=fpv4-sp-d16 -mfloat-abi=hard -mthumb -o "Core/Src/logic.o"
arm-none-eabi-gcc -o "003Snake.elf" @"objects.list"   -mcpu=cortex-m4 -T"C:\Users\tt\STM32CubeIDE\workspace_1.9.0\003Snake\STM32F446RETX_FLASH.ld" --specs=nosys.specs -Wl,-Map="003Snake.map" -Wl,--gc-sections -static --specs=nano.specs -mfpu=fpv4-sp-d16 -mfloat-abi=hard -mthumb -Wl,--start-group -lc -lm -Wl,--end-group
Finished building target: 003Snake.elf
 
arm-none-eabi-size   003Snake.elf 
arm-none-eabi-objdump -h -S  003Snake.elf  > "003Snake.list"
   text	   data	    bss	    dec	    hex	filename
   6384	     20	   1572	   7976	   1f28	003Snake.elf
Finished building: default.size.stdout
 
Finished building: 003Snake.list
 

10:15:10 Build Finished. 0 errors, 0 warnings. (took 360ms)

