18:02:52 **** Incremental Build of configuration Debug for project 008ILI9225 ****
make -j12 all 
arm-none-eabi-gcc "../Core/Src/main.c" -mcpu=cortex-m4 -std=gnu11 -g3 -DDEBUG -DUSE_HAL_DRIVER -DSTM32F446xx -c -I../Core/Inc -I../Drivers/STM32F4xx_HAL_Driver/Inc -I../Drivers/STM32F4xx_HAL_Driver/Inc/Legacy -I../Drivers/CMSIS/Device/ST/STM32F4xx/Include -I../Drivers/CMSIS/Include -O0 -ffunction-sections -fdata-sections -Wall -fstack-usage -MMD -MP -MF"Core/Src/main.d" -MT"Core/Src/main.o" --specs=nano.specs -mfpu=fpv4-sp-d16 -mfloat-abi=hard -mthumb -o "Core/Src/main.o"
arm-none-eabi-gcc -o "008ILI9225.elf" @"objects.list"   -mcpu=cortex-m4 -T"T:\_MyCoolGitHub\STM32\008ILI9225\STM32F446RETX_FLASH.ld" --specs=nosys.specs -Wl,-Map="008ILI9225.map" -Wl,--gc-sections -static --specs=nano.specs -mfpu=fpv4-sp-d16 -mfloat-abi=hard -mthumb -Wl,--start-group -lc -lm -Wl,--end-group
Finished building target: 008ILI9225.elf
 
arm-none-eabi-size   008ILI9225.elf 
arm-none-eabi-objdump -h -S  008ILI9225.elf  > "008ILI9225.list"
   text	   data	    bss	    dec	    hex	filename
  10316	     20	   1756	  12092	   2f3c	008ILI9225.elf
Finished building: default.size.stdout
 
Finished building: 008ILI9225.list
 

18:03:02 Build Finished. 0 errors, 0 warnings. (took 9s.766ms)

