18:33:38 **** Incremental Build of configuration Debug for project 000BluePill ****
make -j12 all 
arm-none-eabi-gcc "../Core/Src/main.c" -mcpu=cortex-m3 -std=gnu11 -g3 -DDEBUG -DUSE_HAL_DRIVER -DSTM32F103xB -c -I../Core/Inc -I../Drivers/STM32F1xx_HAL_Driver/Inc -I../Drivers/STM32F1xx_HAL_Driver/Inc/Legacy -I../Drivers/CMSIS/Device/ST/STM32F1xx/Include -I../Drivers/CMSIS/Include -O0 -ffunction-sections -fdata-sections -Wall -fstack-usage -MMD -MP -MF"Core/Src/main.d" -MT"Core/Src/main.o" --specs=nano.specs -mfloat-abi=soft -mthumb -o "Core/Src/main.o"
arm-none-eabi-gcc -o "000BluePill.elf" @"objects.list"   -mcpu=cortex-m3 -T"T:\_MyCoolGitHub\STM32\000BluePill\STM32F103C8TX_FLASH.ld" --specs=nosys.specs -Wl,-Map="000BluePill.map" -Wl,--gc-sections -static --specs=nano.specs -mfloat-abi=soft -mthumb -Wl,--start-group -lc -lm -Wl,--end-group
Finished building target: 000BluePill.elf
 
arm-none-eabi-size   000BluePill.elf 
arm-none-eabi-objdump -h -S  000BluePill.elf  > "000BluePill.list"
   text	   data	    bss	    dec	    hex	filename
   4588	     20	   1572	   6180	   1824	000BluePill.elf
Finished building: default.size.stdout
 
Finished building: 000BluePill.list
 
18:37:23 **** Incremental Build of configuration Debug for project 000BluePill ****
make -j12 all 
arm-none-eabi-size   000BluePill.elf 
   text	   data	    bss	    dec	    hex	filename
   4588	     20	   1572	   6180	   1824	000BluePill.elf
Finished building: default.size.stdout
 
18:38:40 **** Incremental Build of configuration Debug for project 000BluePill ****
make -j12 all 
arm-none-eabi-size   000BluePill.elf 
   text	   data	    bss	    dec	    hex	filename
   4588	     20	   1572	   6180	   1824	000BluePill.elf
Finished building: default.size.stdout
 
18:40:29 **** Incremental Build of configuration Debug for project 000BluePill ****
make -j12 all 
arm-none-eabi-size   000BluePill.elf 
   text	   data	    bss	    dec	    hex	filename
   4588	     20	   1572	   6180	   1824	000BluePill.elf
Finished building: default.size.stdout
 
18:42:42 **** Incremental Build of configuration Debug for project 000BluePill ****
make -j12 all 
arm-none-eabi-size   000BluePill.elf 
   text	   data	    bss	    dec	    hex	filename
   4588	     20	   1572	   6180	   1824	000BluePill.elf
Finished building: default.size.stdout
 
