11:29:45 **** Build of configuration Debug for project NUCLEO-F446RE ****
make -j12 all 
arm-none-eabi-gcc "C:/Users/tt/STM32Cube/Repository/STM32Cube_FW_F4_V1.27.1/Projects/STM32446E-Nucleo/Templates_LL/Src/main.c" -mcpu=cortex-m4 -std=gnu11 -g3 -DSTM32F446xx -DUSE_FULL_LL_DRIVER -DHSE_VALUE=8000000U -c -I../../../Inc -I../../../../../../Drivers/CMSIS/Device/ST/STM32F4xx/Include -I../../../../../../Drivers/STM32F4xx_HAL_Driver/Inc -I../../../../../../Drivers/CMSIS/Include -Os -ffunction-sections -Wall -Wno-strict-aliasing -fstack-usage -MMD -MP -MF"Example/User/main.d" -MT"Example/User/main.o" --specs=nano.specs -mfpu=fpv4-sp-d16 -mfloat-abi=hard -mthumb -o "Example/User/main.o"
arm-none-eabi-gcc "C:/Users/tt/STM32Cube/Repository/STM32Cube_FW_F4_V1.27.1/Projects/STM32446E-Nucleo/Templates_LL/Src/stm32f4xx_it.c" -mcpu=cortex-m4 -std=gnu11 -g3 -DSTM32F446xx -DUSE_FULL_LL_DRIVER -DHSE_VALUE=8000000U -c -I../../../Inc -I../../../../../../Drivers/CMSIS/Device/ST/STM32F4xx/Include -I../../../../../../Drivers/STM32F4xx_HAL_Driver/Inc -I../../../../../../Drivers/CMSIS/Include -Os -ffunction-sections -Wall -Wno-strict-aliasing -fstack-usage -MMD -MP -MF"Example/User/stm32f4xx_it.d" -MT"Example/User/stm32f4xx_it.o" --specs=nano.specs -mfpu=fpv4-sp-d16 -mfloat-abi=hard -mthumb -o "Example/User/stm32f4xx_it.o"
arm-none-eabi-gcc -mcpu=cortex-m4 -g3 -c -x assembler-with-cpp -MMD -MP -MF"Example/SW4STM32/startup_stm32f446xx.d" -MT"Example/SW4STM32/startup_stm32f446xx.o" --specs=nano.specs -mfpu=fpv4-sp-d16 -mfloat-abi=hard -mthumb -o "Example/SW4STM32/startup_stm32f446xx.o" "C:/Users/tt/STM32Cube/Repository/STM32Cube_FW_F4_V1.27.1/Projects/STM32446E-Nucleo/Templates_LL/SW4STM32/startup_stm32f446xx.s"
arm-none-eabi-gcc "C:/Users/tt/STM32Cube/Repository/STM32Cube_FW_F4_V1.27.1/Drivers/STM32F4xx_HAL_Driver/Src/stm32f4xx_ll_adc.c" -mcpu=cortex-m4 -std=gnu11 -g3 -DSTM32F446xx -DUSE_FULL_LL_DRIVER -DHSE_VALUE=8000000U -c -I../../../Inc -I../../../../../../Drivers/CMSIS/Device/ST/STM32F4xx/Include -I../../../../../../Drivers/STM32F4xx_HAL_Driver/Inc -I../../../../../../Drivers/CMSIS/Include -Os -ffunction-sections -Wall -Wno-strict-aliasing -fstack-usage -MMD -MP -MF"Drivers/STM32F4xx_LL_Driver/stm32f4xx_ll_adc.d" -MT"Drivers/STM32F4xx_LL_Driver/stm32f4xx_ll_adc.o" --specs=nano.specs -mfpu=fpv4-sp-d16 -mfloat-abi=hard -mthumb -o "Drivers/STM32F4xx_LL_Driver/stm32f4xx_ll_adc.o"
arm-none-eabi-gcc "C:/Users/tt/STM32Cube/Repository/STM32Cube_FW_F4_V1.27.1/Drivers/STM32F4xx_HAL_Driver/Src/stm32f4xx_ll_crc.c" -mcpu=cortex-m4 -std=gnu11 -g3 -DSTM32F446xx -DUSE_FULL_LL_DRIVER -DHSE_VALUE=8000000U -c -I../../../Inc -I../../../../../../Drivers/CMSIS/Device/ST/STM32F4xx/Include -I../../../../../../Drivers/STM32F4xx_HAL_Driver/Inc -I../../../../../../Drivers/CMSIS/Include -Os -ffunction-sections -Wall -Wno-strict-aliasing -fstack-usage -MMD -MP -MF"Drivers/STM32F4xx_LL_Driver/stm32f4xx_ll_crc.d" -MT"Drivers/STM32F4xx_LL_Driver/stm32f4xx_ll_crc.o" --specs=nano.specs -mfpu=fpv4-sp-d16 -mfloat-abi=hard -mthumb -o "Drivers/STM32F4xx_LL_Driver/stm32f4xx_ll_crc.o"
arm-none-eabi-gcc "C:/Users/tt/STM32Cube/Repository/STM32Cube_FW_F4_V1.27.1/Drivers/STM32F4xx_HAL_Driver/Src/stm32f4xx_ll_dac.c" -mcpu=cortex-m4 -std=gnu11 -g3 -DSTM32F446xx -DUSE_FULL_LL_DRIVER -DHSE_VALUE=8000000U -c -I../../../Inc -I../../../../../../Drivers/CMSIS/Device/ST/STM32F4xx/Include -I../../../../../../Drivers/STM32F4xx_HAL_Driver/Inc -I../../../../../../Drivers/CMSIS/Include -Os -ffunction-sections -Wall -Wno-strict-aliasing -fstack-usage -MMD -MP -MF"Drivers/STM32F4xx_LL_Driver/stm32f4xx_ll_dac.d" -MT"Drivers/STM32F4xx_LL_Driver/stm32f4xx_ll_dac.o" --specs=nano.specs -mfpu=fpv4-sp-d16 -mfloat-abi=hard -mthumb -o "Drivers/STM32F4xx_LL_Driver/stm32f4xx_ll_dac.o"
arm-none-eabi-gcc "C:/Users/tt/STM32Cube/Repository/STM32Cube_FW_F4_V1.27.1/Drivers/STM32F4xx_HAL_Driver/Src/stm32f4xx_ll_dma.c" -mcpu=cortex-m4 -std=gnu11 -g3 -DSTM32F446xx -DUSE_FULL_LL_DRIVER -DHSE_VALUE=8000000U -c -I../../../Inc -I../../../../../../Drivers/CMSIS/Device/ST/STM32F4xx/Include -I../../../../../../Drivers/STM32F4xx_HAL_Driver/Inc -I../../../../../../Drivers/CMSIS/Include -Os -ffunction-sections -Wall -Wno-strict-aliasing -fstack-usage -MMD -MP -MF"Drivers/STM32F4xx_LL_Driver/stm32f4xx_ll_dma.d" -MT"Drivers/STM32F4xx_LL_Driver/stm32f4xx_ll_dma.o" --specs=nano.specs -mfpu=fpv4-sp-d16 -mfloat-abi=hard -mthumb -o "Drivers/STM32F4xx_LL_Driver/stm32f4xx_ll_dma.o"
arm-none-eabi-gcc "C:/Users/tt/STM32Cube/Repository/STM32Cube_FW_F4_V1.27.1/Drivers/STM32F4xx_HAL_Driver/Src/stm32f4xx_ll_dma2d.c" -mcpu=cortex-m4 -std=gnu11 -g3 -DSTM32F446xx -DUSE_FULL_LL_DRIVER -DHSE_VALUE=8000000U -c -I../../../Inc -I../../../../../../Drivers/CMSIS/Device/ST/STM32F4xx/Include -I../../../../../../Drivers/STM32F4xx_HAL_Driver/Inc -I../../../../../../Drivers/CMSIS/Include -Os -ffunction-sections -Wall -Wno-strict-aliasing -fstack-usage -MMD -MP -MF"Drivers/STM32F4xx_LL_Driver/stm32f4xx_ll_dma2d.d" -MT"Drivers/STM32F4xx_LL_Driver/stm32f4xx_ll_dma2d.o" --specs=nano.specs -mfpu=fpv4-sp-d16 -mfloat-abi=hard -mthumb -o "Drivers/STM32F4xx_LL_Driver/stm32f4xx_ll_dma2d.o"
arm-none-eabi-gcc "C:/Users/tt/STM32Cube/Repository/STM32Cube_FW_F4_V1.27.1/Drivers/STM32F4xx_HAL_Driver/Src/stm32f4xx_ll_exti.c" -mcpu=cortex-m4 -std=gnu11 -g3 -DSTM32F446xx -DUSE_FULL_LL_DRIVER -DHSE_VALUE=8000000U -c -I../../../Inc -I../../../../../../Drivers/CMSIS/Device/ST/STM32F4xx/Include -I../../../../../../Drivers/STM32F4xx_HAL_Driver/Inc -I../../../../../../Drivers/CMSIS/Include -Os -ffunction-sections -Wall -Wno-strict-aliasing -fstack-usage -MMD -MP -MF"Drivers/STM32F4xx_LL_Driver/stm32f4xx_ll_exti.d" -MT"Drivers/STM32F4xx_LL_Driver/stm32f4xx_ll_exti.o" --specs=nano.specs -mfpu=fpv4-sp-d16 -mfloat-abi=hard -mthumb -o "Drivers/STM32F4xx_LL_Driver/stm32f4xx_ll_exti.o"
arm-none-eabi-gcc "C:/Users/tt/STM32Cube/Repository/STM32Cube_FW_F4_V1.27.1/Drivers/STM32F4xx_HAL_Driver/Src/stm32f4xx_ll_gpio.c" -mcpu=cortex-m4 -std=gnu11 -g3 -DSTM32F446xx -DUSE_FULL_LL_DRIVER -DHSE_VALUE=8000000U -c -I../../../Inc -I../../../../../../Drivers/CMSIS/Device/ST/STM32F4xx/Include -I../../../../../../Drivers/STM32F4xx_HAL_Driver/Inc -I../../../../../../Drivers/CMSIS/Include -Os -ffunction-sections -Wall -Wno-strict-aliasing -fstack-usage -MMD -MP -MF"Drivers/STM32F4xx_LL_Driver/stm32f4xx_ll_gpio.d" -MT"Drivers/STM32F4xx_LL_Driver/stm32f4xx_ll_gpio.o" --specs=nano.specs -mfpu=fpv4-sp-d16 -mfloat-abi=hard -mthumb -o "Drivers/STM32F4xx_LL_Driver/stm32f4xx_ll_gpio.o"
arm-none-eabi-gcc "C:/Users/tt/STM32Cube/Repository/STM32Cube_FW_F4_V1.27.1/Drivers/STM32F4xx_HAL_Driver/Src/stm32f4xx_ll_i2c.c" -mcpu=cortex-m4 -std=gnu11 -g3 -DSTM32F446xx -DUSE_FULL_LL_DRIVER -DHSE_VALUE=8000000U -c -I../../../Inc -I../../../../../../Drivers/CMSIS/Device/ST/STM32F4xx/Include -I../../../../../../Drivers/STM32F4xx_HAL_Driver/Inc -I../../../../../../Drivers/CMSIS/Include -Os -ffunction-sections -Wall -Wno-strict-aliasing -fstack-usage -MMD -MP -MF"Drivers/STM32F4xx_LL_Driver/stm32f4xx_ll_i2c.d" -MT"Drivers/STM32F4xx_LL_Driver/stm32f4xx_ll_i2c.o" --specs=nano.specs -mfpu=fpv4-sp-d16 -mfloat-abi=hard -mthumb -o "Drivers/STM32F4xx_LL_Driver/stm32f4xx_ll_i2c.o"
arm-none-eabi-gcc "C:/Users/tt/STM32Cube/Repository/STM32Cube_FW_F4_V1.27.1/Drivers/STM32F4xx_HAL_Driver/Src/stm32f4xx_ll_lptim.c" -mcpu=cortex-m4 -std=gnu11 -g3 -DSTM32F446xx -DUSE_FULL_LL_DRIVER -DHSE_VALUE=8000000U -c -I../../../Inc -I../../../../../../Drivers/CMSIS/Device/ST/STM32F4xx/Include -I../../../../../../Drivers/STM32F4xx_HAL_Driver/Inc -I../../../../../../Drivers/CMSIS/Include -Os -ffunction-sections -Wall -Wno-strict-aliasing -fstack-usage -MMD -MP -MF"Drivers/STM32F4xx_LL_Driver/stm32f4xx_ll_lptim.d" -MT"Drivers/STM32F4xx_LL_Driver/stm32f4xx_ll_lptim.o" --specs=nano.specs -mfpu=fpv4-sp-d16 -mfloat-abi=hard -mthumb -o "Drivers/STM32F4xx_LL_Driver/stm32f4xx_ll_lptim.o"
arm-none-eabi-gcc "C:/Users/tt/STM32Cube/Repository/STM32Cube_FW_F4_V1.27.1/Drivers/STM32F4xx_HAL_Driver/Src/stm32f4xx_ll_pwr.c" -mcpu=cortex-m4 -std=gnu11 -g3 -DSTM32F446xx -DUSE_FULL_LL_DRIVER -DHSE_VALUE=8000000U -c -I../../../Inc -I../../../../../../Drivers/CMSIS/Device/ST/STM32F4xx/Include -I../../../../../../Drivers/STM32F4xx_HAL_Driver/Inc -I../../../../../../Drivers/CMSIS/Include -Os -ffunction-sections -Wall -Wno-strict-aliasing -fstack-usage -MMD -MP -MF"Drivers/STM32F4xx_LL_Driver/stm32f4xx_ll_pwr.d" -MT"Drivers/STM32F4xx_LL_Driver/stm32f4xx_ll_pwr.o" --specs=nano.specs -mfpu=fpv4-sp-d16 -mfloat-abi=hard -mthumb -o "Drivers/STM32F4xx_LL_Driver/stm32f4xx_ll_pwr.o"
arm-none-eabi-gcc "C:/Users/tt/STM32Cube/Repository/STM32Cube_FW_F4_V1.27.1/Drivers/STM32F4xx_HAL_Driver/Src/stm32f4xx_ll_rcc.c" -mcpu=cortex-m4 -std=gnu11 -g3 -DSTM32F446xx -DUSE_FULL_LL_DRIVER -DHSE_VALUE=8000000U -c -I../../../Inc -I../../../../../../Drivers/CMSIS/Device/ST/STM32F4xx/Include -I../../../../../../Drivers/STM32F4xx_HAL_Driver/Inc -I../../../../../../Drivers/CMSIS/Include -Os -ffunction-sections -Wall -Wno-strict-aliasing -fstack-usage -MMD -MP -MF"Drivers/STM32F4xx_LL_Driver/stm32f4xx_ll_rcc.d" -MT"Drivers/STM32F4xx_LL_Driver/stm32f4xx_ll_rcc.o" --specs=nano.specs -mfpu=fpv4-sp-d16 -mfloat-abi=hard -mthumb -o "Drivers/STM32F4xx_LL_Driver/stm32f4xx_ll_rcc.o"
arm-none-eabi-gcc "C:/Users/tt/STM32Cube/Repository/STM32Cube_FW_F4_V1.27.1/Drivers/STM32F4xx_HAL_Driver/Src/stm32f4xx_ll_rng.c" -mcpu=cortex-m4 -std=gnu11 -g3 -DSTM32F446xx -DUSE_FULL_LL_DRIVER -DHSE_VALUE=8000000U -c -I../../../Inc -I../../../../../../Drivers/CMSIS/Device/ST/STM32F4xx/Include -I../../../../../../Drivers/STM32F4xx_HAL_Driver/Inc -I../../../../../../Drivers/CMSIS/Include -Os -ffunction-sections -Wall -Wno-strict-aliasing -fstack-usage -MMD -MP -MF"Drivers/STM32F4xx_LL_Driver/stm32f4xx_ll_rng.d" -MT"Drivers/STM32F4xx_LL_Driver/stm32f4xx_ll_rng.o" --specs=nano.specs -mfpu=fpv4-sp-d16 -mfloat-abi=hard -mthumb -o "Drivers/STM32F4xx_LL_Driver/stm32f4xx_ll_rng.o"
arm-none-eabi-gcc "C:/Users/tt/STM32Cube/Repository/STM32Cube_FW_F4_V1.27.1/Drivers/STM32F4xx_HAL_Driver/Src/stm32f4xx_ll_rtc.c" -mcpu=cortex-m4 -std=gnu11 -g3 -DSTM32F446xx -DUSE_FULL_LL_DRIVER -DHSE_VALUE=8000000U -c -I../../../Inc -I../../../../../../Drivers/CMSIS/Device/ST/STM32F4xx/Include -I../../../../../../Drivers/STM32F4xx_HAL_Driver/Inc -I../../../../../../Drivers/CMSIS/Include -Os -ffunction-sections -Wall -Wno-strict-aliasing -fstack-usage -MMD -MP -MF"Drivers/STM32F4xx_LL_Driver/stm32f4xx_ll_rtc.d" -MT"Drivers/STM32F4xx_LL_Driver/stm32f4xx_ll_rtc.o" --specs=nano.specs -mfpu=fpv4-sp-d16 -mfloat-abi=hard -mthumb -o "Drivers/STM32F4xx_LL_Driver/stm32f4xx_ll_rtc.o"
arm-none-eabi-gcc "C:/Users/tt/STM32Cube/Repository/STM32Cube_FW_F4_V1.27.1/Drivers/STM32F4xx_HAL_Driver/Src/stm32f4xx_ll_spi.c" -mcpu=cortex-m4 -std=gnu11 -g3 -DSTM32F446xx -DUSE_FULL_LL_DRIVER -DHSE_VALUE=8000000U -c -I../../../Inc -I../../../../../../Drivers/CMSIS/Device/ST/STM32F4xx/Include -I../../../../../../Drivers/STM32F4xx_HAL_Driver/Inc -I../../../../../../Drivers/CMSIS/Include -Os -ffunction-sections -Wall -Wno-strict-aliasing -fstack-usage -MMD -MP -MF"Drivers/STM32F4xx_LL_Driver/stm32f4xx_ll_spi.d" -MT"Drivers/STM32F4xx_LL_Driver/stm32f4xx_ll_spi.o" --specs=nano.specs -mfpu=fpv4-sp-d16 -mfloat-abi=hard -mthumb -o "Drivers/STM32F4xx_LL_Driver/stm32f4xx_ll_spi.o"
arm-none-eabi-gcc "C:/Users/tt/STM32Cube/Repository/STM32Cube_FW_F4_V1.27.1/Drivers/STM32F4xx_HAL_Driver/Src/stm32f4xx_ll_tim.c" -mcpu=cortex-m4 -std=gnu11 -g3 -DSTM32F446xx -DUSE_FULL_LL_DRIVER -DHSE_VALUE=8000000U -c -I../../../Inc -I../../../../../../Drivers/CMSIS/Device/ST/STM32F4xx/Include -I../../../../../../Drivers/STM32F4xx_HAL_Driver/Inc -I../../../../../../Drivers/CMSIS/Include -Os -ffunction-sections -Wall -Wno-strict-aliasing -fstack-usage -MMD -MP -MF"Drivers/STM32F4xx_LL_Driver/stm32f4xx_ll_tim.d" -MT"Drivers/STM32F4xx_LL_Driver/stm32f4xx_ll_tim.o" --specs=nano.specs -mfpu=fpv4-sp-d16 -mfloat-abi=hard -mthumb -o "Drivers/STM32F4xx_LL_Driver/stm32f4xx_ll_tim.o"
arm-none-eabi-gcc "C:/Users/tt/STM32Cube/Repository/STM32Cube_FW_F4_V1.27.1/Drivers/STM32F4xx_HAL_Driver/Src/stm32f4xx_ll_usart.c" -mcpu=cortex-m4 -std=gnu11 -g3 -DSTM32F446xx -DUSE_FULL_LL_DRIVER -DHSE_VALUE=8000000U -c -I../../../Inc -I../../../../../../Drivers/CMSIS/Device/ST/STM32F4xx/Include -I../../../../../../Drivers/STM32F4xx_HAL_Driver/Inc -I../../../../../../Drivers/CMSIS/Include -Os -ffunction-sections -Wall -Wno-strict-aliasing -fstack-usage -MMD -MP -MF"Drivers/STM32F4xx_LL_Driver/stm32f4xx_ll_usart.d" -MT"Drivers/STM32F4xx_LL_Driver/stm32f4xx_ll_usart.o" --specs=nano.specs -mfpu=fpv4-sp-d16 -mfloat-abi=hard -mthumb -o "Drivers/STM32F4xx_LL_Driver/stm32f4xx_ll_usart.o"
arm-none-eabi-gcc "C:/Users/tt/STM32Cube/Repository/STM32Cube_FW_F4_V1.27.1/Drivers/STM32F4xx_HAL_Driver/Src/stm32f4xx_ll_utils.c" -mcpu=cortex-m4 -std=gnu11 -g3 -DSTM32F446xx -DUSE_FULL_LL_DRIVER -DHSE_VALUE=8000000U -c -I../../../Inc -I../../../../../../Drivers/CMSIS/Device/ST/STM32F4xx/Include -I../../../../../../Drivers/STM32F4xx_HAL_Driver/Inc -I../../../../../../Drivers/CMSIS/Include -Os -ffunction-sections -Wall -Wno-strict-aliasing -fstack-usage -MMD -MP -MF"Drivers/STM32F4xx_LL_Driver/stm32f4xx_ll_utils.d" -MT"Drivers/STM32F4xx_LL_Driver/stm32f4xx_ll_utils.o" --specs=nano.specs -mfpu=fpv4-sp-d16 -mfloat-abi=hard -mthumb -o "Drivers/STM32F4xx_LL_Driver/stm32f4xx_ll_utils.o"
arm-none-eabi-gcc "C:/Users/tt/STM32Cube/Repository/STM32Cube_FW_F4_V1.27.1/Projects/STM32446E-Nucleo/Templates_LL/Src/system_stm32f4xx.c" -mcpu=cortex-m4 -std=gnu11 -g3 -DSTM32F446xx -DUSE_FULL_LL_DRIVER -DHSE_VALUE=8000000U -c -I../../../Inc -I../../../../../../Drivers/CMSIS/Device/ST/STM32F4xx/Include -I../../../../../../Drivers/STM32F4xx_HAL_Driver/Inc -I../../../../../../Drivers/CMSIS/Include -Os -ffunction-sections -Wall -Wno-strict-aliasing -fstack-usage -MMD -MP -MF"Drivers/CMSIS/system_stm32f4xx.d" -MT"Drivers/CMSIS/system_stm32f4xx.o" --specs=nano.specs -mfpu=fpv4-sp-d16 -mfloat-abi=hard -mthumb -o "Drivers/CMSIS/system_stm32f4xx.o"
arm-none-eabi-gcc -o "NUCLEO-F446RE.elf" @"objects.list"   -mcpu=cortex-m4 -T"../STM32F446RETx_FLASH.ld" --specs=nosys.specs -Wl,-Map="NUCLEO-F446RE.map" -Wl,--gc-sections -static --specs=nano.specs -mfpu=fpv4-sp-d16 -mfloat-abi=hard -mthumb -Wl,--start-group -lc -lm -Wl,--end-group
Finished building target: NUCLEO-F446RE.elf
 
arm-none-eabi-size   NUCLEO-F446RE.elf 
arm-none-eabi-objdump -h -S  NUCLEO-F446RE.elf  > "NUCLEO-F446RE.list"
arm-none-eabi-objcopy  -O binary  NUCLEO-F446RE.elf  "NUCLEO-F446RE.bin"
   text	   data	    bss	    dec	    hex	filename
    988	     12	   1564	   2564	    a04	NUCLEO-F446RE.elf
Finished building: default.size.stdout
 
Finished building: NUCLEO-F446RE.bin
 
Finished building: NUCLEO-F446RE.list
 
11:29:47 **** Build of configuration Debug for project STM32446E_Nucleo ****
make -j12 all 
arm-none-eabi-gcc "C:/Users/tt/STM32Cube/Repository/STM32Cube_FW_F4_V1.27.1/Projects/STM32446E-Nucleo/Templates/Src/main.c" -mcpu=cortex-m4 -std=gnu11 -g3 -DUSE_HAL_DRIVER -DSTM32F446xx -c -I../../../Inc -I../../../../../../Drivers/CMSIS/Device/ST/STM32F4xx/Include -I../../../../../../Drivers/STM32F4xx_HAL_Driver/Inc -I../../../../../../Drivers/CMSIS/Include -Os -ffunction-sections -Wall -fstack-usage -MMD -MP -MF"Example/User/main.d" -MT"Example/User/main.o" --specs=nano.specs -mfpu=fpv4-sp-d16 -mfloat-abi=hard -mthumb -o "Example/User/main.o"
arm-none-eabi-gcc "C:/Users/tt/STM32Cube/Repository/STM32Cube_FW_F4_V1.27.1/Projects/STM32446E-Nucleo/Templates/Src/stm32f4xx_hal_msp.c" -mcpu=cortex-m4 -std=gnu11 -g3 -DUSE_HAL_DRIVER -DSTM32F446xx -c -I../../../Inc -I../../../../../../Drivers/CMSIS/Device/ST/STM32F4xx/Include -I../../../../../../Drivers/STM32F4xx_HAL_Driver/Inc -I../../../../../../Drivers/CMSIS/Include -Os -ffunction-sections -Wall -fstack-usage -MMD -MP -MF"Example/User/stm32f4xx_hal_msp.d" -MT"Example/User/stm32f4xx_hal_msp.o" --specs=nano.specs -mfpu=fpv4-sp-d16 -mfloat-abi=hard -mthumb -o "Example/User/stm32f4xx_hal_msp.o"
arm-none-eabi-gcc "C:/Users/tt/STM32Cube/Repository/STM32Cube_FW_F4_V1.27.1/Projects/STM32446E-Nucleo/Templates/Src/stm32f4xx_it.c" -mcpu=cortex-m4 -std=gnu11 -g3 -DUSE_HAL_DRIVER -DSTM32F446xx -c -I../../../Inc -I../../../../../../Drivers/CMSIS/Device/ST/STM32F4xx/Include -I../../../../../../Drivers/STM32F4xx_HAL_Driver/Inc -I../../../../../../Drivers/CMSIS/Include -Os -ffunction-sections -Wall -fstack-usage -MMD -MP -MF"Example/User/stm32f4xx_it.d" -MT"Example/User/stm32f4xx_it.o" --specs=nano.specs -mfpu=fpv4-sp-d16 -mfloat-abi=hard -mthumb -o "Example/User/stm32f4xx_it.o"
arm-none-eabi-gcc -mcpu=cortex-m4 -g3 -c -x assembler-with-cpp -MMD -MP -MF"Example/SW4STM32/startup_stm32f446xx.d" -MT"Example/SW4STM32/startup_stm32f446xx.o" --specs=nano.specs -mfpu=fpv4-sp-d16 -mfloat-abi=hard -mthumb -o "Example/SW4STM32/startup_stm32f446xx.o" "C:/Users/tt/STM32Cube/Repository/STM32Cube_FW_F4_V1.27.1/Projects/STM32446E-Nucleo/Templates/SW4STM32/startup_stm32f446xx.s"
arm-none-eabi-gcc "C:/Users/tt/STM32Cube/Repository/STM32Cube_FW_F4_V1.27.1/Drivers/STM32F4xx_HAL_Driver/Src/stm32f4xx_hal.c" -mcpu=cortex-m4 -std=gnu11 -g3 -DUSE_HAL_DRIVER -DSTM32F446xx -c -I../../../Inc -I../../../../../../Drivers/CMSIS/Device/ST/STM32F4xx/Include -I../../../../../../Drivers/STM32F4xx_HAL_Driver/Inc -I../../../../../../Drivers/CMSIS/Include -Os -ffunction-sections -Wall -fstack-usage -MMD -MP -MF"Drivers/STM32F4xx_HAL_Driver/stm32f4xx_hal.d" -MT"Drivers/STM32F4xx_HAL_Driver/stm32f4xx_hal.o" --specs=nano.specs -mfpu=fpv4-sp-d16 -mfloat-abi=hard -mthumb -o "Drivers/STM32F4xx_HAL_Driver/stm32f4xx_hal.o"
arm-none-eabi-gcc "C:/Users/tt/STM32Cube/Repository/STM32Cube_FW_F4_V1.27.1/Drivers/STM32F4xx_HAL_Driver/Src/stm32f4xx_hal_adc.c" -mcpu=cortex-m4 -std=gnu11 -g3 -DUSE_HAL_DRIVER -DSTM32F446xx -c -I../../../Inc -I../../../../../../Drivers/CMSIS/Device/ST/STM32F4xx/Include -I../../../../../../Drivers/STM32F4xx_HAL_Driver/Inc -I../../../../../../Drivers/CMSIS/Include -Os -ffunction-sections -Wall -fstack-usage -MMD -MP -MF"Drivers/STM32F4xx_HAL_Driver/stm32f4xx_hal_adc.d" -MT"Drivers/STM32F4xx_HAL_Driver/stm32f4xx_hal_adc.o" --specs=nano.specs -mfpu=fpv4-sp-d16 -mfloat-abi=hard -mthumb -o "Drivers/STM32F4xx_HAL_Driver/stm32f4xx_hal_adc.o"
arm-none-eabi-gcc "C:/Users/tt/STM32Cube/Repository/STM32Cube_FW_F4_V1.27.1/Drivers/STM32F4xx_HAL_Driver/Src/stm32f4xx_hal_adc_ex.c" -mcpu=cortex-m4 -std=gnu11 -g3 -DUSE_HAL_DRIVER -DSTM32F446xx -c -I../../../Inc -I../../../../../../Drivers/CMSIS/Device/ST/STM32F4xx/Include -I../../../../../../Drivers/STM32F4xx_HAL_Driver/Inc -I../../../../../../Drivers/CMSIS/Include -Os -ffunction-sections -Wall -fstack-usage -MMD -MP -MF"Drivers/STM32F4xx_HAL_Driver/stm32f4xx_hal_adc_ex.d" -MT"Drivers/STM32F4xx_HAL_Driver/stm32f4xx_hal_adc_ex.o" --specs=nano.specs -mfpu=fpv4-sp-d16 -mfloat-abi=hard -mthumb -o "Drivers/STM32F4xx_HAL_Driver/stm32f4xx_hal_adc_ex.o"
arm-none-eabi-gcc "C:/Users/tt/STM32Cube/Repository/STM32Cube_FW_F4_V1.27.1/Drivers/STM32F4xx_HAL_Driver/Src/stm32f4xx_hal_can.c" -mcpu=cortex-m4 -std=gnu11 -g3 -DUSE_HAL_DRIVER -DSTM32F446xx -c -I../../../Inc -I../../../../../../Drivers/CMSIS/Device/ST/STM32F4xx/Include -I../../../../../../Drivers/STM32F4xx_HAL_Driver/Inc -I../../../../../../Drivers/CMSIS/Include -Os -ffunction-sections -Wall -fstack-usage -MMD -MP -MF"Drivers/STM32F4xx_HAL_Driver/stm32f4xx_hal_can.d" -MT"Drivers/STM32F4xx_HAL_Driver/stm32f4xx_hal_can.o" --specs=nano.specs -mfpu=fpv4-sp-d16 -mfloat-abi=hard -mthumb -o "Drivers/STM32F4xx_HAL_Driver/stm32f4xx_hal_can.o"
arm-none-eabi-gcc "C:/Users/tt/STM32Cube/Repository/STM32Cube_FW_F4_V1.27.1/Drivers/STM32F4xx_HAL_Driver/Src/stm32f4xx_hal_cec.c" -mcpu=cortex-m4 -std=gnu11 -g3 -DUSE_HAL_DRIVER -DSTM32F446xx -c -I../../../Inc -I../../../../../../Drivers/CMSIS/Device/ST/STM32F4xx/Include -I../../../../../../Drivers/STM32F4xx_HAL_Driver/Inc -I../../../../../../Drivers/CMSIS/Include -Os -ffunction-sections -Wall -fstack-usage -MMD -MP -MF"Drivers/STM32F4xx_HAL_Driver/stm32f4xx_hal_cec.d" -MT"Drivers/STM32F4xx_HAL_Driver/stm32f4xx_hal_cec.o" --specs=nano.specs -mfpu=fpv4-sp-d16 -mfloat-abi=hard -mthumb -o "Drivers/STM32F4xx_HAL_Driver/stm32f4xx_hal_cec.o"
arm-none-eabi-gcc "C:/Users/tt/STM32Cube/Repository/STM32Cube_FW_F4_V1.27.1/Drivers/STM32F4xx_HAL_Driver/Src/stm32f4xx_hal_cortex.c" -mcpu=cortex-m4 -std=gnu11 -g3 -DUSE_HAL_DRIVER -DSTM32F446xx -c -I../../../Inc -I../../../../../../Drivers/CMSIS/Device/ST/STM32F4xx/Include -I../../../../../../Drivers/STM32F4xx_HAL_Driver/Inc -I../../../../../../Drivers/CMSIS/Include -Os -ffunction-sections -Wall -fstack-usage -MMD -MP -MF"Drivers/STM32F4xx_HAL_Driver/stm32f4xx_hal_cortex.d" -MT"Drivers/STM32F4xx_HAL_Driver/stm32f4xx_hal_cortex.o" --specs=nano.specs -mfpu=fpv4-sp-d16 -mfloat-abi=hard -mthumb -o "Drivers/STM32F4xx_HAL_Driver/stm32f4xx_hal_cortex.o"
arm-none-eabi-gcc "C:/Users/tt/STM32Cube/Repository/STM32Cube_FW_F4_V1.27.1/Drivers/STM32F4xx_HAL_Driver/Src/stm32f4xx_hal_crc.c" -mcpu=cortex-m4 -std=gnu11 -g3 -DUSE_HAL_DRIVER -DSTM32F446xx -c -I../../../Inc -I../../../../../../Drivers/CMSIS/Device/ST/STM32F4xx/Include -I../../../../../../Drivers/STM32F4xx_HAL_Driver/Inc -I../../../../../../Drivers/CMSIS/Include -Os -ffunction-sections -Wall -fstack-usage -MMD -MP -MF"Drivers/STM32F4xx_HAL_Driver/stm32f4xx_hal_crc.d" -MT"Drivers/STM32F4xx_HAL_Driver/stm32f4xx_hal_crc.o" --specs=nano.specs -mfpu=fpv4-sp-d16 -mfloat-abi=hard -mthumb -o "Drivers/STM32F4xx_HAL_Driver/stm32f4xx_hal_crc.o"
arm-none-eabi-gcc "C:/Users/tt/STM32Cube/Repository/STM32Cube_FW_F4_V1.27.1/Drivers/STM32F4xx_HAL_Driver/Src/stm32f4xx_hal_cryp.c" -mcpu=cortex-m4 -std=gnu11 -g3 -DUSE_HAL_DRIVER -DSTM32F446xx -c -I../../../Inc -I../../../../../../Drivers/CMSIS/Device/ST/STM32F4xx/Include -I../../../../../../Drivers/STM32F4xx_HAL_Driver/Inc -I../../../../../../Drivers/CMSIS/Include -Os -ffunction-sections -Wall -fstack-usage -MMD -MP -MF"Drivers/STM32F4xx_HAL_Driver/stm32f4xx_hal_cryp.d" -MT"Drivers/STM32F4xx_HAL_Driver/stm32f4xx_hal_cryp.o" --specs=nano.specs -mfpu=fpv4-sp-d16 -mfloat-abi=hard -mthumb -o "Drivers/STM32F4xx_HAL_Driver/stm32f4xx_hal_cryp.o"
arm-none-eabi-gcc "C:/Users/tt/STM32Cube/Repository/STM32Cube_FW_F4_V1.27.1/Drivers/STM32F4xx_HAL_Driver/Src/stm32f4xx_hal_cryp_ex.c" -mcpu=cortex-m4 -std=gnu11 -g3 -DUSE_HAL_DRIVER -DSTM32F446xx -c -I../../../Inc -I../../../../../../Drivers/CMSIS/Device/ST/STM32F4xx/Include -I../../../../../../Drivers/STM32F4xx_HAL_Driver/Inc -I../../../../../../Drivers/CMSIS/Include -Os -ffunction-sections -Wall -fstack-usage -MMD -MP -MF"Drivers/STM32F4xx_HAL_Driver/stm32f4xx_hal_cryp_ex.d" -MT"Drivers/STM32F4xx_HAL_Driver/stm32f4xx_hal_cryp_ex.o" --specs=nano.specs -mfpu=fpv4-sp-d16 -mfloat-abi=hard -mthumb -o "Drivers/STM32F4xx_HAL_Driver/stm32f4xx_hal_cryp_ex.o"
arm-none-eabi-gcc "C:/Users/tt/STM32Cube/Repository/STM32Cube_FW_F4_V1.27.1/Drivers/STM32F4xx_HAL_Driver/Src/stm32f4xx_hal_dac.c" -mcpu=cortex-m4 -std=gnu11 -g3 -DUSE_HAL_DRIVER -DSTM32F446xx -c -I../../../Inc -I../../../../../../Drivers/CMSIS/Device/ST/STM32F4xx/Include -I../../../../../../Drivers/STM32F4xx_HAL_Driver/Inc -I../../../../../../Drivers/CMSIS/Include -Os -ffunction-sections -Wall -fstack-usage -MMD -MP -MF"Drivers/STM32F4xx_HAL_Driver/stm32f4xx_hal_dac.d" -MT"Drivers/STM32F4xx_HAL_Driver/stm32f4xx_hal_dac.o" --specs=nano.specs -mfpu=fpv4-sp-d16 -mfloat-abi=hard -mthumb -o "Drivers/STM32F4xx_HAL_Driver/stm32f4xx_hal_dac.o"
arm-none-eabi-gcc "C:/Users/tt/STM32Cube/Repository/STM32Cube_FW_F4_V1.27.1/Drivers/STM32F4xx_HAL_Driver/Src/stm32f4xx_hal_dac_ex.c" -mcpu=cortex-m4 -std=gnu11 -g3 -DUSE_HAL_DRIVER -DSTM32F446xx -c -I../../../Inc -I../../../../../../Drivers/CMSIS/Device/ST/STM32F4xx/Include -I../../../../../../Drivers/STM32F4xx_HAL_Driver/Inc -I../../../../../../Drivers/CMSIS/Include -Os -ffunction-sections -Wall -fstack-usage -MMD -MP -MF"Drivers/STM32F4xx_HAL_Driver/stm32f4xx_hal_dac_ex.d" -MT"Drivers/STM32F4xx_HAL_Driver/stm32f4xx_hal_dac_ex.o" --specs=nano.specs -mfpu=fpv4-sp-d16 -mfloat-abi=hard -mthumb -o "Drivers/STM32F4xx_HAL_Driver/stm32f4xx_hal_dac_ex.o"
arm-none-eabi-gcc "C:/Users/tt/STM32Cube/Repository/STM32Cube_FW_F4_V1.27.1/Drivers/STM32F4xx_HAL_Driver/Src/stm32f4xx_hal_dcmi.c" -mcpu=cortex-m4 -std=gnu11 -g3 -DUSE_HAL_DRIVER -DSTM32F446xx -c -I../../../Inc -I../../../../../../Drivers/CMSIS/Device/ST/STM32F4xx/Include -I../../../../../../Drivers/STM32F4xx_HAL_Driver/Inc -I../../../../../../Drivers/CMSIS/Include -Os -ffunction-sections -Wall -fstack-usage -MMD -MP -MF"Drivers/STM32F4xx_HAL_Driver/stm32f4xx_hal_dcmi.d" -MT"Drivers/STM32F4xx_HAL_Driver/stm32f4xx_hal_dcmi.o" --specs=nano.specs -mfpu=fpv4-sp-d16 -mfloat-abi=hard -mthumb -o "Drivers/STM32F4xx_HAL_Driver/stm32f4xx_hal_dcmi.o"
arm-none-eabi-gcc "C:/Users/tt/STM32Cube/Repository/STM32Cube_FW_F4_V1.27.1/Drivers/STM32F4xx_HAL_Driver/Src/stm32f4xx_hal_dcmi_ex.c" -mcpu=cortex-m4 -std=gnu11 -g3 -DUSE_HAL_DRIVER -DSTM32F446xx -c -I../../../Inc -I../../../../../../Drivers/CMSIS/Device/ST/STM32F4xx/Include -I../../../../../../Drivers/STM32F4xx_HAL_Driver/Inc -I../../../../../../Drivers/CMSIS/Include -Os -ffunction-sections -Wall -fstack-usage -MMD -MP -MF"Drivers/STM32F4xx_HAL_Driver/stm32f4xx_hal_dcmi_ex.d" -MT"Drivers/STM32F4xx_HAL_Driver/stm32f4xx_hal_dcmi_ex.o" --specs=nano.specs -mfpu=fpv4-sp-d16 -mfloat-abi=hard -mthumb -o "Drivers/STM32F4xx_HAL_Driver/stm32f4xx_hal_dcmi_ex.o"
arm-none-eabi-gcc "C:/Users/tt/STM32Cube/Repository/STM32Cube_FW_F4_V1.27.1/Drivers/STM32F4xx_HAL_Driver/Src/stm32f4xx_hal_dma.c" -mcpu=cortex-m4 -std=gnu11 -g3 -DUSE_HAL_DRIVER -DSTM32F446xx -c -I../../../Inc -I../../../../../../Drivers/CMSIS/Device/ST/STM32F4xx/Include -I../../../../../../Drivers/STM32F4xx_HAL_Driver/Inc -I../../../../../../Drivers/CMSIS/Include -Os -ffunction-sections -Wall -fstack-usage -MMD -MP -MF"Drivers/STM32F4xx_HAL_Driver/stm32f4xx_hal_dma.d" -MT"Drivers/STM32F4xx_HAL_Driver/stm32f4xx_hal_dma.o" --specs=nano.specs -mfpu=fpv4-sp-d16 -mfloat-abi=hard -mthumb -o "Drivers/STM32F4xx_HAL_Driver/stm32f4xx_hal_dma.o"
arm-none-eabi-gcc "C:/Users/tt/STM32Cube/Repository/STM32Cube_FW_F4_V1.27.1/Drivers/STM32F4xx_HAL_Driver/Src/stm32f4xx_hal_dma2d.c" -mcpu=cortex-m4 -std=gnu11 -g3 -DUSE_HAL_DRIVER -DSTM32F446xx -c -I../../../Inc -I../../../../../../Drivers/CMSIS/Device/ST/STM32F4xx/Include -I../../../../../../Drivers/STM32F4xx_HAL_Driver/Inc -I../../../../../../Drivers/CMSIS/Include -Os -ffunction-sections -Wall -fstack-usage -MMD -MP -MF"Drivers/STM32F4xx_HAL_Driver/stm32f4xx_hal_dma2d.d" -MT"Drivers/STM32F4xx_HAL_Driver/stm32f4xx_hal_dma2d.o" --specs=nano.specs -mfpu=fpv4-sp-d16 -mfloat-abi=hard -mthumb -o "Drivers/STM32F4xx_HAL_Driver/stm32f4xx_hal_dma2d.o"
arm-none-eabi-gcc "C:/Users/tt/STM32Cube/Repository/STM32Cube_FW_F4_V1.27.1/Drivers/STM32F4xx_HAL_Driver/Src/stm32f4xx_hal_dma_ex.c" -mcpu=cortex-m4 -std=gnu11 -g3 -DUSE_HAL_DRIVER -DSTM32F446xx -c -I../../../Inc -I../../../../../../Drivers/CMSIS/Device/ST/STM32F4xx/Include -I../../../../../../Drivers/STM32F4xx_HAL_Driver/Inc -I../../../../../../Drivers/CMSIS/Include -Os -ffunction-sections -Wall -fstack-usage -MMD -MP -MF"Drivers/STM32F4xx_HAL_Driver/stm32f4xx_hal_dma_ex.d" -MT"Drivers/STM32F4xx_HAL_Driver/stm32f4xx_hal_dma_ex.o" --specs=nano.specs -mfpu=fpv4-sp-d16 -mfloat-abi=hard -mthumb -o "Drivers/STM32F4xx_HAL_Driver/stm32f4xx_hal_dma_ex.o"
arm-none-eabi-gcc "C:/Users/tt/STM32Cube/Repository/STM32Cube_FW_F4_V1.27.1/Drivers/STM32F4xx_HAL_Driver/Src/stm32f4xx_hal_eth.c" -mcpu=cortex-m4 -std=gnu11 -g3 -DUSE_HAL_DRIVER -DSTM32F446xx -c -I../../../Inc -I../../../../../../Drivers/CMSIS/Device/ST/STM32F4xx/Include -I../../../../../../Drivers/STM32F4xx_HAL_Driver/Inc -I../../../../../../Drivers/CMSIS/Include -Os -ffunction-sections -Wall -fstack-usage -MMD -MP -MF"Drivers/STM32F4xx_HAL_Driver/stm32f4xx_hal_eth.d" -MT"Drivers/STM32F4xx_HAL_Driver/stm32f4xx_hal_eth.o" --specs=nano.specs -mfpu=fpv4-sp-d16 -mfloat-abi=hard -mthumb -o "Drivers/STM32F4xx_HAL_Driver/stm32f4xx_hal_eth.o"
arm-none-eabi-gcc "C:/Users/tt/STM32Cube/Repository/STM32Cube_FW_F4_V1.27.1/Drivers/STM32F4xx_HAL_Driver/Src/stm32f4xx_hal_exti.c" -mcpu=cortex-m4 -std=gnu11 -g3 -DUSE_HAL_DRIVER -DSTM32F446xx -c -I../../../Inc -I../../../../../../Drivers/CMSIS/Device/ST/STM32F4xx/Include -I../../../../../../Drivers/STM32F4xx_HAL_Driver/Inc -I../../../../../../Drivers/CMSIS/Include -Os -ffunction-sections -Wall -fstack-usage -MMD -MP -MF"Drivers/STM32F4xx_HAL_Driver/stm32f4xx_hal_exti.d" -MT"Drivers/STM32F4xx_HAL_Driver/stm32f4xx_hal_exti.o" --specs=nano.specs -mfpu=fpv4-sp-d16 -mfloat-abi=hard -mthumb -o "Drivers/STM32F4xx_HAL_Driver/stm32f4xx_hal_exti.o"
arm-none-eabi-gcc "C:/Users/tt/STM32Cube/Repository/STM32Cube_FW_F4_V1.27.1/Drivers/STM32F4xx_HAL_Driver/Src/stm32f4xx_hal_flash.c" -mcpu=cortex-m4 -std=gnu11 -g3 -DUSE_HAL_DRIVER -DSTM32F446xx -c -I../../../Inc -I../../../../../../Drivers/CMSIS/Device/ST/STM32F4xx/Include -I../../../../../../Drivers/STM32F4xx_HAL_Driver/Inc -I../../../../../../Drivers/CMSIS/Include -Os -ffunction-sections -Wall -fstack-usage -MMD -MP -MF"Drivers/STM32F4xx_HAL_Driver/stm32f4xx_hal_flash.d" -MT"Drivers/STM32F4xx_HAL_Driver/stm32f4xx_hal_flash.o" --specs=nano.specs -mfpu=fpv4-sp-d16 -mfloat-abi=hard -mthumb -o "Drivers/STM32F4xx_HAL_Driver/stm32f4xx_hal_flash.o"
arm-none-eabi-gcc "C:/Users/tt/STM32Cube/Repository/STM32Cube_FW_F4_V1.27.1/Drivers/STM32F4xx_HAL_Driver/Src/stm32f4xx_hal_flash_ex.c" -mcpu=cortex-m4 -std=gnu11 -g3 -DUSE_HAL_DRIVER -DSTM32F446xx -c -I../../../Inc -I../../../../../../Drivers/CMSIS/Device/ST/STM32F4xx/Include -I../../../../../../Drivers/STM32F4xx_HAL_Driver/Inc -I../../../../../../Drivers/CMSIS/Include -Os -ffunction-sections -Wall -fstack-usage -MMD -MP -MF"Drivers/STM32F4xx_HAL_Driver/stm32f4xx_hal_flash_ex.d" -MT"Drivers/STM32F4xx_HAL_Driver/stm32f4xx_hal_flash_ex.o" --specs=nano.specs -mfpu=fpv4-sp-d16 -mfloat-abi=hard -mthumb -o "Drivers/STM32F4xx_HAL_Driver/stm32f4xx_hal_flash_ex.o"
arm-none-eabi-gcc "C:/Users/tt/STM32Cube/Repository/STM32Cube_FW_F4_V1.27.1/Drivers/STM32F4xx_HAL_Driver/Src/stm32f4xx_hal_flash_ramfunc.c" -mcpu=cortex-m4 -std=gnu11 -g3 -DUSE_HAL_DRIVER -DSTM32F446xx -c -I../../../Inc -I../../../../../../Drivers/CMSIS/Device/ST/STM32F4xx/Include -I../../../../../../Drivers/STM32F4xx_HAL_Driver/Inc -I../../../../../../Drivers/CMSIS/Include -Os -ffunction-sections -Wall -fstack-usage -MMD -MP -MF"Drivers/STM32F4xx_HAL_Driver/stm32f4xx_hal_flash_ramfunc.d" -MT"Drivers/STM32F4xx_HAL_Driver/stm32f4xx_hal_flash_ramfunc.o" --specs=nano.specs -mfpu=fpv4-sp-d16 -mfloat-abi=hard -mthumb -o "Drivers/STM32F4xx_HAL_Driver/stm32f4xx_hal_flash_ramfunc.o"
arm-none-eabi-gcc "C:/Users/tt/STM32Cube/Repository/STM32Cube_FW_F4_V1.27.1/Drivers/STM32F4xx_HAL_Driver/Src/stm32f4xx_hal_fmpi2c.c" -mcpu=cortex-m4 -std=gnu11 -g3 -DUSE_HAL_DRIVER -DSTM32F446xx -c -I../../../Inc -I../../../../../../Drivers/CMSIS/Device/ST/STM32F4xx/Include -I../../../../../../Drivers/STM32F4xx_HAL_Driver/Inc -I../../../../../../Drivers/CMSIS/Include -Os -ffunction-sections -Wall -fstack-usage -MMD -MP -MF"Drivers/STM32F4xx_HAL_Driver/stm32f4xx_hal_fmpi2c.d" -MT"Drivers/STM32F4xx_HAL_Driver/stm32f4xx_hal_fmpi2c.o" --specs=nano.specs -mfpu=fpv4-sp-d16 -mfloat-abi=hard -mthumb -o "Drivers/STM32F4xx_HAL_Driver/stm32f4xx_hal_fmpi2c.o"
arm-none-eabi-gcc "C:/Users/tt/STM32Cube/Repository/STM32Cube_FW_F4_V1.27.1/Drivers/STM32F4xx_HAL_Driver/Src/stm32f4xx_hal_fmpi2c_ex.c" -mcpu=cortex-m4 -std=gnu11 -g3 -DUSE_HAL_DRIVER -DSTM32F446xx -c -I../../../Inc -I../../../../../../Drivers/CMSIS/Device/ST/STM32F4xx/Include -I../../../../../../Drivers/STM32F4xx_HAL_Driver/Inc -I../../../../../../Drivers/CMSIS/Include -Os -ffunction-sections -Wall -fstack-usage -MMD -MP -MF"Drivers/STM32F4xx_HAL_Driver/stm32f4xx_hal_fmpi2c_ex.d" -MT"Drivers/STM32F4xx_HAL_Driver/stm32f4xx_hal_fmpi2c_ex.o" --specs=nano.specs -mfpu=fpv4-sp-d16 -mfloat-abi=hard -mthumb -o "Drivers/STM32F4xx_HAL_Driver/stm32f4xx_hal_fmpi2c_ex.o"
arm-none-eabi-gcc "C:/Users/tt/STM32Cube/Repository/STM32Cube_FW_F4_V1.27.1/Drivers/STM32F4xx_HAL_Driver/Src/stm32f4xx_hal_gpio.c" -mcpu=cortex-m4 -std=gnu11 -g3 -DUSE_HAL_DRIVER -DSTM32F446xx -c -I../../../Inc -I../../../../../../Drivers/CMSIS/Device/ST/STM32F4xx/Include -I../../../../../../Drivers/STM32F4xx_HAL_Driver/Inc -I../../../../../../Drivers/CMSIS/Include -Os -ffunction-sections -Wall -fstack-usage -MMD -MP -MF"Drivers/STM32F4xx_HAL_Driver/stm32f4xx_hal_gpio.d" -MT"Drivers/STM32F4xx_HAL_Driver/stm32f4xx_hal_gpio.o" --specs=nano.specs -mfpu=fpv4-sp-d16 -mfloat-abi=hard -mthumb -o "Drivers/STM32F4xx_HAL_Driver/stm32f4xx_hal_gpio.o"
arm-none-eabi-gcc "C:/Users/tt/STM32Cube/Repository/STM32Cube_FW_F4_V1.27.1/Drivers/STM32F4xx_HAL_Driver/Src/stm32f4xx_hal_hash.c" -mcpu=cortex-m4 -std=gnu11 -g3 -DUSE_HAL_DRIVER -DSTM32F446xx -c -I../../../Inc -I../../../../../../Drivers/CMSIS/Device/ST/STM32F4xx/Include -I../../../../../../Drivers/STM32F4xx_HAL_Driver/Inc -I../../../../../../Drivers/CMSIS/Include -Os -ffunction-sections -Wall -fstack-usage -MMD -MP -MF"Drivers/STM32F4xx_HAL_Driver/stm32f4xx_hal_hash.d" -MT"Drivers/STM32F4xx_HAL_Driver/stm32f4xx_hal_hash.o" --specs=nano.specs -mfpu=fpv4-sp-d16 -mfloat-abi=hard -mthumb -o "Drivers/STM32F4xx_HAL_Driver/stm32f4xx_hal_hash.o"
arm-none-eabi-gcc "C:/Users/tt/STM32Cube/Repository/STM32Cube_FW_F4_V1.27.1/Drivers/STM32F4xx_HAL_Driver/Src/stm32f4xx_hal_hash_ex.c" -mcpu=cortex-m4 -std=gnu11 -g3 -DUSE_HAL_DRIVER -DSTM32F446xx -c -I../../../Inc -I../../../../../../Drivers/CMSIS/Device/ST/STM32F4xx/Include -I../../../../../../Drivers/STM32F4xx_HAL_Driver/Inc -I../../../../../../Drivers/CMSIS/Include -Os -ffunction-sections -Wall -fstack-usage -MMD -MP -MF"Drivers/STM32F4xx_HAL_Driver/stm32f4xx_hal_hash_ex.d" -MT"Drivers/STM32F4xx_HAL_Driver/stm32f4xx_hal_hash_ex.o" --specs=nano.specs -mfpu=fpv4-sp-d16 -mfloat-abi=hard -mthumb -o "Drivers/STM32F4xx_HAL_Driver/stm32f4xx_hal_hash_ex.o"
arm-none-eabi-gcc "C:/Users/tt/STM32Cube/Repository/STM32Cube_FW_F4_V1.27.1/Drivers/STM32F4xx_HAL_Driver/Src/stm32f4xx_hal_hcd.c" -mcpu=cortex-m4 -std=gnu11 -g3 -DUSE_HAL_DRIVER -DSTM32F446xx -c -I../../../Inc -I../../../../../../Drivers/CMSIS/Device/ST/STM32F4xx/Include -I../../../../../../Drivers/STM32F4xx_HAL_Driver/Inc -I../../../../../../Drivers/CMSIS/Include -Os -ffunction-sections -Wall -fstack-usage -MMD -MP -MF"Drivers/STM32F4xx_HAL_Driver/stm32f4xx_hal_hcd.d" -MT"Drivers/STM32F4xx_HAL_Driver/stm32f4xx_hal_hcd.o" --specs=nano.specs -mfpu=fpv4-sp-d16 -mfloat-abi=hard -mthumb -o "Drivers/STM32F4xx_HAL_Driver/stm32f4xx_hal_hcd.o"
arm-none-eabi-gcc "C:/Users/tt/STM32Cube/Repository/STM32Cube_FW_F4_V1.27.1/Drivers/STM32F4xx_HAL_Driver/Src/stm32f4xx_hal_i2c.c" -mcpu=cortex-m4 -std=gnu11 -g3 -DUSE_HAL_DRIVER -DSTM32F446xx -c -I../../../Inc -I../../../../../../Drivers/CMSIS/Device/ST/STM32F4xx/Include -I../../../../../../Drivers/STM32F4xx_HAL_Driver/Inc -I../../../../../../Drivers/CMSIS/Include -Os -ffunction-sections -Wall -fstack-usage -MMD -MP -MF"Drivers/STM32F4xx_HAL_Driver/stm32f4xx_hal_i2c.d" -MT"Drivers/STM32F4xx_HAL_Driver/stm32f4xx_hal_i2c.o" --specs=nano.specs -mfpu=fpv4-sp-d16 -mfloat-abi=hard -mthumb -o "Drivers/STM32F4xx_HAL_Driver/stm32f4xx_hal_i2c.o"
arm-none-eabi-gcc "C:/Users/tt/STM32Cube/Repository/STM32Cube_FW_F4_V1.27.1/Drivers/STM32F4xx_HAL_Driver/Src/stm32f4xx_hal_i2c_ex.c" -mcpu=cortex-m4 -std=gnu11 -g3 -DUSE_HAL_DRIVER -DSTM32F446xx -c -I../../../Inc -I../../../../../../Drivers/CMSIS/Device/ST/STM32F4xx/Include -I../../../../../../Drivers/STM32F4xx_HAL_Driver/Inc -I../../../../../../Drivers/CMSIS/Include -Os -ffunction-sections -Wall -fstack-usage -MMD -MP -MF"Drivers/STM32F4xx_HAL_Driver/stm32f4xx_hal_i2c_ex.d" -MT"Drivers/STM32F4xx_HAL_Driver/stm32f4xx_hal_i2c_ex.o" --specs=nano.specs -mfpu=fpv4-sp-d16 -mfloat-abi=hard -mthumb -o "Drivers/STM32F4xx_HAL_Driver/stm32f4xx_hal_i2c_ex.o"
arm-none-eabi-gcc "C:/Users/tt/STM32Cube/Repository/STM32Cube_FW_F4_V1.27.1/Drivers/STM32F4xx_HAL_Driver/Src/stm32f4xx_hal_i2s.c" -mcpu=cortex-m4 -std=gnu11 -g3 -DUSE_HAL_DRIVER -DSTM32F446xx -c -I../../../Inc -I../../../../../../Drivers/CMSIS/Device/ST/STM32F4xx/Include -I../../../../../../Drivers/STM32F4xx_HAL_Driver/Inc -I../../../../../../Drivers/CMSIS/Include -Os -ffunction-sections -Wall -fstack-usage -MMD -MP -MF"Drivers/STM32F4xx_HAL_Driver/stm32f4xx_hal_i2s.d" -MT"Drivers/STM32F4xx_HAL_Driver/stm32f4xx_hal_i2s.o" --specs=nano.specs -mfpu=fpv4-sp-d16 -mfloat-abi=hard -mthumb -o "Drivers/STM32F4xx_HAL_Driver/stm32f4xx_hal_i2s.o"
arm-none-eabi-gcc "C:/Users/tt/STM32Cube/Repository/STM32Cube_FW_F4_V1.27.1/Drivers/STM32F4xx_HAL_Driver/Src/stm32f4xx_hal_i2s_ex.c" -mcpu=cortex-m4 -std=gnu11 -g3 -DUSE_HAL_DRIVER -DSTM32F446xx -c -I../../../Inc -I../../../../../../Drivers/CMSIS/Device/ST/STM32F4xx/Include -I../../../../../../Drivers/STM32F4xx_HAL_Driver/Inc -I../../../../../../Drivers/CMSIS/Include -Os -ffunction-sections -Wall -fstack-usage -MMD -MP -MF"Drivers/STM32F4xx_HAL_Driver/stm32f4xx_hal_i2s_ex.d" -MT"Drivers/STM32F4xx_HAL_Driver/stm32f4xx_hal_i2s_ex.o" --specs=nano.specs -mfpu=fpv4-sp-d16 -mfloat-abi=hard -mthumb -o "Drivers/STM32F4xx_HAL_Driver/stm32f4xx_hal_i2s_ex.o"
arm-none-eabi-gcc "C:/Users/tt/STM32Cube/Repository/STM32Cube_FW_F4_V1.27.1/Drivers/STM32F4xx_HAL_Driver/Src/stm32f4xx_hal_irda.c" -mcpu=cortex-m4 -std=gnu11 -g3 -DUSE_HAL_DRIVER -DSTM32F446xx -c -I../../../Inc -I../../../../../../Drivers/CMSIS/Device/ST/STM32F4xx/Include -I../../../../../../Drivers/STM32F4xx_HAL_Driver/Inc -I../../../../../../Drivers/CMSIS/Include -Os -ffunction-sections -Wall -fstack-usage -MMD -MP -MF"Drivers/STM32F4xx_HAL_Driver/stm32f4xx_hal_irda.d" -MT"Drivers/STM32F4xx_HAL_Driver/stm32f4xx_hal_irda.o" --specs=nano.specs -mfpu=fpv4-sp-d16 -mfloat-abi=hard -mthumb -o "Drivers/STM32F4xx_HAL_Driver/stm32f4xx_hal_irda.o"
arm-none-eabi-gcc "C:/Users/tt/STM32Cube/Repository/STM32Cube_FW_F4_V1.27.1/Drivers/STM32F4xx_HAL_Driver/Src/stm32f4xx_hal_iwdg.c" -mcpu=cortex-m4 -std=gnu11 -g3 -DUSE_HAL_DRIVER -DSTM32F446xx -c -I../../../Inc -I../../../../../../Drivers/CMSIS/Device/ST/STM32F4xx/Include -I../../../../../../Drivers/STM32F4xx_HAL_Driver/Inc -I../../../../../../Drivers/CMSIS/Include -Os -ffunction-sections -Wall -fstack-usage -MMD -MP -MF"Drivers/STM32F4xx_HAL_Driver/stm32f4xx_hal_iwdg.d" -MT"Drivers/STM32F4xx_HAL_Driver/stm32f4xx_hal_iwdg.o" --specs=nano.specs -mfpu=fpv4-sp-d16 -mfloat-abi=hard -mthumb -o "Drivers/STM32F4xx_HAL_Driver/stm32f4xx_hal_iwdg.o"
arm-none-eabi-gcc "C:/Users/tt/STM32Cube/Repository/STM32Cube_FW_F4_V1.27.1/Drivers/STM32F4xx_HAL_Driver/Src/stm32f4xx_hal_ltdc.c" -mcpu=cortex-m4 -std=gnu11 -g3 -DUSE_HAL_DRIVER -DSTM32F446xx -c -I../../../Inc -I../../../../../../Drivers/CMSIS/Device/ST/STM32F4xx/Include -I../../../../../../Drivers/STM32F4xx_HAL_Driver/Inc -I../../../../../../Drivers/CMSIS/Include -Os -ffunction-sections -Wall -fstack-usage -MMD -MP -MF"Drivers/STM32F4xx_HAL_Driver/stm32f4xx_hal_ltdc.d" -MT"Drivers/STM32F4xx_HAL_Driver/stm32f4xx_hal_ltdc.o" --specs=nano.specs -mfpu=fpv4-sp-d16 -mfloat-abi=hard -mthumb -o "Drivers/STM32F4xx_HAL_Driver/stm32f4xx_hal_ltdc.o"
arm-none-eabi-gcc "C:/Users/tt/STM32Cube/Repository/STM32Cube_FW_F4_V1.27.1/Drivers/STM32F4xx_HAL_Driver/Src/stm32f4xx_hal_nand.c" -mcpu=cortex-m4 -std=gnu11 -g3 -DUSE_HAL_DRIVER -DSTM32F446xx -c -I../../../Inc -I../../../../../../Drivers/CMSIS/Device/ST/STM32F4xx/Include -I../../../../../../Drivers/STM32F4xx_HAL_Driver/Inc -I../../../../../../Drivers/CMSIS/Include -Os -ffunction-sections -Wall -fstack-usage -MMD -MP -MF"Drivers/STM32F4xx_HAL_Driver/stm32f4xx_hal_nand.d" -MT"Drivers/STM32F4xx_HAL_Driver/stm32f4xx_hal_nand.o" --specs=nano.specs -mfpu=fpv4-sp-d16 -mfloat-abi=hard -mthumb -o "Drivers/STM32F4xx_HAL_Driver/stm32f4xx_hal_nand.o"
arm-none-eabi-gcc "C:/Users/tt/STM32Cube/Repository/STM32Cube_FW_F4_V1.27.1/Drivers/STM32F4xx_HAL_Driver/Src/stm32f4xx_hal_nor.c" -mcpu=cortex-m4 -std=gnu11 -g3 -DUSE_HAL_DRIVER -DSTM32F446xx -c -I../../../Inc -I../../../../../../Drivers/CMSIS/Device/ST/STM32F4xx/Include -I../../../../../../Drivers/STM32F4xx_HAL_Driver/Inc -I../../../../../../Drivers/CMSIS/Include -Os -ffunction-sections -Wall -fstack-usage -MMD -MP -MF"Drivers/STM32F4xx_HAL_Driver/stm32f4xx_hal_nor.d" -MT"Drivers/STM32F4xx_HAL_Driver/stm32f4xx_hal_nor.o" --specs=nano.specs -mfpu=fpv4-sp-d16 -mfloat-abi=hard -mthumb -o "Drivers/STM32F4xx_HAL_Driver/stm32f4xx_hal_nor.o"
arm-none-eabi-gcc "C:/Users/tt/STM32Cube/Repository/STM32Cube_FW_F4_V1.27.1/Drivers/STM32F4xx_HAL_Driver/Src/stm32f4xx_hal_pccard.c" -mcpu=cortex-m4 -std=gnu11 -g3 -DUSE_HAL_DRIVER -DSTM32F446xx -c -I../../../Inc -I../../../../../../Drivers/CMSIS/Device/ST/STM32F4xx/Include -I../../../../../../Drivers/STM32F4xx_HAL_Driver/Inc -I../../../../../../Drivers/CMSIS/Include -Os -ffunction-sections -Wall -fstack-usage -MMD -MP -MF"Drivers/STM32F4xx_HAL_Driver/stm32f4xx_hal_pccard.d" -MT"Drivers/STM32F4xx_HAL_Driver/stm32f4xx_hal_pccard.o" --specs=nano.specs -mfpu=fpv4-sp-d16 -mfloat-abi=hard -mthumb -o "Drivers/STM32F4xx_HAL_Driver/stm32f4xx_hal_pccard.o"
arm-none-eabi-gcc "C:/Users/tt/STM32Cube/Repository/STM32Cube_FW_F4_V1.27.1/Drivers/STM32F4xx_HAL_Driver/Src/stm32f4xx_hal_pcd.c" -mcpu=cortex-m4 -std=gnu11 -g3 -DUSE_HAL_DRIVER -DSTM32F446xx -c -I../../../Inc -I../../../../../../Drivers/CMSIS/Device/ST/STM32F4xx/Include -I../../../../../../Drivers/STM32F4xx_HAL_Driver/Inc -I../../../../../../Drivers/CMSIS/Include -Os -ffunction-sections -Wall -fstack-usage -MMD -MP -MF"Drivers/STM32F4xx_HAL_Driver/stm32f4xx_hal_pcd.d" -MT"Drivers/STM32F4xx_HAL_Driver/stm32f4xx_hal_pcd.o" --specs=nano.specs -mfpu=fpv4-sp-d16 -mfloat-abi=hard -mthumb -o "Drivers/STM32F4xx_HAL_Driver/stm32f4xx_hal_pcd.o"
arm-none-eabi-gcc "C:/Users/tt/STM32Cube/Repository/STM32Cube_FW_F4_V1.27.1/Drivers/STM32F4xx_HAL_Driver/Src/stm32f4xx_hal_pcd_ex.c" -mcpu=cortex-m4 -std=gnu11 -g3 -DUSE_HAL_DRIVER -DSTM32F446xx -c -I../../../Inc -I../../../../../../Drivers/CMSIS/Device/ST/STM32F4xx/Include -I../../../../../../Drivers/STM32F4xx_HAL_Driver/Inc -I../../../../../../Drivers/CMSIS/Include -Os -ffunction-sections -Wall -fstack-usage -MMD -MP -MF"Drivers/STM32F4xx_HAL_Driver/stm32f4xx_hal_pcd_ex.d" -MT"Drivers/STM32F4xx_HAL_Driver/stm32f4xx_hal_pcd_ex.o" --specs=nano.specs -mfpu=fpv4-sp-d16 -mfloat-abi=hard -mthumb -o "Drivers/STM32F4xx_HAL_Driver/stm32f4xx_hal_pcd_ex.o"
arm-none-eabi-gcc "C:/Users/tt/STM32Cube/Repository/STM32Cube_FW_F4_V1.27.1/Drivers/STM32F4xx_HAL_Driver/Src/stm32f4xx_hal_pwr.c" -mcpu=cortex-m4 -std=gnu11 -g3 -DUSE_HAL_DRIVER -DSTM32F446xx -c -I../../../Inc -I../../../../../../Drivers/CMSIS/Device/ST/STM32F4xx/Include -I../../../../../../Drivers/STM32F4xx_HAL_Driver/Inc -I../../../../../../Drivers/CMSIS/Include -Os -ffunction-sections -Wall -fstack-usage -MMD -MP -MF"Drivers/STM32F4xx_HAL_Driver/stm32f4xx_hal_pwr.d" -MT"Drivers/STM32F4xx_HAL_Driver/stm32f4xx_hal_pwr.o" --specs=nano.specs -mfpu=fpv4-sp-d16 -mfloat-abi=hard -mthumb -o "Drivers/STM32F4xx_HAL_Driver/stm32f4xx_hal_pwr.o"
arm-none-eabi-gcc "C:/Users/tt/STM32Cube/Repository/STM32Cube_FW_F4_V1.27.1/Drivers/STM32F4xx_HAL_Driver/Src/stm32f4xx_hal_pwr_ex.c" -mcpu=cortex-m4 -std=gnu11 -g3 -DUSE_HAL_DRIVER -DSTM32F446xx -c -I../../../Inc -I../../../../../../Drivers/CMSIS/Device/ST/STM32F4xx/Include -I../../../../../../Drivers/STM32F4xx_HAL_Driver/Inc -I../../../../../../Drivers/CMSIS/Include -Os -ffunction-sections -Wall -fstack-usage -MMD -MP -MF"Drivers/STM32F4xx_HAL_Driver/stm32f4xx_hal_pwr_ex.d" -MT"Drivers/STM32F4xx_HAL_Driver/stm32f4xx_hal_pwr_ex.o" --specs=nano.specs -mfpu=fpv4-sp-d16 -mfloat-abi=hard -mthumb -o "Drivers/STM32F4xx_HAL_Driver/stm32f4xx_hal_pwr_ex.o"
arm-none-eabi-gcc "C:/Users/tt/STM32Cube/Repository/STM32Cube_FW_F4_V1.27.1/Drivers/STM32F4xx_HAL_Driver/Src/stm32f4xx_hal_qspi.c" -mcpu=cortex-m4 -std=gnu11 -g3 -DUSE_HAL_DRIVER -DSTM32F446xx -c -I../../../Inc -I../../../../../../Drivers/CMSIS/Device/ST/STM32F4xx/Include -I../../../../../../Drivers/STM32F4xx_HAL_Driver/Inc -I../../../../../../Drivers/CMSIS/Include -Os -ffunction-sections -Wall -fstack-usage -MMD -MP -MF"Drivers/STM32F4xx_HAL_Driver/stm32f4xx_hal_qspi.d" -MT"Drivers/STM32F4xx_HAL_Driver/stm32f4xx_hal_qspi.o" --specs=nano.specs -mfpu=fpv4-sp-d16 -mfloat-abi=hard -mthumb -o "Drivers/STM32F4xx_HAL_Driver/stm32f4xx_hal_qspi.o"
arm-none-eabi-gcc "C:/Users/tt/STM32Cube/Repository/STM32Cube_FW_F4_V1.27.1/Drivers/STM32F4xx_HAL_Driver/Src/stm32f4xx_hal_rcc.c" -mcpu=cortex-m4 -std=gnu11 -g3 -DUSE_HAL_DRIVER -DSTM32F446xx -c -I../../../Inc -I../../../../../../Drivers/CMSIS/Device/ST/STM32F4xx/Include -I../../../../../../Drivers/STM32F4xx_HAL_Driver/Inc -I../../../../../../Drivers/CMSIS/Include -Os -ffunction-sections -Wall -fstack-usage -MMD -MP -MF"Drivers/STM32F4xx_HAL_Driver/stm32f4xx_hal_rcc.d" -MT"Drivers/STM32F4xx_HAL_Driver/stm32f4xx_hal_rcc.o" --specs=nano.specs -mfpu=fpv4-sp-d16 -mfloat-abi=hard -mthumb -o "Drivers/STM32F4xx_HAL_Driver/stm32f4xx_hal_rcc.o"
arm-none-eabi-gcc "C:/Users/tt/STM32Cube/Repository/STM32Cube_FW_F4_V1.27.1/Drivers/STM32F4xx_HAL_Driver/Src/stm32f4xx_hal_rcc_ex.c" -mcpu=cortex-m4 -std=gnu11 -g3 -DUSE_HAL_DRIVER -DSTM32F446xx -c -I../../../Inc -I../../../../../../Drivers/CMSIS/Device/ST/STM32F4xx/Include -I../../../../../../Drivers/STM32F4xx_HAL_Driver/Inc -I../../../../../../Drivers/CMSIS/Include -Os -ffunction-sections -Wall -fstack-usage -MMD -MP -MF"Drivers/STM32F4xx_HAL_Driver/stm32f4xx_hal_rcc_ex.d" -MT"Drivers/STM32F4xx_HAL_Driver/stm32f4xx_hal_rcc_ex.o" --specs=nano.specs -mfpu=fpv4-sp-d16 -mfloat-abi=hard -mthumb -o "Drivers/STM32F4xx_HAL_Driver/stm32f4xx_hal_rcc_ex.o"
arm-none-eabi-gcc "C:/Users/tt/STM32Cube/Repository/STM32Cube_FW_F4_V1.27.1/Drivers/STM32F4xx_HAL_Driver/Src/stm32f4xx_hal_rng.c" -mcpu=cortex-m4 -std=gnu11 -g3 -DUSE_HAL_DRIVER -DSTM32F446xx -c -I../../../Inc -I../../../../../../Drivers/CMSIS/Device/ST/STM32F4xx/Include -I../../../../../../Drivers/STM32F4xx_HAL_Driver/Inc -I../../../../../../Drivers/CMSIS/Include -Os -ffunction-sections -Wall -fstack-usage -MMD -MP -MF"Drivers/STM32F4xx_HAL_Driver/stm32f4xx_hal_rng.d" -MT"Drivers/STM32F4xx_HAL_Driver/stm32f4xx_hal_rng.o" --specs=nano.specs -mfpu=fpv4-sp-d16 -mfloat-abi=hard -mthumb -o "Drivers/STM32F4xx_HAL_Driver/stm32f4xx_hal_rng.o"
arm-none-eabi-gcc "C:/Users/tt/STM32Cube/Repository/STM32Cube_FW_F4_V1.27.1/Drivers/STM32F4xx_HAL_Driver/Src/stm32f4xx_hal_rtc.c" -mcpu=cortex-m4 -std=gnu11 -g3 -DUSE_HAL_DRIVER -DSTM32F446xx -c -I../../../Inc -I../../../../../../Drivers/CMSIS/Device/ST/STM32F4xx/Include -I../../../../../../Drivers/STM32F4xx_HAL_Driver/Inc -I../../../../../../Drivers/CMSIS/Include -Os -ffunction-sections -Wall -fstack-usage -MMD -MP -MF"Drivers/STM32F4xx_HAL_Driver/stm32f4xx_hal_rtc.d" -MT"Drivers/STM32F4xx_HAL_Driver/stm32f4xx_hal_rtc.o" --specs=nano.specs -mfpu=fpv4-sp-d16 -mfloat-abi=hard -mthumb -o "Drivers/STM32F4xx_HAL_Driver/stm32f4xx_hal_rtc.o"
arm-none-eabi-gcc "C:/Users/tt/STM32Cube/Repository/STM32Cube_FW_F4_V1.27.1/Drivers/STM32F4xx_HAL_Driver/Src/stm32f4xx_hal_rtc_ex.c" -mcpu=cortex-m4 -std=gnu11 -g3 -DUSE_HAL_DRIVER -DSTM32F446xx -c -I../../../Inc -I../../../../../../Drivers/CMSIS/Device/ST/STM32F4xx/Include -I../../../../../../Drivers/STM32F4xx_HAL_Driver/Inc -I../../../../../../Drivers/CMSIS/Include -Os -ffunction-sections -Wall -fstack-usage -MMD -MP -MF"Drivers/STM32F4xx_HAL_Driver/stm32f4xx_hal_rtc_ex.d" -MT"Drivers/STM32F4xx_HAL_Driver/stm32f4xx_hal_rtc_ex.o" --specs=nano.specs -mfpu=fpv4-sp-d16 -mfloat-abi=hard -mthumb -o "Drivers/STM32F4xx_HAL_Driver/stm32f4xx_hal_rtc_ex.o"
arm-none-eabi-gcc "C:/Users/tt/STM32Cube/Repository/STM32Cube_FW_F4_V1.27.1/Drivers/STM32F4xx_HAL_Driver/Src/stm32f4xx_hal_sai.c" -mcpu=cortex-m4 -std=gnu11 -g3 -DUSE_HAL_DRIVER -DSTM32F446xx -c -I../../../Inc -I../../../../../../Drivers/CMSIS/Device/ST/STM32F4xx/Include -I../../../../../../Drivers/STM32F4xx_HAL_Driver/Inc -I../../../../../../Drivers/CMSIS/Include -Os -ffunction-sections -Wall -fstack-usage -MMD -MP -MF"Drivers/STM32F4xx_HAL_Driver/stm32f4xx_hal_sai.d" -MT"Drivers/STM32F4xx_HAL_Driver/stm32f4xx_hal_sai.o" --specs=nano.specs -mfpu=fpv4-sp-d16 -mfloat-abi=hard -mthumb -o "Drivers/STM32F4xx_HAL_Driver/stm32f4xx_hal_sai.o"
arm-none-eabi-gcc "C:/Users/tt/STM32Cube/Repository/STM32Cube_FW_F4_V1.27.1/Drivers/STM32F4xx_HAL_Driver/Src/stm32f4xx_hal_sai_ex.c" -mcpu=cortex-m4 -std=gnu11 -g3 -DUSE_HAL_DRIVER -DSTM32F446xx -c -I../../../Inc -I../../../../../../Drivers/CMSIS/Device/ST/STM32F4xx/Include -I../../../../../../Drivers/STM32F4xx_HAL_Driver/Inc -I../../../../../../Drivers/CMSIS/Include -Os -ffunction-sections -Wall -fstack-usage -MMD -MP -MF"Drivers/STM32F4xx_HAL_Driver/stm32f4xx_hal_sai_ex.d" -MT"Drivers/STM32F4xx_HAL_Driver/stm32f4xx_hal_sai_ex.o" --specs=nano.specs -mfpu=fpv4-sp-d16 -mfloat-abi=hard -mthumb -o "Drivers/STM32F4xx_HAL_Driver/stm32f4xx_hal_sai_ex.o"
arm-none-eabi-gcc "C:/Users/tt/STM32Cube/Repository/STM32Cube_FW_F4_V1.27.1/Drivers/STM32F4xx_HAL_Driver/Src/stm32f4xx_hal_sd.c" -mcpu=cortex-m4 -std=gnu11 -g3 -DUSE_HAL_DRIVER -DSTM32F446xx -c -I../../../Inc -I../../../../../../Drivers/CMSIS/Device/ST/STM32F4xx/Include -I../../../../../../Drivers/STM32F4xx_HAL_Driver/Inc -I../../../../../../Drivers/CMSIS/Include -Os -ffunction-sections -Wall -fstack-usage -MMD -MP -MF"Drivers/STM32F4xx_HAL_Driver/stm32f4xx_hal_sd.d" -MT"Drivers/STM32F4xx_HAL_Driver/stm32f4xx_hal_sd.o" --specs=nano.specs -mfpu=fpv4-sp-d16 -mfloat-abi=hard -mthumb -o "Drivers/STM32F4xx_HAL_Driver/stm32f4xx_hal_sd.o"
arm-none-eabi-gcc "C:/Users/tt/STM32Cube/Repository/STM32Cube_FW_F4_V1.27.1/Drivers/STM32F4xx_HAL_Driver/Src/stm32f4xx_hal_sdram.c" -mcpu=cortex-m4 -std=gnu11 -g3 -DUSE_HAL_DRIVER -DSTM32F446xx -c -I../../../Inc -I../../../../../../Drivers/CMSIS/Device/ST/STM32F4xx/Include -I../../../../../../Drivers/STM32F4xx_HAL_Driver/Inc -I../../../../../../Drivers/CMSIS/Include -Os -ffunction-sections -Wall -fstack-usage -MMD -MP -MF"Drivers/STM32F4xx_HAL_Driver/stm32f4xx_hal_sdram.d" -MT"Drivers/STM32F4xx_HAL_Driver/stm32f4xx_hal_sdram.o" --specs=nano.specs -mfpu=fpv4-sp-d16 -mfloat-abi=hard -mthumb -o "Drivers/STM32F4xx_HAL_Driver/stm32f4xx_hal_sdram.o"
arm-none-eabi-gcc "C:/Users/tt/STM32Cube/Repository/STM32Cube_FW_F4_V1.27.1/Drivers/STM32F4xx_HAL_Driver/Src/stm32f4xx_hal_smartcard.c" -mcpu=cortex-m4 -std=gnu11 -g3 -DUSE_HAL_DRIVER -DSTM32F446xx -c -I../../../Inc -I../../../../../../Drivers/CMSIS/Device/ST/STM32F4xx/Include -I../../../../../../Drivers/STM32F4xx_HAL_Driver/Inc -I../../../../../../Drivers/CMSIS/Include -Os -ffunction-sections -Wall -fstack-usage -MMD -MP -MF"Drivers/STM32F4xx_HAL_Driver/stm32f4xx_hal_smartcard.d" -MT"Drivers/STM32F4xx_HAL_Driver/stm32f4xx_hal_smartcard.o" --specs=nano.specs -mfpu=fpv4-sp-d16 -mfloat-abi=hard -mthumb -o "Drivers/STM32F4xx_HAL_Driver/stm32f4xx_hal_smartcard.o"
arm-none-eabi-gcc "C:/Users/tt/STM32Cube/Repository/STM32Cube_FW_F4_V1.27.1/Drivers/STM32F4xx_HAL_Driver/Src/stm32f4xx_hal_spdifrx.c" -mcpu=cortex-m4 -std=gnu11 -g3 -DUSE_HAL_DRIVER -DSTM32F446xx -c -I../../../Inc -I../../../../../../Drivers/CMSIS/Device/ST/STM32F4xx/Include -I../../../../../../Drivers/STM32F4xx_HAL_Driver/Inc -I../../../../../../Drivers/CMSIS/Include -Os -ffunction-sections -Wall -fstack-usage -MMD -MP -MF"Drivers/STM32F4xx_HAL_Driver/stm32f4xx_hal_spdifrx.d" -MT"Drivers/STM32F4xx_HAL_Driver/stm32f4xx_hal_spdifrx.o" --specs=nano.specs -mfpu=fpv4-sp-d16 -mfloat-abi=hard -mthumb -o "Drivers/STM32F4xx_HAL_Driver/stm32f4xx_hal_spdifrx.o"
arm-none-eabi-gcc "C:/Users/tt/STM32Cube/Repository/STM32Cube_FW_F4_V1.27.1/Drivers/STM32F4xx_HAL_Driver/Src/stm32f4xx_hal_spi.c" -mcpu=cortex-m4 -std=gnu11 -g3 -DUSE_HAL_DRIVER -DSTM32F446xx -c -I../../../Inc -I../../../../../../Drivers/CMSIS/Device/ST/STM32F4xx/Include -I../../../../../../Drivers/STM32F4xx_HAL_Driver/Inc -I../../../../../../Drivers/CMSIS/Include -Os -ffunction-sections -Wall -fstack-usage -MMD -MP -MF"Drivers/STM32F4xx_HAL_Driver/stm32f4xx_hal_spi.d" -MT"Drivers/STM32F4xx_HAL_Driver/stm32f4xx_hal_spi.o" --specs=nano.specs -mfpu=fpv4-sp-d16 -mfloat-abi=hard -mthumb -o "Drivers/STM32F4xx_HAL_Driver/stm32f4xx_hal_spi.o"
arm-none-eabi-gcc "C:/Users/tt/STM32Cube/Repository/STM32Cube_FW_F4_V1.27.1/Drivers/STM32F4xx_HAL_Driver/Src/stm32f4xx_hal_sram.c" -mcpu=cortex-m4 -std=gnu11 -g3 -DUSE_HAL_DRIVER -DSTM32F446xx -c -I../../../Inc -I../../../../../../Drivers/CMSIS/Device/ST/STM32F4xx/Include -I../../../../../../Drivers/STM32F4xx_HAL_Driver/Inc -I../../../../../../Drivers/CMSIS/Include -Os -ffunction-sections -Wall -fstack-usage -MMD -MP -MF"Drivers/STM32F4xx_HAL_Driver/stm32f4xx_hal_sram.d" -MT"Drivers/STM32F4xx_HAL_Driver/stm32f4xx_hal_sram.o" --specs=nano.specs -mfpu=fpv4-sp-d16 -mfloat-abi=hard -mthumb -o "Drivers/STM32F4xx_HAL_Driver/stm32f4xx_hal_sram.o"
arm-none-eabi-gcc "C:/Users/tt/STM32Cube/Repository/STM32Cube_FW_F4_V1.27.1/Drivers/STM32F4xx_HAL_Driver/Src/stm32f4xx_hal_tim.c" -mcpu=cortex-m4 -std=gnu11 -g3 -DUSE_HAL_DRIVER -DSTM32F446xx -c -I../../../Inc -I../../../../../../Drivers/CMSIS/Device/ST/STM32F4xx/Include -I../../../../../../Drivers/STM32F4xx_HAL_Driver/Inc -I../../../../../../Drivers/CMSIS/Include -Os -ffunction-sections -Wall -fstack-usage -MMD -MP -MF"Drivers/STM32F4xx_HAL_Driver/stm32f4xx_hal_tim.d" -MT"Drivers/STM32F4xx_HAL_Driver/stm32f4xx_hal_tim.o" --specs=nano.specs -mfpu=fpv4-sp-d16 -mfloat-abi=hard -mthumb -o "Drivers/STM32F4xx_HAL_Driver/stm32f4xx_hal_tim.o"
arm-none-eabi-gcc "C:/Users/tt/STM32Cube/Repository/STM32Cube_FW_F4_V1.27.1/Drivers/STM32F4xx_HAL_Driver/Src/stm32f4xx_hal_tim_ex.c" -mcpu=cortex-m4 -std=gnu11 -g3 -DUSE_HAL_DRIVER -DSTM32F446xx -c -I../../../Inc -I../../../../../../Drivers/CMSIS/Device/ST/STM32F4xx/Include -I../../../../../../Drivers/STM32F4xx_HAL_Driver/Inc -I../../../../../../Drivers/CMSIS/Include -Os -ffunction-sections -Wall -fstack-usage -MMD -MP -MF"Drivers/STM32F4xx_HAL_Driver/stm32f4xx_hal_tim_ex.d" -MT"Drivers/STM32F4xx_HAL_Driver/stm32f4xx_hal_tim_ex.o" --specs=nano.specs -mfpu=fpv4-sp-d16 -mfloat-abi=hard -mthumb -o "Drivers/STM32F4xx_HAL_Driver/stm32f4xx_hal_tim_ex.o"
arm-none-eabi-gcc "C:/Users/tt/STM32Cube/Repository/STM32Cube_FW_F4_V1.27.1/Drivers/STM32F4xx_HAL_Driver/Src/stm32f4xx_hal_uart.c" -mcpu=cortex-m4 -std=gnu11 -g3 -DUSE_HAL_DRIVER -DSTM32F446xx -c -I../../../Inc -I../../../../../../Drivers/CMSIS/Device/ST/STM32F4xx/Include -I../../../../../../Drivers/STM32F4xx_HAL_Driver/Inc -I../../../../../../Drivers/CMSIS/Include -Os -ffunction-sections -Wall -fstack-usage -MMD -MP -MF"Drivers/STM32F4xx_HAL_Driver/stm32f4xx_hal_uart.d" -MT"Drivers/STM32F4xx_HAL_Driver/stm32f4xx_hal_uart.o" --specs=nano.specs -mfpu=fpv4-sp-d16 -mfloat-abi=hard -mthumb -o "Drivers/STM32F4xx_HAL_Driver/stm32f4xx_hal_uart.o"
arm-none-eabi-gcc "C:/Users/tt/STM32Cube/Repository/STM32Cube_FW_F4_V1.27.1/Drivers/STM32F4xx_HAL_Driver/Src/stm32f4xx_hal_usart.c" -mcpu=cortex-m4 -std=gnu11 -g3 -DUSE_HAL_DRIVER -DSTM32F446xx -c -I../../../Inc -I../../../../../../Drivers/CMSIS/Device/ST/STM32F4xx/Include -I../../../../../../Drivers/STM32F4xx_HAL_Driver/Inc -I../../../../../../Drivers/CMSIS/Include -Os -ffunction-sections -Wall -fstack-usage -MMD -MP -MF"Drivers/STM32F4xx_HAL_Driver/stm32f4xx_hal_usart.d" -MT"Drivers/STM32F4xx_HAL_Driver/stm32f4xx_hal_usart.o" --specs=nano.specs -mfpu=fpv4-sp-d16 -mfloat-abi=hard -mthumb -o "Drivers/STM32F4xx_HAL_Driver/stm32f4xx_hal_usart.o"
arm-none-eabi-gcc "C:/Users/tt/STM32Cube/Repository/STM32Cube_FW_F4_V1.27.1/Drivers/STM32F4xx_HAL_Driver/Src/stm32f4xx_hal_wwdg.c" -mcpu=cortex-m4 -std=gnu11 -g3 -DUSE_HAL_DRIVER -DSTM32F446xx -c -I../../../Inc -I../../../../../../Drivers/CMSIS/Device/ST/STM32F4xx/Include -I../../../../../../Drivers/STM32F4xx_HAL_Driver/Inc -I../../../../../../Drivers/CMSIS/Include -Os -ffunction-sections -Wall -fstack-usage -MMD -MP -MF"Drivers/STM32F4xx_HAL_Driver/stm32f4xx_hal_wwdg.d" -MT"Drivers/STM32F4xx_HAL_Driver/stm32f4xx_hal_wwdg.o" --specs=nano.specs -mfpu=fpv4-sp-d16 -mfloat-abi=hard -mthumb -o "Drivers/STM32F4xx_HAL_Driver/stm32f4xx_hal_wwdg.o"
arm-none-eabi-gcc "C:/Users/tt/STM32Cube/Repository/STM32Cube_FW_F4_V1.27.1/Drivers/STM32F4xx_HAL_Driver/Src/stm32f4xx_ll_fmc.c" -mcpu=cortex-m4 -std=gnu11 -g3 -DUSE_HAL_DRIVER -DSTM32F446xx -c -I../../../Inc -I../../../../../../Drivers/CMSIS/Device/ST/STM32F4xx/Include -I../../../../../../Drivers/STM32F4xx_HAL_Driver/Inc -I../../../../../../Drivers/CMSIS/Include -Os -ffunction-sections -Wall -fstack-usage -MMD -MP -MF"Drivers/STM32F4xx_HAL_Driver/stm32f4xx_ll_fmc.d" -MT"Drivers/STM32F4xx_HAL_Driver/stm32f4xx_ll_fmc.o" --specs=nano.specs -mfpu=fpv4-sp-d16 -mfloat-abi=hard -mthumb -o "Drivers/STM32F4xx_HAL_Driver/stm32f4xx_ll_fmc.o"
arm-none-eabi-gcc "C:/Users/tt/STM32Cube/Repository/STM32Cube_FW_F4_V1.27.1/Drivers/STM32F4xx_HAL_Driver/Src/stm32f4xx_ll_fsmc.c" -mcpu=cortex-m4 -std=gnu11 -g3 -DUSE_HAL_DRIVER -DSTM32F446xx -c -I../../../Inc -I../../../../../../Drivers/CMSIS/Device/ST/STM32F4xx/Include -I../../../../../../Drivers/STM32F4xx_HAL_Driver/Inc -I../../../../../../Drivers/CMSIS/Include -Os -ffunction-sections -Wall -fstack-usage -MMD -MP -MF"Drivers/STM32F4xx_HAL_Driver/stm32f4xx_ll_fsmc.d" -MT"Drivers/STM32F4xx_HAL_Driver/stm32f4xx_ll_fsmc.o" --specs=nano.specs -mfpu=fpv4-sp-d16 -mfloat-abi=hard -mthumb -o "Drivers/STM32F4xx_HAL_Driver/stm32f4xx_ll_fsmc.o"
arm-none-eabi-gcc "C:/Users/tt/STM32Cube/Repository/STM32Cube_FW_F4_V1.27.1/Drivers/STM32F4xx_HAL_Driver/Src/stm32f4xx_ll_sdmmc.c" -mcpu=cortex-m4 -std=gnu11 -g3 -DUSE_HAL_DRIVER -DSTM32F446xx -c -I../../../Inc -I../../../../../../Drivers/CMSIS/Device/ST/STM32F4xx/Include -I../../../../../../Drivers/STM32F4xx_HAL_Driver/Inc -I../../../../../../Drivers/CMSIS/Include -Os -ffunction-sections -Wall -fstack-usage -MMD -MP -MF"Drivers/STM32F4xx_HAL_Driver/stm32f4xx_ll_sdmmc.d" -MT"Drivers/STM32F4xx_HAL_Driver/stm32f4xx_ll_sdmmc.o" --specs=nano.specs -mfpu=fpv4-sp-d16 -mfloat-abi=hard -mthumb -o "Drivers/STM32F4xx_HAL_Driver/stm32f4xx_ll_sdmmc.o"
arm-none-eabi-gcc "C:/Users/tt/STM32Cube/Repository/STM32Cube_FW_F4_V1.27.1/Drivers/STM32F4xx_HAL_Driver/Src/stm32f4xx_ll_usb.c" -mcpu=cortex-m4 -std=gnu11 -g3 -DUSE_HAL_DRIVER -DSTM32F446xx -c -I../../../Inc -I../../../../../../Drivers/CMSIS/Device/ST/STM32F4xx/Include -I../../../../../../Drivers/STM32F4xx_HAL_Driver/Inc -I../../../../../../Drivers/CMSIS/Include -Os -ffunction-sections -Wall -fstack-usage -MMD -MP -MF"Drivers/STM32F4xx_HAL_Driver/stm32f4xx_ll_usb.d" -MT"Drivers/STM32F4xx_HAL_Driver/stm32f4xx_ll_usb.o" --specs=nano.specs -mfpu=fpv4-sp-d16 -mfloat-abi=hard -mthumb -o "Drivers/STM32F4xx_HAL_Driver/stm32f4xx_ll_usb.o"
arm-none-eabi-gcc "C:/Users/tt/STM32Cube/Repository/STM32Cube_FW_F4_V1.27.1/Projects/STM32446E-Nucleo/Templates/Src/system_stm32f4xx.c" -mcpu=cortex-m4 -std=gnu11 -g3 -DUSE_HAL_DRIVER -DSTM32F446xx -c -I../../../Inc -I../../../../../../Drivers/CMSIS/Device/ST/STM32F4xx/Include -I../../../../../../Drivers/STM32F4xx_HAL_Driver/Inc -I../../../../../../Drivers/CMSIS/Include -Os -ffunction-sections -Wall -fstack-usage -MMD -MP -MF"Drivers/CMSIS/system_stm32f4xx.d" -MT"Drivers/CMSIS/system_stm32f4xx.o" --specs=nano.specs -mfpu=fpv4-sp-d16 -mfloat-abi=hard -mthumb -o "Drivers/CMSIS/system_stm32f4xx.o"
arm-none-eabi-gcc -o "STM32446E_Nucleo.elf" @"objects.list"   -mcpu=cortex-m4 -T"../STM32F446RETx_FLASH.ld" --specs=nosys.specs -Wl,-Map="STM32446E_Nucleo.map" -Wl,--gc-sections -static --specs=nano.specs -mfpu=fpv4-sp-d16 -mfloat-abi=hard -mthumb -Wl,--start-group -lc -lm -Wl,--end-group
Finished building target: STM32446E_Nucleo.elf
 
arm-none-eabi-size   STM32446E_Nucleo.elf 
arm-none-eabi-objdump -h -S  STM32446E_Nucleo.elf  > "STM32446E_Nucleo.list"
arm-none-eabi-objcopy  -O binary  STM32446E_Nucleo.elf  "STM32446E_Nucleo.bin"
   text	   data	    bss	    dec	    hex	filename
   3428	     20	   1568	   5016	   1398	STM32446E_Nucleo.elf
Finished building: default.size.stdout
 
Finished building: STM32446E_Nucleo.bin
 
Finished building: STM32446E_Nucleo.list
 
11:29:53 **** Build of configuration Debug for project STM32F446-Nucleo ****
make -j12 all 
arm-none-eabi-gcc "C:/Users/tt/STM32Cube/Repository/STM32Cube_FW_F4_V1.27.1/Projects/STM32446E-Nucleo/Examples/HAL/HAL_TimeBase_RTC_WKUP/Src/main.c" -mcpu=cortex-m4 -std=gnu11 -g3 -DUSE_HAL_DRIVER -DSTM32F446xx -DUSE_STM32F4XX_NUCLEO -DHSE_BYPASS -c -I../../../Inc -I../../../../../../../../Drivers/CMSIS/Device/ST/STM32F4xx/Include -I../../../../../../../../Drivers/STM32F4xx_HAL_Driver/Inc -I../../../../../../../../Drivers/BSP/STM32F4xx-Nucleo -I../../../../../../../../Utilities/Log -I../../../../../../../../Utilities/CPU -I../../../../../../../../Drivers/CMSIS/Include -Os -ffunction-sections -Wall -fstack-usage -MMD -MP -MF"Example/User/main.d" -MT"Example/User/main.o" --specs=nano.specs -mfpu=fpv4-sp-d16 -mfloat-abi=hard -mthumb -o "Example/User/main.o"
arm-none-eabi-gcc "C:/Users/tt/STM32Cube/Repository/STM32Cube_FW_F4_V1.27.1/Projects/STM32446E-Nucleo/Examples/HAL/HAL_TimeBase_RTC_WKUP/Src/stm32f4xx_hal_timebase_rtc_wakeup.c" -mcpu=cortex-m4 -std=gnu11 -g3 -DUSE_HAL_DRIVER -DSTM32F446xx -DUSE_STM32F4XX_NUCLEO -DHSE_BYPASS -c -I../../../Inc -I../../../../../../../../Drivers/CMSIS/Device/ST/STM32F4xx/Include -I../../../../../../../../Drivers/STM32F4xx_HAL_Driver/Inc -I../../../../../../../../Drivers/BSP/STM32F4xx-Nucleo -I../../../../../../../../Utilities/Log -I../../../../../../../../Utilities/CPU -I../../../../../../../../Drivers/CMSIS/Include -Os -ffunction-sections -Wall -fstack-usage -MMD -MP -MF"Example/User/stm32f4xx_hal_timebase_rtc_wakeup.d" -MT"Example/User/stm32f4xx_hal_timebase_rtc_wakeup.o" --specs=nano.specs -mfpu=fpv4-sp-d16 -mfloat-abi=hard -mthumb -o "Example/User/stm32f4xx_hal_timebase_rtc_wakeup.o"
arm-none-eabi-gcc "C:/Users/tt/STM32Cube/Repository/STM32Cube_FW_F4_V1.27.1/Projects/STM32446E-Nucleo/Examples/HAL/HAL_TimeBase_RTC_WKUP/Src/stm32f4xx_it.c" -mcpu=cortex-m4 -std=gnu11 -g3 -DUSE_HAL_DRIVER -DSTM32F446xx -DUSE_STM32F4XX_NUCLEO -DHSE_BYPASS -c -I../../../Inc -I../../../../../../../../Drivers/CMSIS/Device/ST/STM32F4xx/Include -I../../../../../../../../Drivers/STM32F4xx_HAL_Driver/Inc -I../../../../../../../../Drivers/BSP/STM32F4xx-Nucleo -I../../../../../../../../Utilities/Log -I../../../../../../../../Utilities/CPU -I../../../../../../../../Drivers/CMSIS/Include -Os -ffunction-sections -Wall -fstack-usage -MMD -MP -MF"Example/User/stm32f4xx_it.d" -MT"Example/User/stm32f4xx_it.o" --specs=nano.specs -mfpu=fpv4-sp-d16 -mfloat-abi=hard -mthumb -o "Example/User/stm32f4xx_it.o"
arm-none-eabi-gcc -mcpu=cortex-m4 -g3 -c -x assembler-with-cpp -MMD -MP -MF"Example/SW4STM32/startup_stm32f446xx.d" -MT"Example/SW4STM32/startup_stm32f446xx.o" --specs=nano.specs -mfpu=fpv4-sp-d16 -mfloat-abi=hard -mthumb -o "Example/SW4STM32/startup_stm32f446xx.o" "C:/Users/tt/STM32Cube/Repository/STM32Cube_FW_F4_V1.27.1/Projects/STM32446E-Nucleo/Examples/HAL/HAL_TimeBase_RTC_WKUP/SW4STM32/startup_stm32f446xx.s"
arm-none-eabi-gcc "C:/Users/tt/STM32Cube/Repository/STM32Cube_FW_F4_V1.27.1/Drivers/STM32F4xx_HAL_Driver/Src/stm32f4xx_hal.c" -mcpu=cortex-m4 -std=gnu11 -g3 -DUSE_HAL_DRIVER -DSTM32F446xx -DUSE_STM32F4XX_NUCLEO -DHSE_BYPASS -c -I../../../Inc -I../../../../../../../../Drivers/CMSIS/Device/ST/STM32F4xx/Include -I../../../../../../../../Drivers/STM32F4xx_HAL_Driver/Inc -I../../../../../../../../Drivers/BSP/STM32F4xx-Nucleo -I../../../../../../../../Utilities/Log -I../../../../../../../../Utilities/CPU -I../../../../../../../../Drivers/CMSIS/Include -Os -ffunction-sections -Wall -fstack-usage -MMD -MP -MF"Drivers/STM32F4xx_HAL_Driver/stm32f4xx_hal.d" -MT"Drivers/STM32F4xx_HAL_Driver/stm32f4xx_hal.o" --specs=nano.specs -mfpu=fpv4-sp-d16 -mfloat-abi=hard -mthumb -o "Drivers/STM32F4xx_HAL_Driver/stm32f4xx_hal.o"
arm-none-eabi-gcc "C:/Users/tt/STM32Cube/Repository/STM32Cube_FW_F4_V1.27.1/Drivers/STM32F4xx_HAL_Driver/Src/stm32f4xx_hal_cortex.c" -mcpu=cortex-m4 -std=gnu11 -g3 -DUSE_HAL_DRIVER -DSTM32F446xx -DUSE_STM32F4XX_NUCLEO -DHSE_BYPASS -c -I../../../Inc -I../../../../../../../../Drivers/CMSIS/Device/ST/STM32F4xx/Include -I../../../../../../../../Drivers/STM32F4xx_HAL_Driver/Inc -I../../../../../../../../Drivers/BSP/STM32F4xx-Nucleo -I../../../../../../../../Utilities/Log -I../../../../../../../../Utilities/CPU -I../../../../../../../../Drivers/CMSIS/Include -Os -ffunction-sections -Wall -fstack-usage -MMD -MP -MF"Drivers/STM32F4xx_HAL_Driver/stm32f4xx_hal_cortex.d" -MT"Drivers/STM32F4xx_HAL_Driver/stm32f4xx_hal_cortex.o" --specs=nano.specs -mfpu=fpv4-sp-d16 -mfloat-abi=hard -mthumb -o "Drivers/STM32F4xx_HAL_Driver/stm32f4xx_hal_cortex.o"
arm-none-eabi-gcc "C:/Users/tt/STM32Cube/Repository/STM32Cube_FW_F4_V1.27.1/Drivers/STM32F4xx_HAL_Driver/Src/stm32f4xx_hal_dma.c" -mcpu=cortex-m4 -std=gnu11 -g3 -DUSE_HAL_DRIVER -DSTM32F446xx -DUSE_STM32F4XX_NUCLEO -DHSE_BYPASS -c -I../../../Inc -I../../../../../../../../Drivers/CMSIS/Device/ST/STM32F4xx/Include -I../../../../../../../../Drivers/STM32F4xx_HAL_Driver/Inc -I../../../../../../../../Drivers/BSP/STM32F4xx-Nucleo -I../../../../../../../../Utilities/Log -I../../../../../../../../Utilities/CPU -I../../../../../../../../Drivers/CMSIS/Include -Os -ffunction-sections -Wall -fstack-usage -MMD -MP -MF"Drivers/STM32F4xx_HAL_Driver/stm32f4xx_hal_dma.d" -MT"Drivers/STM32F4xx_HAL_Driver/stm32f4xx_hal_dma.o" --specs=nano.specs -mfpu=fpv4-sp-d16 -mfloat-abi=hard -mthumb -o "Drivers/STM32F4xx_HAL_Driver/stm32f4xx_hal_dma.o"
arm-none-eabi-gcc "C:/Users/tt/STM32Cube/Repository/STM32Cube_FW_F4_V1.27.1/Drivers/STM32F4xx_HAL_Driver/Src/stm32f4xx_hal_dma_ex.c" -mcpu=cortex-m4 -std=gnu11 -g3 -DUSE_HAL_DRIVER -DSTM32F446xx -DUSE_STM32F4XX_NUCLEO -DHSE_BYPASS -c -I../../../Inc -I../../../../../../../../Drivers/CMSIS/Device/ST/STM32F4xx/Include -I../../../../../../../../Drivers/STM32F4xx_HAL_Driver/Inc -I../../../../../../../../Drivers/BSP/STM32F4xx-Nucleo -I../../../../../../../../Utilities/Log -I../../../../../../../../Utilities/CPU -I../../../../../../../../Drivers/CMSIS/Include -Os -ffunction-sections -Wall -fstack-usage -MMD -MP -MF"Drivers/STM32F4xx_HAL_Driver/stm32f4xx_hal_dma_ex.d" -MT"Drivers/STM32F4xx_HAL_Driver/stm32f4xx_hal_dma_ex.o" --specs=nano.specs -mfpu=fpv4-sp-d16 -mfloat-abi=hard -mthumb -o "Drivers/STM32F4xx_HAL_Driver/stm32f4xx_hal_dma_ex.o"
arm-none-eabi-gcc "C:/Users/tt/STM32Cube/Repository/STM32Cube_FW_F4_V1.27.1/Drivers/STM32F4xx_HAL_Driver/Src/stm32f4xx_hal_fmpi2c.c" -mcpu=cortex-m4 -std=gnu11 -g3 -DUSE_HAL_DRIVER -DSTM32F446xx -DUSE_STM32F4XX_NUCLEO -DHSE_BYPASS -c -I../../../Inc -I../../../../../../../../Drivers/CMSIS/Device/ST/STM32F4xx/Include -I../../../../../../../../Drivers/STM32F4xx_HAL_Driver/Inc -I../../../../../../../../Drivers/BSP/STM32F4xx-Nucleo -I../../../../../../../../Utilities/Log -I../../../../../../../../Utilities/CPU -I../../../../../../../../Drivers/CMSIS/Include -Os -ffunction-sections -Wall -fstack-usage -MMD -MP -MF"Drivers/STM32F4xx_HAL_Driver/stm32f4xx_hal_fmpi2c.d" -MT"Drivers/STM32F4xx_HAL_Driver/stm32f4xx_hal_fmpi2c.o" --specs=nano.specs -mfpu=fpv4-sp-d16 -mfloat-abi=hard -mthumb -o "Drivers/STM32F4xx_HAL_Driver/stm32f4xx_hal_fmpi2c.o"
arm-none-eabi-gcc "C:/Users/tt/STM32Cube/Repository/STM32Cube_FW_F4_V1.27.1/Drivers/STM32F4xx_HAL_Driver/Src/stm32f4xx_hal_fmpi2c_ex.c" -mcpu=cortex-m4 -std=gnu11 -g3 -DUSE_HAL_DRIVER -DSTM32F446xx -DUSE_STM32F4XX_NUCLEO -DHSE_BYPASS -c -I../../../Inc -I../../../../../../../../Drivers/CMSIS/Device/ST/STM32F4xx/Include -I../../../../../../../../Drivers/STM32F4xx_HAL_Driver/Inc -I../../../../../../../../Drivers/BSP/STM32F4xx-Nucleo -I../../../../../../../../Utilities/Log -I../../../../../../../../Utilities/CPU -I../../../../../../../../Drivers/CMSIS/Include -Os -ffunction-sections -Wall -fstack-usage -MMD -MP -MF"Drivers/STM32F4xx_HAL_Driver/stm32f4xx_hal_fmpi2c_ex.d" -MT"Drivers/STM32F4xx_HAL_Driver/stm32f4xx_hal_fmpi2c_ex.o" --specs=nano.specs -mfpu=fpv4-sp-d16 -mfloat-abi=hard -mthumb -o "Drivers/STM32F4xx_HAL_Driver/stm32f4xx_hal_fmpi2c_ex.o"
arm-none-eabi-gcc "C:/Users/tt/STM32Cube/Repository/STM32Cube_FW_F4_V1.27.1/Drivers/STM32F4xx_HAL_Driver/Src/stm32f4xx_hal_gpio.c" -mcpu=cortex-m4 -std=gnu11 -g3 -DUSE_HAL_DRIVER -DSTM32F446xx -DUSE_STM32F4XX_NUCLEO -DHSE_BYPASS -c -I../../../Inc -I../../../../../../../../Drivers/CMSIS/Device/ST/STM32F4xx/Include -I../../../../../../../../Drivers/STM32F4xx_HAL_Driver/Inc -I../../../../../../../../Drivers/BSP/STM32F4xx-Nucleo -I../../../../../../../../Utilities/Log -I../../../../../../../../Utilities/CPU -I../../../../../../../../Drivers/CMSIS/Include -Os -ffunction-sections -Wall -fstack-usage -MMD -MP -MF"Drivers/STM32F4xx_HAL_Driver/stm32f4xx_hal_gpio.d" -MT"Drivers/STM32F4xx_HAL_Driver/stm32f4xx_hal_gpio.o" --specs=nano.specs -mfpu=fpv4-sp-d16 -mfloat-abi=hard -mthumb -o "Drivers/STM32F4xx_HAL_Driver/stm32f4xx_hal_gpio.o"
arm-none-eabi-gcc "C:/Users/tt/STM32Cube/Repository/STM32Cube_FW_F4_V1.27.1/Drivers/STM32F4xx_HAL_Driver/Src/stm32f4xx_hal_pwr.c" -mcpu=cortex-m4 -std=gnu11 -g3 -DUSE_HAL_DRIVER -DSTM32F446xx -DUSE_STM32F4XX_NUCLEO -DHSE_BYPASS -c -I../../../Inc -I../../../../../../../../Drivers/CMSIS/Device/ST/STM32F4xx/Include -I../../../../../../../../Drivers/STM32F4xx_HAL_Driver/Inc -I../../../../../../../../Drivers/BSP/STM32F4xx-Nucleo -I../../../../../../../../Utilities/Log -I../../../../../../../../Utilities/CPU -I../../../../../../../../Drivers/CMSIS/Include -Os -ffunction-sections -Wall -fstack-usage -MMD -MP -MF"Drivers/STM32F4xx_HAL_Driver/stm32f4xx_hal_pwr.d" -MT"Drivers/STM32F4xx_HAL_Driver/stm32f4xx_hal_pwr.o" --specs=nano.specs -mfpu=fpv4-sp-d16 -mfloat-abi=hard -mthumb -o "Drivers/STM32F4xx_HAL_Driver/stm32f4xx_hal_pwr.o"
arm-none-eabi-gcc "C:/Users/tt/STM32Cube/Repository/STM32Cube_FW_F4_V1.27.1/Drivers/STM32F4xx_HAL_Driver/Src/stm32f4xx_hal_pwr_ex.c" -mcpu=cortex-m4 -std=gnu11 -g3 -DUSE_HAL_DRIVER -DSTM32F446xx -DUSE_STM32F4XX_NUCLEO -DHSE_BYPASS -c -I../../../Inc -I../../../../../../../../Drivers/CMSIS/Device/ST/STM32F4xx/Include -I../../../../../../../../Drivers/STM32F4xx_HAL_Driver/Inc -I../../../../../../../../Drivers/BSP/STM32F4xx-Nucleo -I../../../../../../../../Utilities/Log -I../../../../../../../../Utilities/CPU -I../../../../../../../../Drivers/CMSIS/Include -Os -ffunction-sections -Wall -fstack-usage -MMD -MP -MF"Drivers/STM32F4xx_HAL_Driver/stm32f4xx_hal_pwr_ex.d" -MT"Drivers/STM32F4xx_HAL_Driver/stm32f4xx_hal_pwr_ex.o" --specs=nano.specs -mfpu=fpv4-sp-d16 -mfloat-abi=hard -mthumb -o "Drivers/STM32F4xx_HAL_Driver/stm32f4xx_hal_pwr_ex.o"
arm-none-eabi-gcc "C:/Users/tt/STM32Cube/Repository/STM32Cube_FW_F4_V1.27.1/Drivers/STM32F4xx_HAL_Driver/Src/stm32f4xx_hal_rcc.c" -mcpu=cortex-m4 -std=gnu11 -g3 -DUSE_HAL_DRIVER -DSTM32F446xx -DUSE_STM32F4XX_NUCLEO -DHSE_BYPASS -c -I../../../Inc -I../../../../../../../../Drivers/CMSIS/Device/ST/STM32F4xx/Include -I../../../../../../../../Drivers/STM32F4xx_HAL_Driver/Inc -I../../../../../../../../Drivers/BSP/STM32F4xx-Nucleo -I../../../../../../../../Utilities/Log -I../../../../../../../../Utilities/CPU -I../../../../../../../../Drivers/CMSIS/Include -Os -ffunction-sections -Wall -fstack-usage -MMD -MP -MF"Drivers/STM32F4xx_HAL_Driver/stm32f4xx_hal_rcc.d" -MT"Drivers/STM32F4xx_HAL_Driver/stm32f4xx_hal_rcc.o" --specs=nano.specs -mfpu=fpv4-sp-d16 -mfloat-abi=hard -mthumb -o "Drivers/STM32F4xx_HAL_Driver/stm32f4xx_hal_rcc.o"
arm-none-eabi-gcc "C:/Users/tt/STM32Cube/Repository/STM32Cube_FW_F4_V1.27.1/Drivers/STM32F4xx_HAL_Driver/Src/stm32f4xx_hal_rcc_ex.c" -mcpu=cortex-m4 -std=gnu11 -g3 -DUSE_HAL_DRIVER -DSTM32F446xx -DUSE_STM32F4XX_NUCLEO -DHSE_BYPASS -c -I../../../Inc -I../../../../../../../../Drivers/CMSIS/Device/ST/STM32F4xx/Include -I../../../../../../../../Drivers/STM32F4xx_HAL_Driver/Inc -I../../../../../../../../Drivers/BSP/STM32F4xx-Nucleo -I../../../../../../../../Utilities/Log -I../../../../../../../../Utilities/CPU -I../../../../../../../../Drivers/CMSIS/Include -Os -ffunction-sections -Wall -fstack-usage -MMD -MP -MF"Drivers/STM32F4xx_HAL_Driver/stm32f4xx_hal_rcc_ex.d" -MT"Drivers/STM32F4xx_HAL_Driver/stm32f4xx_hal_rcc_ex.o" --specs=nano.specs -mfpu=fpv4-sp-d16 -mfloat-abi=hard -mthumb -o "Drivers/STM32F4xx_HAL_Driver/stm32f4xx_hal_rcc_ex.o"
arm-none-eabi-gcc "C:/Users/tt/STM32Cube/Repository/STM32Cube_FW_F4_V1.27.1/Drivers/STM32F4xx_HAL_Driver/Src/stm32f4xx_hal_rtc.c" -mcpu=cortex-m4 -std=gnu11 -g3 -DUSE_HAL_DRIVER -DSTM32F446xx -DUSE_STM32F4XX_NUCLEO -DHSE_BYPASS -c -I../../../Inc -I../../../../../../../../Drivers/CMSIS/Device/ST/STM32F4xx/Include -I../../../../../../../../Drivers/STM32F4xx_HAL_Driver/Inc -I../../../../../../../../Drivers/BSP/STM32F4xx-Nucleo -I../../../../../../../../Utilities/Log -I../../../../../../../../Utilities/CPU -I../../../../../../../../Drivers/CMSIS/Include -Os -ffunction-sections -Wall -fstack-usage -MMD -MP -MF"Drivers/STM32F4xx_HAL_Driver/stm32f4xx_hal_rtc.d" -MT"Drivers/STM32F4xx_HAL_Driver/stm32f4xx_hal_rtc.o" --specs=nano.specs -mfpu=fpv4-sp-d16 -mfloat-abi=hard -mthumb -o "Drivers/STM32F4xx_HAL_Driver/stm32f4xx_hal_rtc.o"
arm-none-eabi-gcc "C:/Users/tt/STM32Cube/Repository/STM32Cube_FW_F4_V1.27.1/Drivers/STM32F4xx_HAL_Driver/Src/stm32f4xx_hal_rtc_ex.c" -mcpu=cortex-m4 -std=gnu11 -g3 -DUSE_HAL_DRIVER -DSTM32F446xx -DUSE_STM32F4XX_NUCLEO -DHSE_BYPASS -c -I../../../Inc -I../../../../../../../../Drivers/CMSIS/Device/ST/STM32F4xx/Include -I../../../../../../../../Drivers/STM32F4xx_HAL_Driver/Inc -I../../../../../../../../Drivers/BSP/STM32F4xx-Nucleo -I../../../../../../../../Utilities/Log -I../../../../../../../../Utilities/CPU -I../../../../../../../../Drivers/CMSIS/Include -Os -ffunction-sections -Wall -fstack-usage -MMD -MP -MF"Drivers/STM32F4xx_HAL_Driver/stm32f4xx_hal_rtc_ex.d" -MT"Drivers/STM32F4xx_HAL_Driver/stm32f4xx_hal_rtc_ex.o" --specs=nano.specs -mfpu=fpv4-sp-d16 -mfloat-abi=hard -mthumb -o "Drivers/STM32F4xx_HAL_Driver/stm32f4xx_hal_rtc_ex.o"
arm-none-eabi-gcc "C:/Users/tt/STM32Cube/Repository/STM32Cube_FW_F4_V1.27.1/Drivers/STM32F4xx_HAL_Driver/Src/stm32f4xx_hal_sram.c" -mcpu=cortex-m4 -std=gnu11 -g3 -DUSE_HAL_DRIVER -DSTM32F446xx -DUSE_STM32F4XX_NUCLEO -DHSE_BYPASS -c -I../../../Inc -I../../../../../../../../Drivers/CMSIS/Device/ST/STM32F4xx/Include -I../../../../../../../../Drivers/STM32F4xx_HAL_Driver/Inc -I../../../../../../../../Drivers/BSP/STM32F4xx-Nucleo -I../../../../../../../../Utilities/Log -I../../../../../../../../Utilities/CPU -I../../../../../../../../Drivers/CMSIS/Include -Os -ffunction-sections -Wall -fstack-usage -MMD -MP -MF"Drivers/STM32F4xx_HAL_Driver/stm32f4xx_hal_sram.d" -MT"Drivers/STM32F4xx_HAL_Driver/stm32f4xx_hal_sram.o" --specs=nano.specs -mfpu=fpv4-sp-d16 -mfloat-abi=hard -mthumb -o "Drivers/STM32F4xx_HAL_Driver/stm32f4xx_hal_sram.o"
arm-none-eabi-gcc "C:/Users/tt/STM32Cube/Repository/STM32Cube_FW_F4_V1.27.1/Drivers/STM32F4xx_HAL_Driver/Src/stm32f4xx_hal_uart.c" -mcpu=cortex-m4 -std=gnu11 -g3 -DUSE_HAL_DRIVER -DSTM32F446xx -DUSE_STM32F4XX_NUCLEO -DHSE_BYPASS -c -I../../../Inc -I../../../../../../../../Drivers/CMSIS/Device/ST/STM32F4xx/Include -I../../../../../../../../Drivers/STM32F4xx_HAL_Driver/Inc -I../../../../../../../../Drivers/BSP/STM32F4xx-Nucleo -I../../../../../../../../Utilities/Log -I../../../../../../../../Utilities/CPU -I../../../../../../../../Drivers/CMSIS/Include -Os -ffunction-sections -Wall -fstack-usage -MMD -MP -MF"Drivers/STM32F4xx_HAL_Driver/stm32f4xx_hal_uart.d" -MT"Drivers/STM32F4xx_HAL_Driver/stm32f4xx_hal_uart.o" --specs=nano.specs -mfpu=fpv4-sp-d16 -mfloat-abi=hard -mthumb -o "Drivers/STM32F4xx_HAL_Driver/stm32f4xx_hal_uart.o"
arm-none-eabi-gcc "C:/Users/tt/STM32Cube/Repository/STM32Cube_FW_F4_V1.27.1/Drivers/STM32F4xx_HAL_Driver/Src/stm32f4xx_ll_fmc.c" -mcpu=cortex-m4 -std=gnu11 -g3 -DUSE_HAL_DRIVER -DSTM32F446xx -DUSE_STM32F4XX_NUCLEO -DHSE_BYPASS -c -I../../../Inc -I../../../../../../../../Drivers/CMSIS/Device/ST/STM32F4xx/Include -I../../../../../../../../Drivers/STM32F4xx_HAL_Driver/Inc -I../../../../../../../../Drivers/BSP/STM32F4xx-Nucleo -I../../../../../../../../Utilities/Log -I../../../../../../../../Utilities/CPU -I../../../../../../../../Drivers/CMSIS/Include -Os -ffunction-sections -Wall -fstack-usage -MMD -MP -MF"Drivers/STM32F4xx_HAL_Driver/stm32f4xx_ll_fmc.d" -MT"Drivers/STM32F4xx_HAL_Driver/stm32f4xx_ll_fmc.o" --specs=nano.specs -mfpu=fpv4-sp-d16 -mfloat-abi=hard -mthumb -o "Drivers/STM32F4xx_HAL_Driver/stm32f4xx_ll_fmc.o"
arm-none-eabi-gcc "C:/Users/tt/STM32Cube/Repository/STM32Cube_FW_F4_V1.27.1/Projects/STM32446E-Nucleo/Examples/HAL/HAL_TimeBase_RTC_WKUP/Src/system_stm32f4xx.c" -mcpu=cortex-m4 -std=gnu11 -g3 -DUSE_HAL_DRIVER -DSTM32F446xx -DUSE_STM32F4XX_NUCLEO -DHSE_BYPASS -c -I../../../Inc -I../../../../../../../../Drivers/CMSIS/Device/ST/STM32F4xx/Include -I../../../../../../../../Drivers/STM32F4xx_HAL_Driver/Inc -I../../../../../../../../Drivers/BSP/STM32F4xx-Nucleo -I../../../../../../../../Utilities/Log -I../../../../../../../../Utilities/CPU -I../../../../../../../../Drivers/CMSIS/Include -Os -ffunction-sections -Wall -fstack-usage -MMD -MP -MF"Drivers/CMSIS/system_stm32f4xx.d" -MT"Drivers/CMSIS/system_stm32f4xx.o" --specs=nano.specs -mfpu=fpv4-sp-d16 -mfloat-abi=hard -mthumb -o "Drivers/CMSIS/system_stm32f4xx.o"
arm-none-eabi-gcc "C:/Users/tt/STM32Cube/Repository/STM32Cube_FW_F4_V1.27.1/Drivers/BSP/STM32F4xx-Nucleo/stm32f4xx_nucleo.c" -mcpu=cortex-m4 -std=gnu11 -g3 -DUSE_HAL_DRIVER -DSTM32F446xx -DUSE_STM32F4XX_NUCLEO -DHSE_BYPASS -c -I../../../Inc -I../../../../../../../../Drivers/CMSIS/Device/ST/STM32F4xx/Include -I../../../../../../../../Drivers/STM32F4xx_HAL_Driver/Inc -I../../../../../../../../Drivers/BSP/STM32F4xx-Nucleo -I../../../../../../../../Utilities/Log -I../../../../../../../../Utilities/CPU -I../../../../../../../../Drivers/CMSIS/Include -Os -ffunction-sections -Wall -fstack-usage -MMD -MP -MF"Drivers/BSP/STM32F4xx-Nucleo/stm32f4xx_nucleo.d" -MT"Drivers/BSP/STM32F4xx-Nucleo/stm32f4xx_nucleo.o" --specs=nano.specs -mfpu=fpv4-sp-d16 -mfloat-abi=hard -mthumb -o "Drivers/BSP/STM32F4xx-Nucleo/stm32f4xx_nucleo.o"
arm-none-eabi-gcc -o "STM32F446-Nucleo.elf" @"objects.list"   -mcpu=cortex-m4 -T"../STM32F446RETx_FLASH.ld" --specs=nosys.specs -Wl,-Map="STM32F446-Nucleo.map" -Wl,--gc-sections -static --specs=nano.specs -mfpu=fpv4-sp-d16 -mfloat-abi=hard -mthumb -Wl,--start-group -lc -lm -Wl,--end-group
Finished building target: STM32F446-Nucleo.elf
 
arm-none-eabi-size   STM32F446-Nucleo.elf 
arm-none-eabi-objdump -h -S  STM32F446-Nucleo.elf  > "STM32F446-Nucleo.list"
arm-none-eabi-objcopy  -O binary  STM32F446-Nucleo.elf  "STM32F446-Nucleo.bin"
   text	   data	    bss	    dec	    hex	filename
   6016	     28	   1604	   7648	   1de0	STM32F446-Nucleo.elf
Finished building: default.size.stdout
 
Finished building: STM32F446-Nucleo.bin
 
Finished building: STM32F446-Nucleo.list
 
11:29:54 **** Build of configuration Debug for project STM32F4xx-Nucleo ****
make -j12 all 
arm-none-eabi-gcc "C:/Users/tt/STM32Cube/Repository/STM32Cube_FW_F4_V1.27.1/Projects/STM32446E-Nucleo/Examples/RTC/RTC_Calendar/Src/main.c" -mcpu=cortex-m4 -std=gnu11 -g3 -DUSE_HAL_DRIVER -DUSE_STM32F4XX_NUCLEO -DUSE_IOEXPANDER -DSTM32F446xx -c -I../../../Inc -I../../../../../../../../Drivers/CMSIS/Device/ST/STM32F4xx/Include -I../../../../../../../../Drivers/STM32F4xx_HAL_Driver/Inc -I../../../../../../../../Drivers/BSP/Components -I../../../../../../../../Drivers/BSP/STM32F4xx-Nucleo -I../../../../../../../../Drivers/BSP/Components/Common -I../../../../../../../../Utilities/Log -I../../../../../../../../Utilities/Fonts -I../../../../../../../../Utilities/CPU -I../../../../../../../../Drivers/CMSIS/Include -Os -ffunction-sections -Wall -fstack-usage -MMD -MP -MF"Example/User/main.d" -MT"Example/User/main.o" --specs=nano.specs -mfpu=fpv4-sp-d16 -mfloat-abi=hard -mthumb -o "Example/User/main.o"
[...]
arm-none-eabi-gcc "../Drivers/STM32F4xx_HAL_Driver/Src/stm32f4xx_hal_tim_ex.c" -mcpu=cortex-m4 -std=gnu11 -g3 -DDEBUG -DUSE_HAL_DRIVER -DSTM32F446xx -c -I../Core/Inc -I../Drivers/STM32F4xx_HAL_Driver/Inc -I../Drivers/STM32F4xx_HAL_Driver/Inc/Legacy -I../Drivers/CMSIS/Device/ST/STM32F4xx/Include -I../Drivers/CMSIS/Include -O0 -ffunction-sections -fdata-sections -Wall -fstack-usage -MMD -MP -MF"Drivers/STM32F4xx_HAL_Driver/Src/stm32f4xx_hal_tim_ex.d" -MT"Drivers/STM32F4xx_HAL_Driver/Src/stm32f4xx_hal_tim_ex.o" --specs=nano.specs -mfpu=fpv4-sp-d16 -mfloat-abi=hard -mthumb -o "Drivers/STM32F4xx_HAL_Driver/Src/stm32f4xx_hal_tim_ex.o"
arm-none-eabi-gcc "../Drivers/STM32F4xx_HAL_Driver/Src/stm32f4xx_hal_uart.c" -mcpu=cortex-m4 -std=gnu11 -g3 -DDEBUG -DUSE_HAL_DRIVER -DSTM32F446xx -c -I../Core/Inc -I../Drivers/STM32F4xx_HAL_Driver/Inc -I../Drivers/STM32F4xx_HAL_Driver/Inc/Legacy -I../Drivers/CMSIS/Device/ST/STM32F4xx/Include -I../Drivers/CMSIS/Include -O0 -ffunction-sections -fdata-sections -Wall -fstack-usage -MMD -MP -MF"Drivers/STM32F4xx_HAL_Driver/Src/stm32f4xx_hal_uart.d" -MT"Drivers/STM32F4xx_HAL_Driver/Src/stm32f4xx_hal_uart.o" --specs=nano.specs -mfpu=fpv4-sp-d16 -mfloat-abi=hard -mthumb -o "Drivers/STM32F4xx_HAL_Driver/Src/stm32f4xx_hal_uart.o"
arm-none-eabi-gcc "../Core/Src/main.c" -mcpu=cortex-m4 -std=gnu11 -g3 -DDEBUG -DUSE_HAL_DRIVER -DSTM32F446xx -c -I../Core/Inc -I../Drivers/STM32F4xx_HAL_Driver/Inc -I../Drivers/STM32F4xx_HAL_Driver/Inc/Legacy -I../Drivers/CMSIS/Device/ST/STM32F4xx/Include -I../Drivers/CMSIS/Include -O0 -ffunction-sections -fdata-sections -Wall -fstack-usage -MMD -MP -MF"Core/Src/main.d" -MT"Core/Src/main.o" --specs=nano.specs -mfpu=fpv4-sp-d16 -mfloat-abi=hard -mthumb -o "Core/Src/main.o"
arm-none-eabi-gcc "../Core/Src/stm32f4xx_hal_msp.c" -mcpu=cortex-m4 -std=gnu11 -g3 -DDEBUG -DUSE_HAL_DRIVER -DSTM32F446xx -c -I../Core/Inc -I../Drivers/STM32F4xx_HAL_Driver/Inc -I../Drivers/STM32F4xx_HAL_Driver/Inc/Legacy -I../Drivers/CMSIS/Device/ST/STM32F4xx/Include -I../Drivers/CMSIS/Include -O0 -ffunction-sections -fdata-sections -Wall -fstack-usage -MMD -MP -MF"Core/Src/stm32f4xx_hal_msp.d" -MT"Core/Src/stm32f4xx_hal_msp.o" --specs=nano.specs -mfpu=fpv4-sp-d16 -mfloat-abi=hard -mthumb -o "Core/Src/stm32f4xx_hal_msp.o"
arm-none-eabi-gcc "../Core/Src/stm32f4xx_it.c" -mcpu=cortex-m4 -std=gnu11 -g3 -DDEBUG -DUSE_HAL_DRIVER -DSTM32F446xx -c -I../Core/Inc -I../Drivers/STM32F4xx_HAL_Driver/Inc -I../Drivers/STM32F4xx_HAL_Driver/Inc/Legacy -I../Drivers/CMSIS/Device/ST/STM32F4xx/Include -I../Drivers/CMSIS/Include -O0 -ffunction-sections -fdata-sections -Wall -fstack-usage -MMD -MP -MF"Core/Src/stm32f4xx_it.d" -MT"Core/Src/stm32f4xx_it.o" --specs=nano.specs -mfpu=fpv4-sp-d16 -mfloat-abi=hard -mthumb -o "Core/Src/stm32f4xx_it.o"
arm-none-eabi-gcc "../Core/Src/system_stm32f4xx.c" -mcpu=cortex-m4 -std=gnu11 -g3 -DDEBUG -DUSE_HAL_DRIVER -DSTM32F446xx -c -I../Core/Inc -I../Drivers/STM32F4xx_HAL_Driver/Inc -I../Drivers/STM32F4xx_HAL_Driver/Inc/Legacy -I../Drivers/CMSIS/Device/ST/STM32F4xx/Include -I../Drivers/CMSIS/Include -O0 -ffunction-sections -fdata-sections -Wall -fstack-usage -MMD -MP -MF"Core/Src/system_stm32f4xx.d" -MT"Core/Src/system_stm32f4xx.o" --specs=nano.specs -mfpu=fpv4-sp-d16 -mfloat-abi=hard -mthumb -o "Core/Src/system_stm32f4xx.o"
arm-none-eabi-gcc -o "004UART.elf" @"objects.list"   -mcpu=cortex-m4 -T"C:\Users\tt\STM32CubeIDE\workspace_1.9.0\004UART\STM32F446RETX_FLASH.ld" --specs=nosys.specs -Wl,-Map="004UART.map" -Wl,--gc-sections -static --specs=nano.specs -mfpu=fpv4-sp-d16 -mfloat-abi=hard -mthumb -Wl,--start-group -lc -lm -Wl,--end-group
Finished building target: 004UART.elf
 
arm-none-eabi-size   004UART.elf 
arm-none-eabi-objdump -h -S  004UART.elf  > "004UART.list"
   text	   data	    bss	    dec	    hex	filename
  11740	     20	   1636	  13396	   3454	004UART.elf
Finished building: default.size.stdout
 
Finished building: 004UART.list
 
12:28:58 **** Incremental Build of configuration Debug for project 004UART ****
make -j12 all 
arm-none-eabi-gcc "../Core/Src/main.c" -mcpu=cortex-m4 -std=gnu11 -g3 -DDEBUG -DUSE_HAL_DRIVER -DSTM32F446xx -c -I../Core/Inc -I../Drivers/STM32F4xx_HAL_Driver/Inc -I../Drivers/STM32F4xx_HAL_Driver/Inc/Legacy -I../Drivers/CMSIS/Device/ST/STM32F4xx/Include -I../Drivers/CMSIS/Include -O0 -ffunction-sections -fdata-sections -Wall -fstack-usage -MMD -MP -MF"Core/Src/main.d" -MT"Core/Src/main.o" --specs=nano.specs -mfpu=fpv4-sp-d16 -mfloat-abi=hard -mthumb -o "Core/Src/main.o"
../Core/Src/main.c: In function 'main':
../Core/Src/main.c:122:35: warning: passing argument 2 of 'HAL_UART_Transmit_IT' makes pointer from integer without a cast [-Wint-conversion]
  122 |     HAL_UART_Transmit_IT(&huart2, res, data_size);
      |                                   ^~~
      |                                   |
      |                                   uint8_t {aka unsigned char}
In file included from ../Core/Inc/stm32f4xx_hal_conf.h:407,
                 from ../Drivers/STM32F4xx_HAL_Driver/Inc/stm32f4xx_hal.h:29,
                 from ../Core/Inc/main.h:30,
                 from ../Core/Src/main.c:20:
../Drivers/STM32F4xx_HAL_Driver/Inc/stm32f4xx_hal_uart.h:724:82: note: expected 'const uint8_t *' {aka 'const unsigned char *'} but argument is of type 'uint8_t' {aka 'unsigned char'}
  724 | HAL_StatusTypeDef HAL_UART_Transmit_IT(UART_HandleTypeDef *huart, const uint8_t *pData, uint16_t Size);
      |                                                                   ~~~~~~~~~~~~~~~^~~~~
arm-none-eabi-gcc -o "004UART.elf" @"objects.list"   -mcpu=cortex-m4 -T"C:\Users\tt\STM32CubeIDE\workspace_1.9.0\004UART\STM32F446RETX_FLASH.ld" --specs=nosys.specs -Wl,-Map="004UART.map" -Wl,--gc-sections -static --specs=nano.specs -mfpu=fpv4-sp-d16 -mfloat-abi=hard -mthumb -Wl,--start-group -lc -lm -Wl,--end-group
Finished building target: 004UART.elf
 
arm-none-eabi-size   004UART.elf 
arm-none-eabi-objdump -h -S  004UART.elf  > "004UART.list"
   text	   data	    bss	    dec	    hex	filename
  11744	     20	   1636	  13400	   3458	004UART.elf
Finished building: default.size.stdout
 
Finished building: 004UART.list
 
12:29:18 **** Incremental Build of configuration Debug for project 004UART ****
make -j12 all 
arm-none-eabi-gcc "../Core/Src/main.c" -mcpu=cortex-m4 -std=gnu11 -g3 -DDEBUG -DUSE_HAL_DRIVER -DSTM32F446xx -c -I../Core/Inc -I../Drivers/STM32F4xx_HAL_Driver/Inc -I../Drivers/STM32F4xx_HAL_Driver/Inc/Legacy -I../Drivers/CMSIS/Device/ST/STM32F4xx/Include -I../Drivers/CMSIS/Include -O0 -ffunction-sections -fdata-sections -Wall -fstack-usage -MMD -MP -MF"Core/Src/main.d" -MT"Core/Src/main.o" --specs=nano.specs -mfpu=fpv4-sp-d16 -mfloat-abi=hard -mthumb -o "Core/Src/main.o"
arm-none-eabi-gcc -o "004UART.elf" @"objects.list"   -mcpu=cortex-m4 -T"C:\Users\tt\STM32CubeIDE\workspace_1.9.0\004UART\STM32F446RETX_FLASH.ld" --specs=nosys.specs -Wl,-Map="004UART.map" -Wl,--gc-sections -static --specs=nano.specs -mfpu=fpv4-sp-d16 -mfloat-abi=hard -mthumb -Wl,--start-group -lc -lm -Wl,--end-group
Finished building target: 004UART.elf
 
arm-none-eabi-size   004UART.elf 
arm-none-eabi-objdump -h -S  004UART.elf  > "004UART.list"
   text	   data	    bss	    dec	    hex	filename
  11740	     20	   1636	  13396	   3454	004UART.elf
Finished building: default.size.stdout
 
Finished building: 004UART.list
 
12:33:49 **** Incremental Build of configuration Debug for project 004UART ****
make -j12 all 
arm-none-eabi-size   004UART.elf 
   text	   data	    bss	    dec	    hex	filename
  11740	     20	   1636	  13396	   3454	004UART.elf
Finished building: default.size.stdout
 
12:35:28 **** Incremental Build of configuration Debug for project 004UART ****
make -j12 all 
arm-none-eabi-gcc "../Core/Src/main.c" -mcpu=cortex-m4 -std=gnu11 -g3 -DDEBUG -DUSE_HAL_DRIVER -DSTM32F446xx -c -I../Core/Inc -I../Drivers/STM32F4xx_HAL_Driver/Inc -I../Drivers/STM32F4xx_HAL_Driver/Inc/Legacy -I../Drivers/CMSIS/Device/ST/STM32F4xx/Include -I../Drivers/CMSIS/Include -O0 -ffunction-sections -fdata-sections -Wall -fstack-usage -MMD -MP -MF"Core/Src/main.d" -MT"Core/Src/main.o" --specs=nano.specs -mfpu=fpv4-sp-d16 -mfloat-abi=hard -mthumb -o "Core/Src/main.o"
arm-none-eabi-gcc -o "004UART.elf" @"objects.list"   -mcpu=cortex-m4 -T"C:\Users\tt\STM32CubeIDE\workspace_1.9.0\004UART\STM32F446RETX_FLASH.ld" --specs=nosys.specs -Wl,-Map="004UART.map" -Wl,--gc-sections -static --specs=nano.specs -mfpu=fpv4-sp-d16 -mfloat-abi=hard -mthumb -Wl,--start-group -lc -lm -Wl,--end-group
Finished building target: 004UART.elf
 
arm-none-eabi-size   004UART.elf 
arm-none-eabi-objdump -h -S  004UART.elf  > "004UART.list"
   text	   data	    bss	    dec	    hex	filename
  11740	     20	   1636	  13396	   3454	004UART.elf
Finished building: default.size.stdout
 
Finished building: 004UART.list
 
12:36:13 **** Incremental Build of configuration Debug for project 004UART ****
make -j12 all 
arm-none-eabi-gcc "../Core/Src/main.c" -mcpu=cortex-m4 -std=gnu11 -g3 -DDEBUG -DUSE_HAL_DRIVER -DSTM32F446xx -c -I../Core/Inc -I../Drivers/STM32F4xx_HAL_Driver/Inc -I../Drivers/STM32F4xx_HAL_Driver/Inc/Legacy -I../Drivers/CMSIS/Device/ST/STM32F4xx/Include -I../Drivers/CMSIS/Include -O0 -ffunction-sections -fdata-sections -Wall -fstack-usage -MMD -MP -MF"Core/Src/main.d" -MT"Core/Src/main.o" --specs=nano.specs -mfpu=fpv4-sp-d16 -mfloat-abi=hard -mthumb -o "Core/Src/main.o"
arm-none-eabi-gcc -o "004UART.elf" @"objects.list"   -mcpu=cortex-m4 -T"C:\Users\tt\STM32CubeIDE\workspace_1.9.0\004UART\STM32F446RETX_FLASH.ld" --specs=nosys.specs -Wl,-Map="004UART.map" -Wl,--gc-sections -static --specs=nano.specs -mfpu=fpv4-sp-d16 -mfloat-abi=hard -mthumb -Wl,--start-group -lc -lm -Wl,--end-group
Finished building target: 004UART.elf
 
arm-none-eabi-size   004UART.elf 
arm-none-eabi-objdump -h -S  004UART.elf  > "004UART.list"
   text	   data	    bss	    dec	    hex	filename
  11740	     20	   1636	  13396	   3454	004UART.elf
Finished building: default.size.stdout
 
Finished building: 004UART.list
 
12:40:26 **** Incremental Build of configuration Debug for project 004UART ****
make -j12 all 
arm-none-eabi-gcc "../Core/Src/auxiliary.c" -mcpu=cortex-m4 -std=gnu11 -g3 -DDEBUG -DUSE_HAL_DRIVER -DSTM32F446xx -c -I../Core/Inc -I../Drivers/STM32F4xx_HAL_Driver/Inc -I../Drivers/STM32F4xx_HAL_Driver/Inc/Legacy -I../Drivers/CMSIS/Device/ST/STM32F4xx/Include -I../Drivers/CMSIS/Include -O0 -ffunction-sections -fdata-sections -Wall -fstack-usage -MMD -MP -MF"Core/Src/auxiliary.d" -MT"Core/Src/auxiliary.o" --specs=nano.specs -mfpu=fpv4-sp-d16 -mfloat-abi=hard -mthumb -o "Core/Src/auxiliary.o"
../Core/Src/auxiliary.c: In function 'data_interpretation':
../Core/Src/auxiliary.c:25:24: warning: pointer targets in initialization of 'const uint8_t *' {aka 'const unsigned char *'} from 'char *' differ in signedness [-Wpointer-sign]
   25 |  const uint8_t *ALON = "ALON",
      |                        ^~~~~~
../Core/Src/auxiliary.c:26:12: warning: pointer targets in initialization of 'const uint8_t *' {aka 'const unsigned char *'} from 'char *' differ in signedness [-Wpointer-sign]
   26 |    *ALOF = "ALOF";
      |            ^~~~~~
arm-none-eabi-gcc -o "004UART.elf" @"objects.list"   -mcpu=cortex-m4 -T"C:\Users\tt\STM32CubeIDE\workspace_1.9.0\004UART\STM32F446RETX_FLASH.ld" --specs=nosys.specs -Wl,-Map="004UART.map" -Wl,--gc-sections -static --specs=nano.specs -mfpu=fpv4-sp-d16 -mfloat-abi=hard -mthumb -Wl,--start-group -lc -lm -Wl,--end-group
Finished building target: 004UART.elf
 
arm-none-eabi-size   004UART.elf 
arm-none-eabi-objdump -h -S  004UART.elf  > "004UART.list"
   text	   data	    bss	    dec	    hex	filename
  11740	     20	   1636	  13396	   3454	004UART.elf
Finished building: default.size.stdout
 
Finished building: 004UART.list
 
12:42:30 **** Incremental Build of configuration Debug for project 004UART ****
make -j12 all 
arm-none-eabi-gcc "../Core/Src/auxiliary.c" -mcpu=cortex-m4 -std=gnu11 -g3 -DDEBUG -DUSE_HAL_DRIVER -DSTM32F446xx -c -I../Core/Inc -I../Drivers/STM32F4xx_HAL_Driver/Inc -I../Drivers/STM32F4xx_HAL_Driver/Inc/Legacy -I../Drivers/CMSIS/Device/ST/STM32F4xx/Include -I../Drivers/CMSIS/Include -O0 -ffunction-sections -fdata-sections -Wall -fstack-usage -MMD -MP -MF"Core/Src/auxiliary.d" -MT"Core/Src/auxiliary.o" --specs=nano.specs -mfpu=fpv4-sp-d16 -mfloat-abi=hard -mthumb -o "Core/Src/auxiliary.o"
../Core/Src/auxiliary.c: In function 'data_interpretation':
../Core/Src/auxiliary.c:25:24: warning: pointer targets in initialization of 'const uint8_t *' {aka 'const unsigned char *'} from 'char *' differ in signedness [-Wpointer-sign]
   25 |  const uint8_t *ALON = "ALON",
      |                        ^~~~~~
../Core/Src/auxiliary.c:26:12: warning: pointer targets in initialization of 'const uint8_t *' {aka 'const unsigned char *'} from 'char *' differ in signedness [-Wpointer-sign]
   26 |    *ALOF = "ALOF";
      |            ^~~~~~
arm-none-eabi-gcc -o "004UART.elf" @"objects.list"   -mcpu=cortex-m4 -T"C:\Users\tt\STM32CubeIDE\workspace_1.9.0\004UART\STM32F446RETX_FLASH.ld" --specs=nosys.specs -Wl,-Map="004UART.map" -Wl,--gc-sections -static --specs=nano.specs -mfpu=fpv4-sp-d16 -mfloat-abi=hard -mthumb -Wl,--start-group -lc -lm -Wl,--end-group
Finished building target: 004UART.elf
 
arm-none-eabi-size   004UART.elf 
arm-none-eabi-objdump -h -S  004UART.elf  > "004UART.list"
   text	   data	    bss	    dec	    hex	filename
  11740	     20	   1636	  13396	   3454	004UART.elf
Finished building: default.size.stdout
 
Finished building: 004UART.list
 
12:42:45 **** Incremental Build of configuration Debug for project 004UART ****
make -j12 all 
arm-none-eabi-gcc "../Core/Src/auxiliary.c" -mcpu=cortex-m4 -std=gnu11 -g3 -DDEBUG -DUSE_HAL_DRIVER -DSTM32F446xx -c -I../Core/Inc -I../Drivers/STM32F4xx_HAL_Driver/Inc -I../Drivers/STM32F4xx_HAL_Driver/Inc/Legacy -I../Drivers/CMSIS/Device/ST/STM32F4xx/Include -I../Drivers/CMSIS/Include -O0 -ffunction-sections -fdata-sections -Wall -fstack-usage -MMD -MP -MF"Core/Src/auxiliary.d" -MT"Core/Src/auxiliary.o" --specs=nano.specs -mfpu=fpv4-sp-d16 -mfloat-abi=hard -mthumb -o "Core/Src/auxiliary.o"
../Core/Src/auxiliary.c: In function 'data_interpretation':
../Core/Src/auxiliary.c:24:1: error: 'O' undeclared (first use in this function)
   24 | O
      | ^
../Core/Src/auxiliary.c:24:1: note: each undeclared identifier is reported only once for each function it appears in
../Core/Src/auxiliary.c:24:2: error: expected ';' before 'const'
   24 | O
      |  ^
      |  ;
   25 |  const uint8_t *ALON = "ALON",
      |  ~~~~~
../Core/Src/auxiliary.c:27:20: error: 'ALON' undeclared (first use in this function)
   27 |   if (memcmp(data, ALON, size) == 0) return 2;
      |                    ^~~~
../Core/Src/auxiliary.c:28:20: error: 'ALOF' undeclared (first use in this function)
   28 |   if (memcmp(data, ALOF, size) == 0) return 1;
      |                    ^~~~
make: *** [Core/Src/subdir.mk:37: Core/Src/auxiliary.o] Error 1
"make -j12 all" terminated with exit code 2. Build might be incomplete.
12:43:04 **** Incremental Build of configuration Debug for project 004UART ****
make -j12 all 
arm-none-eabi-gcc "../Core/Src/auxiliary.c" -mcpu=cortex-m4 -std=gnu11 -g3 -DDEBUG -DUSE_HAL_DRIVER -DSTM32F446xx -c -I../Core/Inc -I../Drivers/STM32F4xx_HAL_Driver/Inc -I../Drivers/STM32F4xx_HAL_Driver/Inc/Legacy -I../Drivers/CMSIS/Device/ST/STM32F4xx/Include -I../Drivers/CMSIS/Include -O0 -ffunction-sections -fdata-sections -Wall -fstack-usage -MMD -MP -MF"Core/Src/auxiliary.d" -MT"Core/Src/auxiliary.o" --specs=nano.specs -mfpu=fpv4-sp-d16 -mfloat-abi=hard -mthumb -o "Core/Src/auxiliary.o"
../Core/Src/auxiliary.c: In function 'data_interpretation':
../Core/Src/auxiliary.c:24:1: error: 'O' undeclared (first use in this function)
   24 | O;
      | ^
../Core/Src/auxiliary.c:24:1: note: each undeclared identifier is reported only once for each function it appears in
../Core/Src/auxiliary.c:25:24: warning: pointer targets in initialization of 'const uint8_t *' {aka 'const unsigned char *'} from 'char *' differ in signedness [-Wpointer-sign]
   25 |  const uint8_t *ALON = "ALON",
      |                        ^~~~~~
../Core/Src/auxiliary.c:26:12: warning: pointer targets in initialization of 'const uint8_t *' {aka 'const unsigned char *'} from 'char *' differ in signedness [-Wpointer-sign]
   26 |    *ALOF = "ALOF";
      |            ^~~~~~
make: *** [Core/Src/subdir.mk:37: Core/Src/auxiliary.o] Error 1
"make -j12 all" terminated with exit code 2. Build might be incomplete.
12:44:43 **** Incremental Build of configuration Debug for project 004UART ****
make -j12 all 
arm-none-eabi-gcc "../Core/Src/auxiliary.c" -mcpu=cortex-m4 -std=gnu11 -g3 -DDEBUG -DUSE_HAL_DRIVER -DSTM32F446xx -c -I../Core/Inc -I../Drivers/STM32F4xx_HAL_Driver/Inc -I../Drivers/STM32F4xx_HAL_Driver/Inc/Legacy -I../Drivers/CMSIS/Device/ST/STM32F4xx/Include -I../Drivers/CMSIS/Include -O0 -ffunction-sections -fdata-sections -Wall -fstack-usage -MMD -MP -MF"Core/Src/auxiliary.d" -MT"Core/Src/auxiliary.o" --specs=nano.specs -mfpu=fpv4-sp-d16 -mfloat-abi=hard -mthumb -o "Core/Src/auxiliary.o"
arm-none-eabi-gcc -o "004UART.elf" @"objects.list"   -mcpu=cortex-m4 -T"C:\Users\tt\STM32CubeIDE\workspace_1.9.0\004UART\STM32F446RETX_FLASH.ld" --specs=nosys.specs -Wl,-Map="004UART.map" -Wl,--gc-sections -static --specs=nano.specs -mfpu=fpv4-sp-d16 -mfloat-abi=hard -mthumb -Wl,--start-group -lc -lm -Wl,--end-group
Finished building target: 004UART.elf
 
arm-none-eabi-size   004UART.elf 
arm-none-eabi-objdump -h -S  004UART.elf  > "004UART.list"
   text	   data	    bss	    dec	    hex	filename
  11740	     20	   1636	  13396	   3454	004UART.elf
Finished building: default.size.stdout
 
Finished building: 004UART.list
 
12:51:12 **** Incremental Build of configuration Debug for project 004UART ****
make -j12 all 
arm-none-eabi-gcc "../Core/Src/auxiliary.c" -mcpu=cortex-m4 -std=gnu11 -g3 -DDEBUG -DUSE_HAL_DRIVER -DSTM32F446xx -c -I../Core/Inc -I../Drivers/STM32F4xx_HAL_Driver/Inc -I../Drivers/STM32F4xx_HAL_Driver/Inc/Legacy -I../Drivers/CMSIS/Device/ST/STM32F4xx/Include -I../Drivers/CMSIS/Include -O0 -ffunction-sections -fdata-sections -Wall -fstack-usage -MMD -MP -MF"Core/Src/auxiliary.d" -MT"Core/Src/auxiliary.o" --specs=nano.specs -mfpu=fpv4-sp-d16 -mfloat-abi=hard -mthumb -o "Core/Src/auxiliary.o"
arm-none-eabi-gcc "../Core/Src/main.c" -mcpu=cortex-m4 -std=gnu11 -g3 -DDEBUG -DUSE_HAL_DRIVER -DSTM32F446xx -c -I../Core/Inc -I../Drivers/STM32F4xx_HAL_Driver/Inc -I../Drivers/STM32F4xx_HAL_Driver/Inc/Legacy -I../Drivers/CMSIS/Device/ST/STM32F4xx/Include -I../Drivers/CMSIS/Include -O0 -ffunction-sections -fdata-sections -Wall -fstack-usage -MMD -MP -MF"Core/Src/main.d" -MT"Core/Src/main.o" --specs=nano.specs -mfpu=fpv4-sp-d16 -mfloat-abi=hard -mthumb -o "Core/Src/main.o"
../Core/Src/auxiliary.c: In function 'data_interpretation':
../Core/Src/auxiliary.c:20:5: warning: unused variable 'PING' [-Wunused-variable]
   20 |    *PING = (uint8_t *)"PING",
      |     ^~~~
../Core/Src/auxiliary.c:19:5: warning: unused variable 'DATA' [-Wunused-variable]
   19 |    *DATA = (uint8_t *)"DATA",
      |     ^~~~
arm-none-eabi-gcc -o "004UART.elf" @"objects.list"   -mcpu=cortex-m4 -T"C:\Users\tt\STM32CubeIDE\workspace_1.9.0\004UART\STM32F446RETX_FLASH.ld" --specs=nosys.specs -Wl,-Map="004UART.map" -Wl,--gc-sections -static --specs=nano.specs -mfpu=fpv4-sp-d16 -mfloat-abi=hard -mthumb -Wl,--start-group -lc -lm -Wl,--end-group
Finished building target: 004UART.elf
 
arm-none-eabi-size   004UART.elf 
arm-none-eabi-objdump -h -S  004UART.elf  > "004UART.list"
   text	   data	    bss	    dec	    hex	filename
  11848	     20	   1636	  13504	   34c0	004UART.elf
Finished building: default.size.stdout
 
Finished building: 004UART.list
 
