11:29:45 **** Build of configuration Debug for project NUCLEO-F446RE ****
make -j12 all 
arm-none-eabi-gcc "C:/Users/tt/STM32Cube/Repository/STM32Cube_FW_F4_V1.27.1/Projects/STM32446E-Nucleo/Templates_LL/Src/main.c" -mcpu=cortex-m4 -std=gnu11 -g3 -DSTM32F446xx -DUSE_FULL_LL_DRIVER -DHSE_VALUE=8000000U -c -I../../../Inc -I../../../../../../Drivers/CMSIS/Device/ST/STM32F4xx/Include -I../../../../../../Drivers/STM32F4xx_HAL_Driver/Inc -I../../../../../../Drivers/CMSIS/Include -Os -ffunction-sections -Wall -Wno-strict-aliasing -fstack-usage -MMD -MP -MF"Example/User/main.d" -MT"Example/User/main.o" --specs=nano.specs -mfpu=fpv4-sp-d16 -mfloat-abi=hard -mthumb -o "Example/User/main.o"
arm-none-eabi-gcc "C:/Users/tt/STM32Cube/Repository/STM32Cube_FW_F4_V1.27.1/Projects/STM32446E-Nucleo/Templates_LL/Src/stm32f4xx_it.c" -mcpu=cortex-m4 -std=gnu11 -g3 -DSTM32F446xx -DUSE_FULL_LL_DRIVER -DHSE_VALUE=8000000U -c -I../../../Inc -I../../../../../../Drivers/CMSIS/Device/ST/STM32F4xx/Include -I../../../../../../Drivers/STM32F4xx_HAL_Driver/Inc -I../../../../../../Drivers/CMSIS/Include -Os -ffunction-sections -Wall -Wno-strict-aliasing -fstack-usage -MMD -MP -MF"Example/User/stm32f4xx_it.d" -MT"Example/User/stm32f4xx_it.o" --specs=nano.specs -mfpu=fpv4-sp-d16 -mfloat-abi=hard -mthumb -o "Example/User/stm32f4xx_it.o"
arm-none-eabi-gcc -mcpu=cortex-m4 -g3 -c -x assembler-with-cpp -MMD -MP -MF"Example/SW4STM32/startup_stm32f446xx.d" -MT"Example/SW4STM32/startup_stm32f446xx.o" --specs=nano.specs -mfpu=fpv4-sp-d16 -mfloat-abi=hard -mthumb -o "Example/SW4STM32/startup_stm32f446xx.o" "C:/Users/tt/STM32Cube/Repository/STM32Cube_FW_F4_V1.27.1/Projects/STM32446E-Nucleo/Templates_LL/SW4STM32/startup_stm32f446xx.s"
arm-none-eabi-gcc "C:/Users/tt/STM32Cube/Repository/STM32Cube_FW_F4_V1.27.1/Drivers/STM32F4xx_HAL_Driver/Src/stm32f4xx_ll_adc.c" -mcpu=cortex-m4 -std=gnu11 -g3 -DSTM32F446xx -DUSE_FULL_LL_DRIVER -DHSE_VALUE=8000000U -c -I../../../Inc -I../../../../../../Drivers/CMSIS/Device/ST/STM32F4xx/Include -I../../../../../../Drivers/STM32F4xx_HAL_Driver/Inc -I../../../../../../Drivers/CMSIS/Include -Os -ffunction-sections -Wall -Wno-strict-aliasing -fstack-usage -MMD -MP -MF"Drivers/STM32F4xx_LL_Driver/stm32f4xx_ll_adc.d" -MT"Drivers/STM32F4xx_LL_Driver/stm32f4xx_ll_adc.o" --specs=nano.specs -mfpu=fpv4-sp-d16 -mfloat-abi=hard -mthumb -o "Drivers/STM32F4xx_LL_Driver/stm32f4xx_ll_adc.o"
arm-none-eabi-gcc "C:/Users/tt/STM32Cube/Repository/STM32Cube_FW_F4_V1.27.1/Drivers/STM32F4xx_HAL_Driver/Src/stm32f4xx_ll_crc.c" -mcpu=cortex-m4 -std=gnu11 -g3 -DSTM32F446xx -DUSE_FULL_LL_DRIVER -DHSE_VALUE=8000000U -c -I../../../Inc -I../../../../../../Drivers/CMSIS/Device/ST/STM32F4xx/Include -I../../../../../../Drivers/STM32F4xx_HAL_Driver/Inc -I../../../../../../Drivers/CMSIS/Include -Os -ffunction-sections -Wall -Wno-strict-aliasing -fstack-usage -MMD -MP -MF"Drivers/STM32F4xx_LL_Driver/stm32f4xx_ll_crc.d" -MT"Drivers/STM32F4xx_LL_Driver/stm32f4xx_ll_crc.o" --specs=nano.specs -mfpu=fpv4-sp-d16 -mfloat-abi=hard -mthumb -o "Drivers/STM32F4xx_LL_Driver/stm32f4xx_ll_crc.o"
arm-none-eabi-gcc "C:/Users/tt/STM32Cube/Repository/STM32Cube_FW_F4_V1.27.1/Drivers/STM32F4xx_HAL_Driver/Src/stm32f4xx_ll_dac.c" -mcpu=cortex-m4 -std=gnu11 -g3 -DSTM32F446xx -DUSE_FULL_LL_DRIVER -DHSE_VALUE=8000000U -c -I../../../Inc -I../../../../../../Drivers/CMSIS/Device/ST/STM32F4xx/Include -I../../../../../../Drivers/STM32F4xx_HAL_Driver/Inc -I../../../../../../Drivers/CMSIS/Include -Os -ffunction-sections -Wall -Wno-strict-aliasing -fstack-usage -MMD -MP -MF"Drivers/STM32F4xx_LL_Driver/stm32f4xx_ll_dac.d" -MT"Drivers/STM32F4xx_LL_Driver/stm32f4xx_ll_dac.o" --specs=nano.specs -mfpu=fpv4-sp-d16 -mfloat-abi=hard -mthumb -o "Drivers/STM32F4xx_LL_Driver/stm32f4xx_ll_dac.o"
arm-none-eabi-gcc "C:/Users/tt/STM32Cube/Repository/STM32Cube_FW_F4_V1.27.1/Drivers/STM32F4xx_HAL_Driver/Src/stm32f4xx_ll_dma.c" -mcpu=cortex-m4 -std=gnu11 -g3 -DSTM32F446xx -DUSE_FULL_LL_DRIVER -DHSE_VALUE=8000000U -c -I../../../Inc -I../../../../../../Drivers/CMSIS/Device/ST/STM32F4xx/Include -I../../../../../../Drivers/STM32F4xx_HAL_Driver/Inc -I../../../../../../Drivers/CMSIS/Include -Os -ffunction-sections -Wall -Wno-strict-aliasing -fstack-usage -MMD -MP -MF"Drivers/STM32F4xx_LL_Driver/stm32f4xx_ll_dma.d" -MT"Drivers/STM32F4xx_LL_Driver/stm32f4xx_ll_dma.o" --specs=nano.specs -mfpu=fpv4-sp-d16 -mfloat-abi=hard -mthumb -o "Drivers/STM32F4xx_LL_Driver/stm32f4xx_ll_dma.o"
arm-none-eabi-gcc "C:/Users/tt/STM32Cube/Repository/STM32Cube_FW_F4_V1.27.1/Drivers/STM32F4xx_HAL_Driver/Src/stm32f4xx_ll_dma2d.c" -mcpu=cortex-m4 -std=gnu11 -g3 -DSTM32F446xx -DUSE_FULL_LL_DRIVER -DHSE_VALUE=8000000U -c -I../../../Inc -I../../../../../../Drivers/CMSIS/Device/ST/STM32F4xx/Include -I../../../../../../Drivers/STM32F4xx_HAL_Driver/Inc -I../../../../../../Drivers/CMSIS/Include -Os -ffunction-sections -Wall -Wno-strict-aliasing -fstack-usage -MMD -MP -MF"Drivers/STM32F4xx_LL_Driver/stm32f4xx_ll_dma2d.d" -MT"Drivers/STM32F4xx_LL_Driver/stm32f4xx_ll_dma2d.o" --specs=nano.specs -mfpu=fpv4-sp-d16 -mfloat-abi=hard -mthumb -o "Drivers/STM32F4xx_LL_Driver/stm32f4xx_ll_dma2d.o"
arm-none-eabi-gcc "C:/Users/tt/STM32Cube/Repository/STM32Cube_FW_F4_V1.27.1/Drivers/STM32F4xx_HAL_Driver/Src/stm32f4xx_ll_exti.c" -mcpu=cortex-m4 -std=gnu11 -g3 -DSTM32F446xx -DUSE_FULL_LL_DRIVER -DHSE_VALUE=8000000U -c -I../../../Inc -I../../../../../../Drivers/CMSIS/Device/ST/STM32F4xx/Include -I../../../../../../Drivers/STM32F4xx_HAL_Driver/Inc -I../../../../../../Drivers/CMSIS/Include -Os -ffunction-sections -Wall -Wno-strict-aliasing -fstack-usage -MMD -MP -MF"Drivers/STM32F4xx_LL_Driver/stm32f4xx_ll_exti.d" -MT"Drivers/STM32F4xx_LL_Driver/stm32f4xx_ll_exti.o" --specs=nano.specs -mfpu=fpv4-sp-d16 -mfloat-abi=hard -mthumb -o "Drivers/STM32F4xx_LL_Driver/stm32f4xx_ll_exti.o"
arm-none-eabi-gcc "C:/Users/tt/STM32Cube/Repository/STM32Cube_FW_F4_V1.27.1/Drivers/STM32F4xx_HAL_Driver/Src/stm32f4xx_ll_gpio.c" -mcpu=cortex-m4 -std=gnu11 -g3 -DSTM32F446xx -DUSE_FULL_LL_DRIVER -DHSE_VALUE=8000000U -c -I../../../Inc -I../../../../../../Drivers/CMSIS/Device/ST/STM32F4xx/Include -I../../../../../../Drivers/STM32F4xx_HAL_Driver/Inc -I../../../../../../Drivers/CMSIS/Include -Os -ffunction-sections -Wall -Wno-strict-aliasing -fstack-usage -MMD -MP -MF"Drivers/STM32F4xx_LL_Driver/stm32f4xx_ll_gpio.d" -MT"Drivers/STM32F4xx_LL_Driver/stm32f4xx_ll_gpio.o" --specs=nano.specs -mfpu=fpv4-sp-d16 -mfloat-abi=hard -mthumb -o "Drivers/STM32F4xx_LL_Driver/stm32f4xx_ll_gpio.o"
arm-none-eabi-gcc "C:/Users/tt/STM32Cube/Repository/STM32Cube_FW_F4_V1.27.1/Drivers/STM32F4xx_HAL_Driver/Src/stm32f4xx_ll_i2c.c" -mcpu=cortex-m4 -std=gnu11 -g3 -DSTM32F446xx -DUSE_FULL_LL_DRIVER -DHSE_VALUE=8000000U -c -I../../../Inc -I../../../../../../Drivers/CMSIS/Device/ST/STM32F4xx/Include -I../../../../../../Drivers/STM32F4xx_HAL_Driver/Inc -I../../../../../../Drivers/CMSIS/Include -Os -ffunction-sections -Wall -Wno-strict-aliasing -fstack-usage -MMD -MP -MF"Drivers/STM32F4xx_LL_Driver/stm32f4xx_ll_i2c.d" -MT"Drivers/STM32F4xx_LL_Driver/stm32f4xx_ll_i2c.o" --specs=nano.specs -mfpu=fpv4-sp-d16 -mfloat-abi=hard -mthumb -o "Drivers/STM32F4xx_LL_Driver/stm32f4xx_ll_i2c.o"
arm-none-eabi-gcc "C:/Users/tt/STM32Cube/Repository/STM32Cube_FW_F4_V1.27.1/Drivers/STM32F4xx_HAL_Driver/Src/stm32f4xx_ll_lptim.c" -mcpu=cortex-m4 -std=gnu11 -g3 -DSTM32F446xx -DUSE_FULL_LL_DRIVER -DHSE_VALUE=8000000U -c -I../../../Inc -I../../../../../../Drivers/CMSIS/Device/ST/STM32F4xx/Include -I../../../../../../Drivers/STM32F4xx_HAL_Driver/Inc -I../../../../../../Drivers/CMSIS/Include -Os -ffunction-sections -Wall -Wno-strict-aliasing -fstack-usage -MMD -MP -MF"Drivers/STM32F4xx_LL_Driver/stm32f4xx_ll_lptim.d" -MT"Drivers/STM32F4xx_LL_Driver/stm32f4xx_ll_lptim.o" --specs=nano.specs -mfpu=fpv4-sp-d16 -mfloat-abi=hard -mthumb -o "Drivers/STM32F4xx_LL_Driver/stm32f4xx_ll_lptim.o"
arm-none-eabi-gcc "C:/Users/tt/STM32Cube/Repository/STM32Cube_FW_F4_V1.27.1/Drivers/STM32F4xx_HAL_Driver/Src/stm32f4xx_ll_pwr.c" -mcpu=cortex-m4 -std=gnu11 -g3 -DSTM32F446xx -DUSE_FULL_LL_DRIVER -DHSE_VALUE=8000000U -c -I../../../Inc -I../../../../../../Drivers/CMSIS/Device/ST/STM32F4xx/Include -I../../../../../../Drivers/STM32F4xx_HAL_Driver/Inc -I../../../../../../Drivers/CMSIS/Include -Os -ffunction-sections -Wall -Wno-strict-aliasing -fstack-usage -MMD -MP -MF"Drivers/STM32F4xx_LL_Driver/stm32f4xx_ll_pwr.d" -MT"Drivers/STM32F4xx_LL_Driver/stm32f4xx_ll_pwr.o" --specs=nano.specs -mfpu=fpv4-sp-d16 -mfloat-abi=hard -mthumb -o "Drivers/STM32F4xx_LL_Driver/stm32f4xx_ll_pwr.o"
arm-none-eabi-gcc "C:/Users/tt/STM32Cube/Repository/STM32Cube_FW_F4_V1.27.1/Drivers/STM32F4xx_HAL_Driver/Src/stm32f4xx_ll_rcc.c" -mcpu=cortex-m4 -std=gnu11 -g3 -DSTM32F446xx -DUSE_FULL_LL_DRIVER -DHSE_VALUE=8000000U -c -I../../../Inc -I../../../../../../Drivers/CMSIS/Device/ST/STM32F4xx/Include -I../../../../../../Drivers/STM32F4xx_HAL_Driver/Inc -I../../../../../../Drivers/CMSIS/Include -Os -ffunction-sections -Wall -Wno-strict-aliasing -fstack-usage -MMD -MP -MF"Drivers/STM32F4xx_LL_Driver/stm32f4xx_ll_rcc.d" -MT"Drivers/STM32F4xx_LL_Driver/stm32f4xx_ll_rcc.o" --specs=nano.specs -mfpu=fpv4-sp-d16 -mfloat-abi=hard -mthumb -o "Drivers/STM32F4xx_LL_Driver/stm32f4xx_ll_rcc.o"
arm-none-eabi-gcc "C:/Users/tt/STM32Cube/Repository/STM32Cube_FW_F4_V1.27.1/Drivers/STM32F4xx_HAL_Driver/Src/stm32f4xx_ll_rng.c" -mcpu=cortex-m4 -std=gnu11 -g3 -DSTM32F446xx -DUSE_FULL_LL_DRIVER -DHSE_VALUE=8000000U -c -I../../../Inc -I../../../../../../Drivers/CMSIS/Device/ST/STM32F4xx/Include -I../../../../../../Drivers/STM32F4xx_HAL_Driver/Inc -I../../../../../../Drivers/CMSIS/Include -Os -ffunction-sections -Wall -Wno-strict-aliasing -fstack-usage -MMD -MP -MF"Drivers/STM32F4xx_LL_Driver/stm32f4xx_ll_rng.d" -MT"Drivers/STM32F4xx_LL_Driver/stm32f4xx_ll_rng.o" --specs=nano.specs -mfpu=fpv4-sp-d16 -mfloat-abi=hard -mthumb -o "Drivers/STM32F4xx_LL_Driver/stm32f4xx_ll_rng.o"
arm-none-eabi-gcc "C:/Users/tt/STM32Cube/Repository/STM32Cube_FW_F4_V1.27.1/Drivers/STM32F4xx_HAL_Driver/Src/stm32f4xx_ll_rtc.c" -mcpu=cortex-m4 -std=gnu11 -g3 -DSTM32F446xx -DUSE_FULL_LL_DRIVER -DHSE_VALUE=8000000U -c -I../../../Inc -I../../../../../../Drivers/CMSIS/Device/ST/STM32F4xx/Include -I../../../../../../Drivers/STM32F4xx_HAL_Driver/Inc -I../../../../../../Drivers/CMSIS/Include -Os -ffunction-sections -Wall -Wno-strict-aliasing -fstack-usage -MMD -MP -MF"Drivers/STM32F4xx_LL_Driver/stm32f4xx_ll_rtc.d" -MT"Drivers/STM32F4xx_LL_Driver/stm32f4xx_ll_rtc.o" --specs=nano.specs -mfpu=fpv4-sp-d16 -mfloat-abi=hard -mthumb -o "Drivers/STM32F4xx_LL_Driver/stm32f4xx_ll_rtc.o"
arm-none-eabi-gcc "C:/Users/tt/STM32Cube/Repository/STM32Cube_FW_F4_V1.27.1/Drivers/STM32F4xx_HAL_Driver/Src/stm32f4xx_ll_spi.c" -mcpu=cortex-m4 -std=gnu11 -g3 -DSTM32F446xx -DUSE_FULL_LL_DRIVER -DHSE_VALUE=8000000U -c -I../../../Inc -I../../../../../../Drivers/CMSIS/Device/ST/STM32F4xx/Include -I../../../../../../Drivers/STM32F4xx_HAL_Driver/Inc -I../../../../../../Drivers/CMSIS/Include -Os -ffunction-sections -Wall -Wno-strict-aliasing -fstack-usage -MMD -MP -MF"Drivers/STM32F4xx_LL_Driver/stm32f4xx_ll_spi.d" -MT"Drivers/STM32F4xx_LL_Driver/stm32f4xx_ll_spi.o" --specs=nano.specs -mfpu=fpv4-sp-d16 -mfloat-abi=hard -mthumb -o "Drivers/STM32F4xx_LL_Driver/stm32f4xx_ll_spi.o"
arm-none-eabi-gcc "C:/Users/tt/STM32Cube/Repository/STM32Cube_FW_F4_V1.27.1/Drivers/STM32F4xx_HAL_Driver/Src/stm32f4xx_ll_tim.c" -mcpu=cortex-m4 -std=gnu11 -g3 -DSTM32F446xx -DUSE_FULL_LL_DRIVER -DHSE_VALUE=8000000U -c -I../../../Inc -I../../../../../../Drivers/CMSIS/Device/ST/STM32F4xx/Include -I../../../../../../Drivers/STM32F4xx_HAL_Driver/Inc -I../../../../../../Drivers/CMSIS/Include -Os -ffunction-sections -Wall -Wno-strict-aliasing -fstack-usage -MMD -MP -MF"Drivers/STM32F4xx_LL_Driver/stm32f4xx_ll_tim.d" -MT"Drivers/STM32F4xx_LL_Driver/stm32f4xx_ll_tim.o" --specs=nano.specs -mfpu=fpv4-sp-d16 -mfloat-abi=hard -mthumb -o "Drivers/STM32F4xx_LL_Driver/stm32f4xx_ll_tim.o"
arm-none-eabi-gcc "C:/Users/tt/STM32Cube/Repository/STM32Cube_FW_F4_V1.27.1/Drivers/STM32F4xx_HAL_Driver/Src/stm32f4xx_ll_usart.c" -mcpu=cortex-m4 -std=gnu11 -g3 -DSTM32F446xx -DUSE_FULL_LL_DRIVER -DHSE_VALUE=8000000U -c -I../../../Inc -I../../../../../../Drivers/CMSIS/Device/ST/STM32F4xx/Include -I../../../../../../Drivers/STM32F4xx_HAL_Driver/Inc -I../../../../../../Drivers/CMSIS/Include -Os -ffunction-sections -Wall -Wno-strict-aliasing -fstack-usage -MMD -MP -MF"Drivers/STM32F4xx_LL_Driver/stm32f4xx_ll_usart.d" -MT"Drivers/STM32F4xx_LL_Driver/stm32f4xx_ll_usart.o" --specs=nano.specs -mfpu=fpv4-sp-d16 -mfloat-abi=hard -mthumb -o "Drivers/STM32F4xx_LL_Driver/stm32f4xx_ll_usart.o"
arm-none-eabi-gcc "C:/Users/tt/STM32Cube/Repository/STM32Cube_FW_F4_V1.27.1/Drivers/STM32F4xx_HAL_Driver/Src/stm32f4xx_ll_utils.c" -mcpu=cortex-m4 -std=gnu11 -g3 -DSTM32F446xx -DUSE_FULL_LL_DRIVER -DHSE_VALUE=8000000U -c -I../../../Inc -I../../../../../../Drivers/CMSIS/Device/ST/STM32F4xx/Include -I../../../../../../Drivers/STM32F4xx_HAL_Driver/Inc -I../../../../../../Drivers/CMSIS/Include -Os -ffunction-sections -Wall -Wno-strict-aliasing -fstack-usage -MMD -MP -MF"Drivers/STM32F4xx_LL_Driver/stm32f4xx_ll_utils.d" -MT"Drivers/STM32F4xx_LL_Driver/stm32f4xx_ll_utils.o" --specs=nano.specs -mfpu=fpv4-sp-d16 -mfloat-abi=hard -mthumb -o "Drivers/STM32F4xx_LL_Driver/stm32f4xx_ll_utils.o"
arm-none-eabi-gcc "C:/Users/tt/STM32Cube/Repository/STM32Cube_FW_F4_V1.27.1/Projects/STM32446E-Nucleo/Templates_LL/Src/system_stm32f4xx.c" -mcpu=cortex-m4 -std=gnu11 -g3 -DSTM32F446xx -DUSE_FULL_LL_DRIVER -DHSE_VALUE=8000000U -c -I../../../Inc -I../../../../../../Drivers/CMSIS/Device/ST/STM32F4xx/Include -I../../../../../../Drivers/STM32F4xx_HAL_Driver/Inc -I../../../../../../Drivers/CMSIS/Include -Os -ffunction-sections -Wall -Wno-strict-aliasing -fstack-usage -MMD -MP -MF"Drivers/CMSIS/system_stm32f4xx.d" -MT"Drivers/CMSIS/system_stm32f4xx.o" --specs=nano.specs -mfpu=fpv4-sp-d16 -mfloat-abi=hard -mthumb -o "Drivers/CMSIS/system_stm32f4xx.o"
arm-none-eabi-gcc -o "NUCLEO-F446RE.elf" @"objects.list"   -mcpu=cortex-m4 -T"../STM32F446RETx_FLASH.ld" --specs=nosys.specs -Wl,-Map="NUCLEO-F446RE.map" -Wl,--gc-sections -static --specs=nano.specs -mfpu=fpv4-sp-d16 -mfloat-abi=hard -mthumb -Wl,--start-group -lc -lm -Wl,--end-group
Finished building target: NUCLEO-F446RE.elf
 
arm-none-eabi-size   NUCLEO-F446RE.elf 
arm-none-eabi-objdump -h -S  NUCLEO-F446RE.elf  > "NUCLEO-F446RE.list"
arm-none-eabi-objcopy  -O binary  NUCLEO-F446RE.elf  "NUCLEO-F446RE.bin"
   text	   data	    bss	    dec	    hex	filename
    988	     12	   1564	   2564	    a04	NUCLEO-F446RE.elf
Finished building: default.size.stdout
 
Finished building: NUCLEO-F446RE.bin
 
Finished building: NUCLEO-F446RE.list
 

11:29:47 Build Finished. 0 errors, 0 warnings. (took 1s.655ms)

