11:29:53 **** Build of configuration Debug for project STM32F446-Nucleo ****
make -j12 all 
arm-none-eabi-gcc "C:/Users/tt/STM32Cube/Repository/STM32Cube_FW_F4_V1.27.1/Projects/STM32446E-Nucleo/Examples/HAL/HAL_TimeBase_RTC_WKUP/Src/main.c" -mcpu=cortex-m4 -std=gnu11 -g3 -DUSE_HAL_DRIVER -DSTM32F446xx -DUSE_STM32F4XX_NUCLEO -DHSE_BYPASS -c -I../../../Inc -I../../../../../../../../Drivers/CMSIS/Device/ST/STM32F4xx/Include -I../../../../../../../../Drivers/STM32F4xx_HAL_Driver/Inc -I../../../../../../../../Drivers/BSP/STM32F4xx-Nucleo -I../../../../../../../../Utilities/Log -I../../../../../../../../Utilities/CPU -I../../../../../../../../Drivers/CMSIS/Include -Os -ffunction-sections -Wall -fstack-usage -MMD -MP -MF"Example/User/main.d" -MT"Example/User/main.o" --specs=nano.specs -mfpu=fpv4-sp-d16 -mfloat-abi=hard -mthumb -o "Example/User/main.o"
arm-none-eabi-gcc "C:/Users/tt/STM32Cube/Repository/STM32Cube_FW_F4_V1.27.1/Projects/STM32446E-Nucleo/Examples/HAL/HAL_TimeBase_RTC_WKUP/Src/stm32f4xx_hal_timebase_rtc_wakeup.c" -mcpu=cortex-m4 -std=gnu11 -g3 -DUSE_HAL_DRIVER -DSTM32F446xx -DUSE_STM32F4XX_NUCLEO -DHSE_BYPASS -c -I../../../Inc -I../../../../../../../../Drivers/CMSIS/Device/ST/STM32F4xx/Include -I../../../../../../../../Drivers/STM32F4xx_HAL_Driver/Inc -I../../../../../../../../Drivers/BSP/STM32F4xx-Nucleo -I../../../../../../../../Utilities/Log -I../../../../../../../../Utilities/CPU -I../../../../../../../../Drivers/CMSIS/Include -Os -ffunction-sections -Wall -fstack-usage -MMD -MP -MF"Example/User/stm32f4xx_hal_timebase_rtc_wakeup.d" -MT"Example/User/stm32f4xx_hal_timebase_rtc_wakeup.o" --specs=nano.specs -mfpu=fpv4-sp-d16 -mfloat-abi=hard -mthumb -o "Example/User/stm32f4xx_hal_timebase_rtc_wakeup.o"
arm-none-eabi-gcc "C:/Users/tt/STM32Cube/Repository/STM32Cube_FW_F4_V1.27.1/Projects/STM32446E-Nucleo/Examples/HAL/HAL_TimeBase_RTC_WKUP/Src/stm32f4xx_it.c" -mcpu=cortex-m4 -std=gnu11 -g3 -DUSE_HAL_DRIVER -DSTM32F446xx -DUSE_STM32F4XX_NUCLEO -DHSE_BYPASS -c -I../../../Inc -I../../../../../../../../Drivers/CMSIS/Device/ST/STM32F4xx/Include -I../../../../../../../../Drivers/STM32F4xx_HAL_Driver/Inc -I../../../../../../../../Drivers/BSP/STM32F4xx-Nucleo -I../../../../../../../../Utilities/Log -I../../../../../../../../Utilities/CPU -I../../../../../../../../Drivers/CMSIS/Include -Os -ffunction-sections -Wall -fstack-usage -MMD -MP -MF"Example/User/stm32f4xx_it.d" -MT"Example/User/stm32f4xx_it.o" --specs=nano.specs -mfpu=fpv4-sp-d16 -mfloat-abi=hard -mthumb -o "Example/User/stm32f4xx_it.o"
arm-none-eabi-gcc -mcpu=cortex-m4 -g3 -c -x assembler-with-cpp -MMD -MP -MF"Example/SW4STM32/startup_stm32f446xx.d" -MT"Example/SW4STM32/startup_stm32f446xx.o" --specs=nano.specs -mfpu=fpv4-sp-d16 -mfloat-abi=hard -mthumb -o "Example/SW4STM32/startup_stm32f446xx.o" "C:/Users/tt/STM32Cube/Repository/STM32Cube_FW_F4_V1.27.1/Projects/STM32446E-Nucleo/Examples/HAL/HAL_TimeBase_RTC_WKUP/SW4STM32/startup_stm32f446xx.s"
arm-none-eabi-gcc "C:/Users/tt/STM32Cube/Repository/STM32Cube_FW_F4_V1.27.1/Drivers/STM32F4xx_HAL_Driver/Src/stm32f4xx_hal.c" -mcpu=cortex-m4 -std=gnu11 -g3 -DUSE_HAL_DRIVER -DSTM32F446xx -DUSE_STM32F4XX_NUCLEO -DHSE_BYPASS -c -I../../../Inc -I../../../../../../../../Drivers/CMSIS/Device/ST/STM32F4xx/Include -I../../../../../../../../Drivers/STM32F4xx_HAL_Driver/Inc -I../../../../../../../../Drivers/BSP/STM32F4xx-Nucleo -I../../../../../../../../Utilities/Log -I../../../../../../../../Utilities/CPU -I../../../../../../../../Drivers/CMSIS/Include -Os -ffunction-sections -Wall -fstack-usage -MMD -MP -MF"Drivers/STM32F4xx_HAL_Driver/stm32f4xx_hal.d" -MT"Drivers/STM32F4xx_HAL_Driver/stm32f4xx_hal.o" --specs=nano.specs -mfpu=fpv4-sp-d16 -mfloat-abi=hard -mthumb -o "Drivers/STM32F4xx_HAL_Driver/stm32f4xx_hal.o"
arm-none-eabi-gcc "C:/Users/tt/STM32Cube/Repository/STM32Cube_FW_F4_V1.27.1/Drivers/STM32F4xx_HAL_Driver/Src/stm32f4xx_hal_cortex.c" -mcpu=cortex-m4 -std=gnu11 -g3 -DUSE_HAL_DRIVER -DSTM32F446xx -DUSE_STM32F4XX_NUCLEO -DHSE_BYPASS -c -I../../../Inc -I../../../../../../../../Drivers/CMSIS/Device/ST/STM32F4xx/Include -I../../../../../../../../Drivers/STM32F4xx_HAL_Driver/Inc -I../../../../../../../../Drivers/BSP/STM32F4xx-Nucleo -I../../../../../../../../Utilities/Log -I../../../../../../../../Utilities/CPU -I../../../../../../../../Drivers/CMSIS/Include -Os -ffunction-sections -Wall -fstack-usage -MMD -MP -MF"Drivers/STM32F4xx_HAL_Driver/stm32f4xx_hal_cortex.d" -MT"Drivers/STM32F4xx_HAL_Driver/stm32f4xx_hal_cortex.o" --specs=nano.specs -mfpu=fpv4-sp-d16 -mfloat-abi=hard -mthumb -o "Drivers/STM32F4xx_HAL_Driver/stm32f4xx_hal_cortex.o"
arm-none-eabi-gcc "C:/Users/tt/STM32Cube/Repository/STM32Cube_FW_F4_V1.27.1/Drivers/STM32F4xx_HAL_Driver/Src/stm32f4xx_hal_dma.c" -mcpu=cortex-m4 -std=gnu11 -g3 -DUSE_HAL_DRIVER -DSTM32F446xx -DUSE_STM32F4XX_NUCLEO -DHSE_BYPASS -c -I../../../Inc -I../../../../../../../../Drivers/CMSIS/Device/ST/STM32F4xx/Include -I../../../../../../../../Drivers/STM32F4xx_HAL_Driver/Inc -I../../../../../../../../Drivers/BSP/STM32F4xx-Nucleo -I../../../../../../../../Utilities/Log -I../../../../../../../../Utilities/CPU -I../../../../../../../../Drivers/CMSIS/Include -Os -ffunction-sections -Wall -fstack-usage -MMD -MP -MF"Drivers/STM32F4xx_HAL_Driver/stm32f4xx_hal_dma.d" -MT"Drivers/STM32F4xx_HAL_Driver/stm32f4xx_hal_dma.o" --specs=nano.specs -mfpu=fpv4-sp-d16 -mfloat-abi=hard -mthumb -o "Drivers/STM32F4xx_HAL_Driver/stm32f4xx_hal_dma.o"
arm-none-eabi-gcc "C:/Users/tt/STM32Cube/Repository/STM32Cube_FW_F4_V1.27.1/Drivers/STM32F4xx_HAL_Driver/Src/stm32f4xx_hal_dma_ex.c" -mcpu=cortex-m4 -std=gnu11 -g3 -DUSE_HAL_DRIVER -DSTM32F446xx -DUSE_STM32F4XX_NUCLEO -DHSE_BYPASS -c -I../../../Inc -I../../../../../../../../Drivers/CMSIS/Device/ST/STM32F4xx/Include -I../../../../../../../../Drivers/STM32F4xx_HAL_Driver/Inc -I../../../../../../../../Drivers/BSP/STM32F4xx-Nucleo -I../../../../../../../../Utilities/Log -I../../../../../../../../Utilities/CPU -I../../../../../../../../Drivers/CMSIS/Include -Os -ffunction-sections -Wall -fstack-usage -MMD -MP -MF"Drivers/STM32F4xx_HAL_Driver/stm32f4xx_hal_dma_ex.d" -MT"Drivers/STM32F4xx_HAL_Driver/stm32f4xx_hal_dma_ex.o" --specs=nano.specs -mfpu=fpv4-sp-d16 -mfloat-abi=hard -mthumb -o "Drivers/STM32F4xx_HAL_Driver/stm32f4xx_hal_dma_ex.o"
arm-none-eabi-gcc "C:/Users/tt/STM32Cube/Repository/STM32Cube_FW_F4_V1.27.1/Drivers/STM32F4xx_HAL_Driver/Src/stm32f4xx_hal_fmpi2c.c" -mcpu=cortex-m4 -std=gnu11 -g3 -DUSE_HAL_DRIVER -DSTM32F446xx -DUSE_STM32F4XX_NUCLEO -DHSE_BYPASS -c -I../../../Inc -I../../../../../../../../Drivers/CMSIS/Device/ST/STM32F4xx/Include -I../../../../../../../../Drivers/STM32F4xx_HAL_Driver/Inc -I../../../../../../../../Drivers/BSP/STM32F4xx-Nucleo -I../../../../../../../../Utilities/Log -I../../../../../../../../Utilities/CPU -I../../../../../../../../Drivers/CMSIS/Include -Os -ffunction-sections -Wall -fstack-usage -MMD -MP -MF"Drivers/STM32F4xx_HAL_Driver/stm32f4xx_hal_fmpi2c.d" -MT"Drivers/STM32F4xx_HAL_Driver/stm32f4xx_hal_fmpi2c.o" --specs=nano.specs -mfpu=fpv4-sp-d16 -mfloat-abi=hard -mthumb -o "Drivers/STM32F4xx_HAL_Driver/stm32f4xx_hal_fmpi2c.o"
arm-none-eabi-gcc "C:/Users/tt/STM32Cube/Repository/STM32Cube_FW_F4_V1.27.1/Drivers/STM32F4xx_HAL_Driver/Src/stm32f4xx_hal_fmpi2c_ex.c" -mcpu=cortex-m4 -std=gnu11 -g3 -DUSE_HAL_DRIVER -DSTM32F446xx -DUSE_STM32F4XX_NUCLEO -DHSE_BYPASS -c -I../../../Inc -I../../../../../../../../Drivers/CMSIS/Device/ST/STM32F4xx/Include -I../../../../../../../../Drivers/STM32F4xx_HAL_Driver/Inc -I../../../../../../../../Drivers/BSP/STM32F4xx-Nucleo -I../../../../../../../../Utilities/Log -I../../../../../../../../Utilities/CPU -I../../../../../../../../Drivers/CMSIS/Include -Os -ffunction-sections -Wall -fstack-usage -MMD -MP -MF"Drivers/STM32F4xx_HAL_Driver/stm32f4xx_hal_fmpi2c_ex.d" -MT"Drivers/STM32F4xx_HAL_Driver/stm32f4xx_hal_fmpi2c_ex.o" --specs=nano.specs -mfpu=fpv4-sp-d16 -mfloat-abi=hard -mthumb -o "Drivers/STM32F4xx_HAL_Driver/stm32f4xx_hal_fmpi2c_ex.o"
arm-none-eabi-gcc "C:/Users/tt/STM32Cube/Repository/STM32Cube_FW_F4_V1.27.1/Drivers/STM32F4xx_HAL_Driver/Src/stm32f4xx_hal_gpio.c" -mcpu=cortex-m4 -std=gnu11 -g3 -DUSE_HAL_DRIVER -DSTM32F446xx -DUSE_STM32F4XX_NUCLEO -DHSE_BYPASS -c -I../../../Inc -I../../../../../../../../Drivers/CMSIS/Device/ST/STM32F4xx/Include -I../../../../../../../../Drivers/STM32F4xx_HAL_Driver/Inc -I../../../../../../../../Drivers/BSP/STM32F4xx-Nucleo -I../../../../../../../../Utilities/Log -I../../../../../../../../Utilities/CPU -I../../../../../../../../Drivers/CMSIS/Include -Os -ffunction-sections -Wall -fstack-usage -MMD -MP -MF"Drivers/STM32F4xx_HAL_Driver/stm32f4xx_hal_gpio.d" -MT"Drivers/STM32F4xx_HAL_Driver/stm32f4xx_hal_gpio.o" --specs=nano.specs -mfpu=fpv4-sp-d16 -mfloat-abi=hard -mthumb -o "Drivers/STM32F4xx_HAL_Driver/stm32f4xx_hal_gpio.o"
arm-none-eabi-gcc "C:/Users/tt/STM32Cube/Repository/STM32Cube_FW_F4_V1.27.1/Drivers/STM32F4xx_HAL_Driver/Src/stm32f4xx_hal_pwr.c" -mcpu=cortex-m4 -std=gnu11 -g3 -DUSE_HAL_DRIVER -DSTM32F446xx -DUSE_STM32F4XX_NUCLEO -DHSE_BYPASS -c -I../../../Inc -I../../../../../../../../Drivers/CMSIS/Device/ST/STM32F4xx/Include -I../../../../../../../../Drivers/STM32F4xx_HAL_Driver/Inc -I../../../../../../../../Drivers/BSP/STM32F4xx-Nucleo -I../../../../../../../../Utilities/Log -I../../../../../../../../Utilities/CPU -I../../../../../../../../Drivers/CMSIS/Include -Os -ffunction-sections -Wall -fstack-usage -MMD -MP -MF"Drivers/STM32F4xx_HAL_Driver/stm32f4xx_hal_pwr.d" -MT"Drivers/STM32F4xx_HAL_Driver/stm32f4xx_hal_pwr.o" --specs=nano.specs -mfpu=fpv4-sp-d16 -mfloat-abi=hard -mthumb -o "Drivers/STM32F4xx_HAL_Driver/stm32f4xx_hal_pwr.o"
arm-none-eabi-gcc "C:/Users/tt/STM32Cube/Repository/STM32Cube_FW_F4_V1.27.1/Drivers/STM32F4xx_HAL_Driver/Src/stm32f4xx_hal_pwr_ex.c" -mcpu=cortex-m4 -std=gnu11 -g3 -DUSE_HAL_DRIVER -DSTM32F446xx -DUSE_STM32F4XX_NUCLEO -DHSE_BYPASS -c -I../../../Inc -I../../../../../../../../Drivers/CMSIS/Device/ST/STM32F4xx/Include -I../../../../../../../../Drivers/STM32F4xx_HAL_Driver/Inc -I../../../../../../../../Drivers/BSP/STM32F4xx-Nucleo -I../../../../../../../../Utilities/Log -I../../../../../../../../Utilities/CPU -I../../../../../../../../Drivers/CMSIS/Include -Os -ffunction-sections -Wall -fstack-usage -MMD -MP -MF"Drivers/STM32F4xx_HAL_Driver/stm32f4xx_hal_pwr_ex.d" -MT"Drivers/STM32F4xx_HAL_Driver/stm32f4xx_hal_pwr_ex.o" --specs=nano.specs -mfpu=fpv4-sp-d16 -mfloat-abi=hard -mthumb -o "Drivers/STM32F4xx_HAL_Driver/stm32f4xx_hal_pwr_ex.o"
arm-none-eabi-gcc "C:/Users/tt/STM32Cube/Repository/STM32Cube_FW_F4_V1.27.1/Drivers/STM32F4xx_HAL_Driver/Src/stm32f4xx_hal_rcc.c" -mcpu=cortex-m4 -std=gnu11 -g3 -DUSE_HAL_DRIVER -DSTM32F446xx -DUSE_STM32F4XX_NUCLEO -DHSE_BYPASS -c -I../../../Inc -I../../../../../../../../Drivers/CMSIS/Device/ST/STM32F4xx/Include -I../../../../../../../../Drivers/STM32F4xx_HAL_Driver/Inc -I../../../../../../../../Drivers/BSP/STM32F4xx-Nucleo -I../../../../../../../../Utilities/Log -I../../../../../../../../Utilities/CPU -I../../../../../../../../Drivers/CMSIS/Include -Os -ffunction-sections -Wall -fstack-usage -MMD -MP -MF"Drivers/STM32F4xx_HAL_Driver/stm32f4xx_hal_rcc.d" -MT"Drivers/STM32F4xx_HAL_Driver/stm32f4xx_hal_rcc.o" --specs=nano.specs -mfpu=fpv4-sp-d16 -mfloat-abi=hard -mthumb -o "Drivers/STM32F4xx_HAL_Driver/stm32f4xx_hal_rcc.o"
arm-none-eabi-gcc "C:/Users/tt/STM32Cube/Repository/STM32Cube_FW_F4_V1.27.1/Drivers/STM32F4xx_HAL_Driver/Src/stm32f4xx_hal_rcc_ex.c" -mcpu=cortex-m4 -std=gnu11 -g3 -DUSE_HAL_DRIVER -DSTM32F446xx -DUSE_STM32F4XX_NUCLEO -DHSE_BYPASS -c -I../../../Inc -I../../../../../../../../Drivers/CMSIS/Device/ST/STM32F4xx/Include -I../../../../../../../../Drivers/STM32F4xx_HAL_Driver/Inc -I../../../../../../../../Drivers/BSP/STM32F4xx-Nucleo -I../../../../../../../../Utilities/Log -I../../../../../../../../Utilities/CPU -I../../../../../../../../Drivers/CMSIS/Include -Os -ffunction-sections -Wall -fstack-usage -MMD -MP -MF"Drivers/STM32F4xx_HAL_Driver/stm32f4xx_hal_rcc_ex.d" -MT"Drivers/STM32F4xx_HAL_Driver/stm32f4xx_hal_rcc_ex.o" --specs=nano.specs -mfpu=fpv4-sp-d16 -mfloat-abi=hard -mthumb -o "Drivers/STM32F4xx_HAL_Driver/stm32f4xx_hal_rcc_ex.o"
arm-none-eabi-gcc "C:/Users/tt/STM32Cube/Repository/STM32Cube_FW_F4_V1.27.1/Drivers/STM32F4xx_HAL_Driver/Src/stm32f4xx_hal_rtc.c" -mcpu=cortex-m4 -std=gnu11 -g3 -DUSE_HAL_DRIVER -DSTM32F446xx -DUSE_STM32F4XX_NUCLEO -DHSE_BYPASS -c -I../../../Inc -I../../../../../../../../Drivers/CMSIS/Device/ST/STM32F4xx/Include -I../../../../../../../../Drivers/STM32F4xx_HAL_Driver/Inc -I../../../../../../../../Drivers/BSP/STM32F4xx-Nucleo -I../../../../../../../../Utilities/Log -I../../../../../../../../Utilities/CPU -I../../../../../../../../Drivers/CMSIS/Include -Os -ffunction-sections -Wall -fstack-usage -MMD -MP -MF"Drivers/STM32F4xx_HAL_Driver/stm32f4xx_hal_rtc.d" -MT"Drivers/STM32F4xx_HAL_Driver/stm32f4xx_hal_rtc.o" --specs=nano.specs -mfpu=fpv4-sp-d16 -mfloat-abi=hard -mthumb -o "Drivers/STM32F4xx_HAL_Driver/stm32f4xx_hal_rtc.o"
arm-none-eabi-gcc "C:/Users/tt/STM32Cube/Repository/STM32Cube_FW_F4_V1.27.1/Drivers/STM32F4xx_HAL_Driver/Src/stm32f4xx_hal_rtc_ex.c" -mcpu=cortex-m4 -std=gnu11 -g3 -DUSE_HAL_DRIVER -DSTM32F446xx -DUSE_STM32F4XX_NUCLEO -DHSE_BYPASS -c -I../../../Inc -I../../../../../../../../Drivers/CMSIS/Device/ST/STM32F4xx/Include -I../../../../../../../../Drivers/STM32F4xx_HAL_Driver/Inc -I../../../../../../../../Drivers/BSP/STM32F4xx-Nucleo -I../../../../../../../../Utilities/Log -I../../../../../../../../Utilities/CPU -I../../../../../../../../Drivers/CMSIS/Include -Os -ffunction-sections -Wall -fstack-usage -MMD -MP -MF"Drivers/STM32F4xx_HAL_Driver/stm32f4xx_hal_rtc_ex.d" -MT"Drivers/STM32F4xx_HAL_Driver/stm32f4xx_hal_rtc_ex.o" --specs=nano.specs -mfpu=fpv4-sp-d16 -mfloat-abi=hard -mthumb -o "Drivers/STM32F4xx_HAL_Driver/stm32f4xx_hal_rtc_ex.o"
arm-none-eabi-gcc "C:/Users/tt/STM32Cube/Repository/STM32Cube_FW_F4_V1.27.1/Drivers/STM32F4xx_HAL_Driver/Src/stm32f4xx_hal_sram.c" -mcpu=cortex-m4 -std=gnu11 -g3 -DUSE_HAL_DRIVER -DSTM32F446xx -DUSE_STM32F4XX_NUCLEO -DHSE_BYPASS -c -I../../../Inc -I../../../../../../../../Drivers/CMSIS/Device/ST/STM32F4xx/Include -I../../../../../../../../Drivers/STM32F4xx_HAL_Driver/Inc -I../../../../../../../../Drivers/BSP/STM32F4xx-Nucleo -I../../../../../../../../Utilities/Log -I../../../../../../../../Utilities/CPU -I../../../../../../../../Drivers/CMSIS/Include -Os -ffunction-sections -Wall -fstack-usage -MMD -MP -MF"Drivers/STM32F4xx_HAL_Driver/stm32f4xx_hal_sram.d" -MT"Drivers/STM32F4xx_HAL_Driver/stm32f4xx_hal_sram.o" --specs=nano.specs -mfpu=fpv4-sp-d16 -mfloat-abi=hard -mthumb -o "Drivers/STM32F4xx_HAL_Driver/stm32f4xx_hal_sram.o"
arm-none-eabi-gcc "C:/Users/tt/STM32Cube/Repository/STM32Cube_FW_F4_V1.27.1/Drivers/STM32F4xx_HAL_Driver/Src/stm32f4xx_hal_uart.c" -mcpu=cortex-m4 -std=gnu11 -g3 -DUSE_HAL_DRIVER -DSTM32F446xx -DUSE_STM32F4XX_NUCLEO -DHSE_BYPASS -c -I../../../Inc -I../../../../../../../../Drivers/CMSIS/Device/ST/STM32F4xx/Include -I../../../../../../../../Drivers/STM32F4xx_HAL_Driver/Inc -I../../../../../../../../Drivers/BSP/STM32F4xx-Nucleo -I../../../../../../../../Utilities/Log -I../../../../../../../../Utilities/CPU -I../../../../../../../../Drivers/CMSIS/Include -Os -ffunction-sections -Wall -fstack-usage -MMD -MP -MF"Drivers/STM32F4xx_HAL_Driver/stm32f4xx_hal_uart.d" -MT"Drivers/STM32F4xx_HAL_Driver/stm32f4xx_hal_uart.o" --specs=nano.specs -mfpu=fpv4-sp-d16 -mfloat-abi=hard -mthumb -o "Drivers/STM32F4xx_HAL_Driver/stm32f4xx_hal_uart.o"
arm-none-eabi-gcc "C:/Users/tt/STM32Cube/Repository/STM32Cube_FW_F4_V1.27.1/Drivers/STM32F4xx_HAL_Driver/Src/stm32f4xx_ll_fmc.c" -mcpu=cortex-m4 -std=gnu11 -g3 -DUSE_HAL_DRIVER -DSTM32F446xx -DUSE_STM32F4XX_NUCLEO -DHSE_BYPASS -c -I../../../Inc -I../../../../../../../../Drivers/CMSIS/Device/ST/STM32F4xx/Include -I../../../../../../../../Drivers/STM32F4xx_HAL_Driver/Inc -I../../../../../../../../Drivers/BSP/STM32F4xx-Nucleo -I../../../../../../../../Utilities/Log -I../../../../../../../../Utilities/CPU -I../../../../../../../../Drivers/CMSIS/Include -Os -ffunction-sections -Wall -fstack-usage -MMD -MP -MF"Drivers/STM32F4xx_HAL_Driver/stm32f4xx_ll_fmc.d" -MT"Drivers/STM32F4xx_HAL_Driver/stm32f4xx_ll_fmc.o" --specs=nano.specs -mfpu=fpv4-sp-d16 -mfloat-abi=hard -mthumb -o "Drivers/STM32F4xx_HAL_Driver/stm32f4xx_ll_fmc.o"
arm-none-eabi-gcc "C:/Users/tt/STM32Cube/Repository/STM32Cube_FW_F4_V1.27.1/Projects/STM32446E-Nucleo/Examples/HAL/HAL_TimeBase_RTC_WKUP/Src/system_stm32f4xx.c" -mcpu=cortex-m4 -std=gnu11 -g3 -DUSE_HAL_DRIVER -DSTM32F446xx -DUSE_STM32F4XX_NUCLEO -DHSE_BYPASS -c -I../../../Inc -I../../../../../../../../Drivers/CMSIS/Device/ST/STM32F4xx/Include -I../../../../../../../../Drivers/STM32F4xx_HAL_Driver/Inc -I../../../../../../../../Drivers/BSP/STM32F4xx-Nucleo -I../../../../../../../../Utilities/Log -I../../../../../../../../Utilities/CPU -I../../../../../../../../Drivers/CMSIS/Include -Os -ffunction-sections -Wall -fstack-usage -MMD -MP -MF"Drivers/CMSIS/system_stm32f4xx.d" -MT"Drivers/CMSIS/system_stm32f4xx.o" --specs=nano.specs -mfpu=fpv4-sp-d16 -mfloat-abi=hard -mthumb -o "Drivers/CMSIS/system_stm32f4xx.o"
arm-none-eabi-gcc "C:/Users/tt/STM32Cube/Repository/STM32Cube_FW_F4_V1.27.1/Drivers/BSP/STM32F4xx-Nucleo/stm32f4xx_nucleo.c" -mcpu=cortex-m4 -std=gnu11 -g3 -DUSE_HAL_DRIVER -DSTM32F446xx -DUSE_STM32F4XX_NUCLEO -DHSE_BYPASS -c -I../../../Inc -I../../../../../../../../Drivers/CMSIS/Device/ST/STM32F4xx/Include -I../../../../../../../../Drivers/STM32F4xx_HAL_Driver/Inc -I../../../../../../../../Drivers/BSP/STM32F4xx-Nucleo -I../../../../../../../../Utilities/Log -I../../../../../../../../Utilities/CPU -I../../../../../../../../Drivers/CMSIS/Include -Os -ffunction-sections -Wall -fstack-usage -MMD -MP -MF"Drivers/BSP/STM32F4xx-Nucleo/stm32f4xx_nucleo.d" -MT"Drivers/BSP/STM32F4xx-Nucleo/stm32f4xx_nucleo.o" --specs=nano.specs -mfpu=fpv4-sp-d16 -mfloat-abi=hard -mthumb -o "Drivers/BSP/STM32F4xx-Nucleo/stm32f4xx_nucleo.o"
arm-none-eabi-gcc -o "STM32F446-Nucleo.elf" @"objects.list"   -mcpu=cortex-m4 -T"../STM32F446RETx_FLASH.ld" --specs=nosys.specs -Wl,-Map="STM32F446-Nucleo.map" -Wl,--gc-sections -static --specs=nano.specs -mfpu=fpv4-sp-d16 -mfloat-abi=hard -mthumb -Wl,--start-group -lc -lm -Wl,--end-group
Finished building target: STM32F446-Nucleo.elf
 
arm-none-eabi-size   STM32F446-Nucleo.elf 
arm-none-eabi-objdump -h -S  STM32F446-Nucleo.elf  > "STM32F446-Nucleo.list"
arm-none-eabi-objcopy  -O binary  STM32F446-Nucleo.elf  "STM32F446-Nucleo.bin"
   text	   data	    bss	    dec	    hex	filename
   6016	     28	   1604	   7648	   1de0	STM32F446-Nucleo.elf
Finished building: default.size.stdout
 
Finished building: STM32F446-Nucleo.bin
 
Finished building: STM32F446-Nucleo.list
 

11:29:54 Build Finished. 0 errors, 0 warnings. (took 1s.780ms)

