11:29:56 **** Build of configuration Debug for project UART_ReceptionToIdle_CircularDMA ****
make -j12 all 
arm-none-eabi-gcc "C:/Users/tt/STM32Cube/Repository/STM32Cube_FW_F4_V1.27.1/Drivers/STM32F4xx_HAL_Driver/Src/stm32f4xx_hal.c" -mcpu=cortex-m4 -std=gnu11 -g3 -DUSE_HAL_DRIVER -DSTM32F446xx -c -I../../../Inc -I../../../../../../../../Drivers/STM32F4xx_HAL_Driver/Inc -I../../../../../../../../Drivers/STM32F4xx_HAL_Driver/Inc/Legacy -I../../../../../../../../Drivers/CMSIS/Device/ST/STM32F4xx/Include -I../../../../../../../../Drivers/CMSIS/Include -I../../../../../../../../Drivers/BSP/STM32F4xx-Nucleo -Os -ffunction-sections -Wall -fstack-usage -MMD -MP -MF"Drivers/STM32F4xx_HAL_Driver/stm32f4xx_hal.d" -MT"Drivers/STM32F4xx_HAL_Driver/stm32f4xx_hal.o" --specs=nano.specs -mfpu=fpv4-sp-d16 -mfloat-abi=hard -mthumb -o "Drivers/STM32F4xx_HAL_Driver/stm32f4xx_hal.o"
arm-none-eabi-gcc "C:/Users/tt/STM32Cube/Repository/STM32Cube_FW_F4_V1.27.1/Drivers/STM32F4xx_HAL_Driver/Src/stm32f4xx_hal_cortex.c" -mcpu=cortex-m4 -std=gnu11 -g3 -DUSE_HAL_DRIVER -DSTM32F446xx -c -I../../../Inc -I../../../../../../../../Drivers/STM32F4xx_HAL_Driver/Inc -I../../../../../../../../Drivers/STM32F4xx_HAL_Driver/Inc/Legacy -I../../../../../../../../Drivers/CMSIS/Device/ST/STM32F4xx/Include -I../../../../../../../../Drivers/CMSIS/Include -I../../../../../../../../Drivers/BSP/STM32F4xx-Nucleo -Os -ffunction-sections -Wall -fstack-usage -MMD -MP -MF"Drivers/STM32F4xx_HAL_Driver/stm32f4xx_hal_cortex.d" -MT"Drivers/STM32F4xx_HAL_Driver/stm32f4xx_hal_cortex.o" --specs=nano.specs -mfpu=fpv4-sp-d16 -mfloat-abi=hard -mthumb -o "Drivers/STM32F4xx_HAL_Driver/stm32f4xx_hal_cortex.o"
arm-none-eabi-gcc "C:/Users/tt/STM32Cube/Repository/STM32Cube_FW_F4_V1.27.1/Drivers/STM32F4xx_HAL_Driver/Src/stm32f4xx_hal_dma.c" -mcpu=cortex-m4 -std=gnu11 -g3 -DUSE_HAL_DRIVER -DSTM32F446xx -c -I../../../Inc -I../../../../../../../../Drivers/STM32F4xx_HAL_Driver/Inc -I../../../../../../../../Drivers/STM32F4xx_HAL_Driver/Inc/Legacy -I../../../../../../../../Drivers/CMSIS/Device/ST/STM32F4xx/Include -I../../../../../../../../Drivers/CMSIS/Include -I../../../../../../../../Drivers/BSP/STM32F4xx-Nucleo -Os -ffunction-sections -Wall -fstack-usage -MMD -MP -MF"Drivers/STM32F4xx_HAL_Driver/stm32f4xx_hal_dma.d" -MT"Drivers/STM32F4xx_HAL_Driver/stm32f4xx_hal_dma.o" --specs=nano.specs -mfpu=fpv4-sp-d16 -mfloat-abi=hard -mthumb -o "Drivers/STM32F4xx_HAL_Driver/stm32f4xx_hal_dma.o"
arm-none-eabi-gcc "C:/Users/tt/STM32Cube/Repository/STM32Cube_FW_F4_V1.27.1/Drivers/STM32F4xx_HAL_Driver/Src/stm32f4xx_hal_dma_ex.c" -mcpu=cortex-m4 -std=gnu11 -g3 -DUSE_HAL_DRIVER -DSTM32F446xx -c -I../../../Inc -I../../../../../../../../Drivers/STM32F4xx_HAL_Driver/Inc -I../../../../../../../../Drivers/STM32F4xx_HAL_Driver/Inc/Legacy -I../../../../../../../../Drivers/CMSIS/Device/ST/STM32F4xx/Include -I../../../../../../../../Drivers/CMSIS/Include -I../../../../../../../../Drivers/BSP/STM32F4xx-Nucleo -Os -ffunction-sections -Wall -fstack-usage -MMD -MP -MF"Drivers/STM32F4xx_HAL_Driver/stm32f4xx_hal_dma_ex.d" -MT"Drivers/STM32F4xx_HAL_Driver/stm32f4xx_hal_dma_ex.o" --specs=nano.specs -mfpu=fpv4-sp-d16 -mfloat-abi=hard -mthumb -o "Drivers/STM32F4xx_HAL_Driver/stm32f4xx_hal_dma_ex.o"
arm-none-eabi-gcc "C:/Users/tt/STM32Cube/Repository/STM32Cube_FW_F4_V1.27.1/Drivers/STM32F4xx_HAL_Driver/Src/stm32f4xx_hal_exti.c" -mcpu=cortex-m4 -std=gnu11 -g3 -DUSE_HAL_DRIVER -DSTM32F446xx -c -I../../../Inc -I../../../../../../../../Drivers/STM32F4xx_HAL_Driver/Inc -I../../../../../../../../Drivers/STM32F4xx_HAL_Driver/Inc/Legacy -I../../../../../../../../Drivers/CMSIS/Device/ST/STM32F4xx/Include -I../../../../../../../../Drivers/CMSIS/Include -I../../../../../../../../Drivers/BSP/STM32F4xx-Nucleo -Os -ffunction-sections -Wall -fstack-usage -MMD -MP -MF"Drivers/STM32F4xx_HAL_Driver/stm32f4xx_hal_exti.d" -MT"Drivers/STM32F4xx_HAL_Driver/stm32f4xx_hal_exti.o" --specs=nano.specs -mfpu=fpv4-sp-d16 -mfloat-abi=hard -mthumb -o "Drivers/STM32F4xx_HAL_Driver/stm32f4xx_hal_exti.o"
arm-none-eabi-gcc "C:/Users/tt/STM32Cube/Repository/STM32Cube_FW_F4_V1.27.1/Drivers/STM32F4xx_HAL_Driver/Src/stm32f4xx_hal_flash.c" -mcpu=cortex-m4 -std=gnu11 -g3 -DUSE_HAL_DRIVER -DSTM32F446xx -c -I../../../Inc -I../../../../../../../../Drivers/STM32F4xx_HAL_Driver/Inc -I../../../../../../../../Drivers/STM32F4xx_HAL_Driver/Inc/Legacy -I../../../../../../../../Drivers/CMSIS/Device/ST/STM32F4xx/Include -I../../../../../../../../Drivers/CMSIS/Include -I../../../../../../../../Drivers/BSP/STM32F4xx-Nucleo -Os -ffunction-sections -Wall -fstack-usage -MMD -MP -MF"Drivers/STM32F4xx_HAL_Driver/stm32f4xx_hal_flash.d" -MT"Drivers/STM32F4xx_HAL_Driver/stm32f4xx_hal_flash.o" --specs=nano.specs -mfpu=fpv4-sp-d16 -mfloat-abi=hard -mthumb -o "Drivers/STM32F4xx_HAL_Driver/stm32f4xx_hal_flash.o"
arm-none-eabi-gcc "C:/Users/tt/STM32Cube/Repository/STM32Cube_FW_F4_V1.27.1/Drivers/STM32F4xx_HAL_Driver/Src/stm32f4xx_hal_flash_ex.c" -mcpu=cortex-m4 -std=gnu11 -g3 -DUSE_HAL_DRIVER -DSTM32F446xx -c -I../../../Inc -I../../../../../../../../Drivers/STM32F4xx_HAL_Driver/Inc -I../../../../../../../../Drivers/STM32F4xx_HAL_Driver/Inc/Legacy -I../../../../../../../../Drivers/CMSIS/Device/ST/STM32F4xx/Include -I../../../../../../../../Drivers/CMSIS/Include -I../../../../../../../../Drivers/BSP/STM32F4xx-Nucleo -Os -ffunction-sections -Wall -fstack-usage -MMD -MP -MF"Drivers/STM32F4xx_HAL_Driver/stm32f4xx_hal_flash_ex.d" -MT"Drivers/STM32F4xx_HAL_Driver/stm32f4xx_hal_flash_ex.o" --specs=nano.specs -mfpu=fpv4-sp-d16 -mfloat-abi=hard -mthumb -o "Drivers/STM32F4xx_HAL_Driver/stm32f4xx_hal_flash_ex.o"
arm-none-eabi-gcc "C:/Users/tt/STM32Cube/Repository/STM32Cube_FW_F4_V1.27.1/Drivers/STM32F4xx_HAL_Driver/Src/stm32f4xx_hal_flash_ramfunc.c" -mcpu=cortex-m4 -std=gnu11 -g3 -DUSE_HAL_DRIVER -DSTM32F446xx -c -I../../../Inc -I../../../../../../../../Drivers/STM32F4xx_HAL_Driver/Inc -I../../../../../../../../Drivers/STM32F4xx_HAL_Driver/Inc/Legacy -I../../../../../../../../Drivers/CMSIS/Device/ST/STM32F4xx/Include -I../../../../../../../../Drivers/CMSIS/Include -I../../../../../../../../Drivers/BSP/STM32F4xx-Nucleo -Os -ffunction-sections -Wall -fstack-usage -MMD -MP -MF"Drivers/STM32F4xx_HAL_Driver/stm32f4xx_hal_flash_ramfunc.d" -MT"Drivers/STM32F4xx_HAL_Driver/stm32f4xx_hal_flash_ramfunc.o" --specs=nano.specs -mfpu=fpv4-sp-d16 -mfloat-abi=hard -mthumb -o "Drivers/STM32F4xx_HAL_Driver/stm32f4xx_hal_flash_ramfunc.o"
arm-none-eabi-gcc "C:/Users/tt/STM32Cube/Repository/STM32Cube_FW_F4_V1.27.1/Drivers/STM32F4xx_HAL_Driver/Src/stm32f4xx_hal_gpio.c" -mcpu=cortex-m4 -std=gnu11 -g3 -DUSE_HAL_DRIVER -DSTM32F446xx -c -I../../../Inc -I../../../../../../../../Drivers/STM32F4xx_HAL_Driver/Inc -I../../../../../../../../Drivers/STM32F4xx_HAL_Driver/Inc/Legacy -I../../../../../../../../Drivers/CMSIS/Device/ST/STM32F4xx/Include -I../../../../../../../../Drivers/CMSIS/Include -I../../../../../../../../Drivers/BSP/STM32F4xx-Nucleo -Os -ffunction-sections -Wall -fstack-usage -MMD -MP -MF"Drivers/STM32F4xx_HAL_Driver/stm32f4xx_hal_gpio.d" -MT"Drivers/STM32F4xx_HAL_Driver/stm32f4xx_hal_gpio.o" --specs=nano.specs -mfpu=fpv4-sp-d16 -mfloat-abi=hard -mthumb -o "Drivers/STM32F4xx_HAL_Driver/stm32f4xx_hal_gpio.o"
arm-none-eabi-gcc "C:/Users/tt/STM32Cube/Repository/STM32Cube_FW_F4_V1.27.1/Drivers/STM32F4xx_HAL_Driver/Src/stm32f4xx_hal_pwr.c" -mcpu=cortex-m4 -std=gnu11 -g3 -DUSE_HAL_DRIVER -DSTM32F446xx -c -I../../../Inc -I../../../../../../../../Drivers/STM32F4xx_HAL_Driver/Inc -I../../../../../../../../Drivers/STM32F4xx_HAL_Driver/Inc/Legacy -I../../../../../../../../Drivers/CMSIS/Device/ST/STM32F4xx/Include -I../../../../../../../../Drivers/CMSIS/Include -I../../../../../../../../Drivers/BSP/STM32F4xx-Nucleo -Os -ffunction-sections -Wall -fstack-usage -MMD -MP -MF"Drivers/STM32F4xx_HAL_Driver/stm32f4xx_hal_pwr.d" -MT"Drivers/STM32F4xx_HAL_Driver/stm32f4xx_hal_pwr.o" --specs=nano.specs -mfpu=fpv4-sp-d16 -mfloat-abi=hard -mthumb -o "Drivers/STM32F4xx_HAL_Driver/stm32f4xx_hal_pwr.o"
arm-none-eabi-gcc "C:/Users/tt/STM32Cube/Repository/STM32Cube_FW_F4_V1.27.1/Drivers/STM32F4xx_HAL_Driver/Src/stm32f4xx_hal_pwr_ex.c" -mcpu=cortex-m4 -std=gnu11 -g3 -DUSE_HAL_DRIVER -DSTM32F446xx -c -I../../../Inc -I../../../../../../../../Drivers/STM32F4xx_HAL_Driver/Inc -I../../../../../../../../Drivers/STM32F4xx_HAL_Driver/Inc/Legacy -I../../../../../../../../Drivers/CMSIS/Device/ST/STM32F4xx/Include -I../../../../../../../../Drivers/CMSIS/Include -I../../../../../../../../Drivers/BSP/STM32F4xx-Nucleo -Os -ffunction-sections -Wall -fstack-usage -MMD -MP -MF"Drivers/STM32F4xx_HAL_Driver/stm32f4xx_hal_pwr_ex.d" -MT"Drivers/STM32F4xx_HAL_Driver/stm32f4xx_hal_pwr_ex.o" --specs=nano.specs -mfpu=fpv4-sp-d16 -mfloat-abi=hard -mthumb -o "Drivers/STM32F4xx_HAL_Driver/stm32f4xx_hal_pwr_ex.o"
arm-none-eabi-gcc "C:/Users/tt/STM32Cube/Repository/STM32Cube_FW_F4_V1.27.1/Drivers/STM32F4xx_HAL_Driver/Src/stm32f4xx_hal_rcc.c" -mcpu=cortex-m4 -std=gnu11 -g3 -DUSE_HAL_DRIVER -DSTM32F446xx -c -I../../../Inc -I../../../../../../../../Drivers/STM32F4xx_HAL_Driver/Inc -I../../../../../../../../Drivers/STM32F4xx_HAL_Driver/Inc/Legacy -I../../../../../../../../Drivers/CMSIS/Device/ST/STM32F4xx/Include -I../../../../../../../../Drivers/CMSIS/Include -I../../../../../../../../Drivers/BSP/STM32F4xx-Nucleo -Os -ffunction-sections -Wall -fstack-usage -MMD -MP -MF"Drivers/STM32F4xx_HAL_Driver/stm32f4xx_hal_rcc.d" -MT"Drivers/STM32F4xx_HAL_Driver/stm32f4xx_hal_rcc.o" --specs=nano.specs -mfpu=fpv4-sp-d16 -mfloat-abi=hard -mthumb -o "Drivers/STM32F4xx_HAL_Driver/stm32f4xx_hal_rcc.o"
arm-none-eabi-gcc "C:/Users/tt/STM32Cube/Repository/STM32Cube_FW_F4_V1.27.1/Drivers/STM32F4xx_HAL_Driver/Src/stm32f4xx_hal_rcc_ex.c" -mcpu=cortex-m4 -std=gnu11 -g3 -DUSE_HAL_DRIVER -DSTM32F446xx -c -I../../../Inc -I../../../../../../../../Drivers/STM32F4xx_HAL_Driver/Inc -I../../../../../../../../Drivers/STM32F4xx_HAL_Driver/Inc/Legacy -I../../../../../../../../Drivers/CMSIS/Device/ST/STM32F4xx/Include -I../../../../../../../../Drivers/CMSIS/Include -I../../../../../../../../Drivers/BSP/STM32F4xx-Nucleo -Os -ffunction-sections -Wall -fstack-usage -MMD -MP -MF"Drivers/STM32F4xx_HAL_Driver/stm32f4xx_hal_rcc_ex.d" -MT"Drivers/STM32F4xx_HAL_Driver/stm32f4xx_hal_rcc_ex.o" --specs=nano.specs -mfpu=fpv4-sp-d16 -mfloat-abi=hard -mthumb -o "Drivers/STM32F4xx_HAL_Driver/stm32f4xx_hal_rcc_ex.o"
arm-none-eabi-gcc "C:/Users/tt/STM32Cube/Repository/STM32Cube_FW_F4_V1.27.1/Drivers/STM32F4xx_HAL_Driver/Src/stm32f4xx_hal_tim.c" -mcpu=cortex-m4 -std=gnu11 -g3 -DUSE_HAL_DRIVER -DSTM32F446xx -c -I../../../Inc -I../../../../../../../../Drivers/STM32F4xx_HAL_Driver/Inc -I../../../../../../../../Drivers/STM32F4xx_HAL_Driver/Inc/Legacy -I../../../../../../../../Drivers/CMSIS/Device/ST/STM32F4xx/Include -I../../../../../../../../Drivers/CMSIS/Include -I../../../../../../../../Drivers/BSP/STM32F4xx-Nucleo -Os -ffunction-sections -Wall -fstack-usage -MMD -MP -MF"Drivers/STM32F4xx_HAL_Driver/stm32f4xx_hal_tim.d" -MT"Drivers/STM32F4xx_HAL_Driver/stm32f4xx_hal_tim.o" --specs=nano.specs -mfpu=fpv4-sp-d16 -mfloat-abi=hard -mthumb -o "Drivers/STM32F4xx_HAL_Driver/stm32f4xx_hal_tim.o"
arm-none-eabi-gcc "C:/Users/tt/STM32Cube/Repository/STM32Cube_FW_F4_V1.27.1/Drivers/STM32F4xx_HAL_Driver/Src/stm32f4xx_hal_tim_ex.c" -mcpu=cortex-m4 -std=gnu11 -g3 -DUSE_HAL_DRIVER -DSTM32F446xx -c -I../../../Inc -I../../../../../../../../Drivers/STM32F4xx_HAL_Driver/Inc -I../../../../../../../../Drivers/STM32F4xx_HAL_Driver/Inc/Legacy -I../../../../../../../../Drivers/CMSIS/Device/ST/STM32F4xx/Include -I../../../../../../../../Drivers/CMSIS/Include -I../../../../../../../../Drivers/BSP/STM32F4xx-Nucleo -Os -ffunction-sections -Wall -fstack-usage -MMD -MP -MF"Drivers/STM32F4xx_HAL_Driver/stm32f4xx_hal_tim_ex.d" -MT"Drivers/STM32F4xx_HAL_Driver/stm32f4xx_hal_tim_ex.o" --specs=nano.specs -mfpu=fpv4-sp-d16 -mfloat-abi=hard -mthumb -o "Drivers/STM32F4xx_HAL_Driver/stm32f4xx_hal_tim_ex.o"
arm-none-eabi-gcc "C:/Users/tt/STM32Cube/Repository/STM32Cube_FW_F4_V1.27.1/Drivers/STM32F4xx_HAL_Driver/Src/stm32f4xx_hal_uart.c" -mcpu=cortex-m4 -std=gnu11 -g3 -DUSE_HAL_DRIVER -DSTM32F446xx -c -I../../../Inc -I../../../../../../../../Drivers/STM32F4xx_HAL_Driver/Inc -I../../../../../../../../Drivers/STM32F4xx_HAL_Driver/Inc/Legacy -I../../../../../../../../Drivers/CMSIS/Device/ST/STM32F4xx/Include -I../../../../../../../../Drivers/CMSIS/Include -I../../../../../../../../Drivers/BSP/STM32F4xx-Nucleo -Os -ffunction-sections -Wall -fstack-usage -MMD -MP -MF"Drivers/STM32F4xx_HAL_Driver/stm32f4xx_hal_uart.d" -MT"Drivers/STM32F4xx_HAL_Driver/stm32f4xx_hal_uart.o" --specs=nano.specs -mfpu=fpv4-sp-d16 -mfloat-abi=hard -mthumb -o "Drivers/STM32F4xx_HAL_Driver/stm32f4xx_hal_uart.o"
arm-none-eabi-gcc "C:/Users/tt/STM32Cube/Repository/STM32Cube_FW_F4_V1.27.1/Projects/STM32446E-Nucleo/Examples/UART/UART_ReceptionToIdle_CircularDMA/Src/system_stm32f4xx.c" -mcpu=cortex-m4 -std=gnu11 -g3 -DUSE_HAL_DRIVER -DSTM32F446xx -c -I../../../Inc -I../../../../../../../../Drivers/STM32F4xx_HAL_Driver/Inc -I../../../../../../../../Drivers/STM32F4xx_HAL_Driver/Inc/Legacy -I../../../../../../../../Drivers/CMSIS/Device/ST/STM32F4xx/Include -I../../../../../../../../Drivers/CMSIS/Include -I../../../../../../../../Drivers/BSP/STM32F4xx-Nucleo -Os -ffunction-sections -Wall -fstack-usage -MMD -MP -MF"Drivers/CMSIS/system_stm32f4xx.d" -MT"Drivers/CMSIS/system_stm32f4xx.o" --specs=nano.specs -mfpu=fpv4-sp-d16 -mfloat-abi=hard -mthumb -o "Drivers/CMSIS/system_stm32f4xx.o"
arm-none-eabi-gcc "C:/Users/tt/STM32Cube/Repository/STM32Cube_FW_F4_V1.27.1/Drivers/BSP/STM32F4xx-Nucleo/stm32f4xx_nucleo.c" -mcpu=cortex-m4 -std=gnu11 -g3 -DUSE_HAL_DRIVER -DSTM32F446xx -c -I../../../Inc -I../../../../../../../../Drivers/STM32F4xx_HAL_Driver/Inc -I../../../../../../../../Drivers/STM32F4xx_HAL_Driver/Inc/Legacy -I../../../../../../../../Drivers/CMSIS/Device/ST/STM32F4xx/Include -I../../../../../../../../Drivers/CMSIS/Include -I../../../../../../../../Drivers/BSP/STM32F4xx-Nucleo -Os -ffunction-sections -Wall -fstack-usage -MMD -MP -MF"Drivers/BSP/STM32F4xx-Nucleo/stm32f4xx_nucleo.d" -MT"Drivers/BSP/STM32F4xx-Nucleo/stm32f4xx_nucleo.o" --specs=nano.specs -mfpu=fpv4-sp-d16 -mfloat-abi=hard -mthumb -o "Drivers/BSP/STM32F4xx-Nucleo/stm32f4xx_nucleo.o"
arm-none-eabi-gcc "C:/Users/tt/STM32Cube/Repository/STM32Cube_FW_F4_V1.27.1/Projects/STM32446E-Nucleo/Examples/UART/UART_ReceptionToIdle_CircularDMA/Src/main.c" -mcpu=cortex-m4 -std=gnu11 -g3 -DUSE_HAL_DRIVER -DSTM32F446xx -c -I../../../Inc -I../../../../../../../../Drivers/STM32F4xx_HAL_Driver/Inc -I../../../../../../../../Drivers/STM32F4xx_HAL_Driver/Inc/Legacy -I../../../../../../../../Drivers/CMSIS/Device/ST/STM32F4xx/Include -I../../../../../../../../Drivers/CMSIS/Include -I../../../../../../../../Drivers/BSP/STM32F4xx-Nucleo -Os -ffunction-sections -Wall -fstack-usage -MMD -MP -MF"Application/User/main.d" -MT"Application/User/main.o" --specs=nano.specs -mfpu=fpv4-sp-d16 -mfloat-abi=hard -mthumb -o "Application/User/main.o"
arm-none-eabi-gcc "C:/Users/tt/STM32Cube/Repository/STM32Cube_FW_F4_V1.27.1/Projects/STM32446E-Nucleo/Examples/UART/UART_ReceptionToIdle_CircularDMA/Src/stm32f4xx_hal_msp.c" -mcpu=cortex-m4 -std=gnu11 -g3 -DUSE_HAL_DRIVER -DSTM32F446xx -c -I../../../Inc -I../../../../../../../../Drivers/STM32F4xx_HAL_Driver/Inc -I../../../../../../../../Drivers/STM32F4xx_HAL_Driver/Inc/Legacy -I../../../../../../../../Drivers/CMSIS/Device/ST/STM32F4xx/Include -I../../../../../../../../Drivers/CMSIS/Include -I../../../../../../../../Drivers/BSP/STM32F4xx-Nucleo -Os -ffunction-sections -Wall -fstack-usage -MMD -MP -MF"Application/User/stm32f4xx_hal_msp.d" -MT"Application/User/stm32f4xx_hal_msp.o" --specs=nano.specs -mfpu=fpv4-sp-d16 -mfloat-abi=hard -mthumb -o "Application/User/stm32f4xx_hal_msp.o"
arm-none-eabi-gcc "C:/Users/tt/STM32Cube/Repository/STM32Cube_FW_F4_V1.27.1/Projects/STM32446E-Nucleo/Examples/UART/UART_ReceptionToIdle_CircularDMA/Src/stm32f4xx_it.c" -mcpu=cortex-m4 -std=gnu11 -g3 -DUSE_HAL_DRIVER -DSTM32F446xx -c -I../../../Inc -I../../../../../../../../Drivers/STM32F4xx_HAL_Driver/Inc -I../../../../../../../../Drivers/STM32F4xx_HAL_Driver/Inc/Legacy -I../../../../../../../../Drivers/CMSIS/Device/ST/STM32F4xx/Include -I../../../../../../../../Drivers/CMSIS/Include -I../../../../../../../../Drivers/BSP/STM32F4xx-Nucleo -Os -ffunction-sections -Wall -fstack-usage -MMD -MP -MF"Application/User/stm32f4xx_it.d" -MT"Application/User/stm32f4xx_it.o" --specs=nano.specs -mfpu=fpv4-sp-d16 -mfloat-abi=hard -mthumb -o "Application/User/stm32f4xx_it.o"
arm-none-eabi-gcc -mcpu=cortex-m4 -g3 -c -x assembler-with-cpp -MMD -MP -MF"Application/SW4STM32/startup_stm32f446xx.d" -MT"Application/SW4STM32/startup_stm32f446xx.o" --specs=nano.specs -mfpu=fpv4-sp-d16 -mfloat-abi=hard -mthumb -o "Application/SW4STM32/startup_stm32f446xx.o" "C:/Users/tt/STM32Cube/Repository/STM32Cube_FW_F4_V1.27.1/Projects/STM32446E-Nucleo/Examples/UART/UART_ReceptionToIdle_CircularDMA/SW4STM32/startup_stm32f446xx.s"
arm-none-eabi-gcc "C:/Users/tt/STM32Cube/Repository/STM32Cube_FW_F4_V1.27.1/Projects/STM32446E-Nucleo/Examples/UART/UART_ReceptionToIdle_CircularDMA/SW4STM32/syscalls.c" -mcpu=cortex-m4 -std=gnu11 -g3 -DUSE_HAL_DRIVER -DSTM32F446xx -c -I../../../Inc -I../../../../../../../../Drivers/STM32F4xx_HAL_Driver/Inc -I../../../../../../../../Drivers/STM32F4xx_HAL_Driver/Inc/Legacy -I../../../../../../../../Drivers/CMSIS/Device/ST/STM32F4xx/Include -I../../../../../../../../Drivers/CMSIS/Include -I../../../../../../../../Drivers/BSP/STM32F4xx-Nucleo -Os -ffunction-sections -Wall -fstack-usage -MMD -MP -MF"Application/SW4STM32/syscalls.d" -MT"Application/SW4STM32/syscalls.o" --specs=nano.specs -mfpu=fpv4-sp-d16 -mfloat-abi=hard -mthumb -o "Application/SW4STM32/syscalls.o"
arm-none-eabi-gcc -o "UART_ReceptionToIdle_CircularDMA.elf" @"objects.list"   -mcpu=cortex-m4 -T"../STM32F446RETx_FLASH.ld" --specs=nosys.specs -Wl,-Map="UART_ReceptionToIdle_CircularDMA.map" -Wl,--gc-sections -static --specs=nano.specs -mfpu=fpv4-sp-d16 -mfloat-abi=hard -mthumb -Wl,--start-group -lc -lm -Wl,--end-group
Finished building target: UART_ReceptionToIdle_CircularDMA.elf
 
arm-none-eabi-size   UART_ReceptionToIdle_CircularDMA.elf 
arm-none-eabi-objdump -h -S  UART_ReceptionToIdle_CircularDMA.elf  > "UART_ReceptionToIdle_CircularDMA.list"
arm-none-eabi-objcopy  -O ihex  UART_ReceptionToIdle_CircularDMA.elf  "UART_ReceptionToIdle_CircularDMA.hex"
   text	   data	    bss	    dec	    hex	filename
   7816	     92	   1812	   9720	   25f8	UART_ReceptionToIdle_CircularDMA.elf
Finished building: default.size.stdout
 
Finished building: UART_ReceptionToIdle_CircularDMA.hex
 
Finished building: UART_ReceptionToIdle_CircularDMA.list
 

11:29:58 Build Finished. 0 errors, 0 warnings. (took 1s.593ms)

